[ctx] 1293 vetted listings
[ctx]   loaded 800/2596 (8s)
[ctx]   loaded 1600/2596 (16s)
[ctx]   loaded 2400/2596 (23s)
[ctx] wide panel (5276, 2596) (38s)
[ctx] 786 tradeable young-listing symbols
/home/arun/quantifyd/research/153_ipo_base/scripts/ipo_replay.py:147: RuntimeWarning: All-NaN slice encountered
  np.nanmax(np.stack([hi - lo_, np.abs(hi - pc), np.abs(lo_ - pc)]), axis=0),
[ctx] ready (45s)
[20:14:08] OA navs 2006-01-02->2026-09-04 (5128, 30); TN navs 2006-04-03->2026-09-04 (5067, 12)
[20:14:08] resume: 71 cells already in paths.csv
[20:14:08] PHASE 3b — gated arm without the throttling reserve
[20:14:08] gate N=25: pool empty on 19.0% of days (0s)
[20:14:14]   cell P3b_E25_OA_r0_daily done
[20:14:20]   cell P3b_E25_OA_r0_monthly done
[20:14:25]   cell P3b_E25_OA_r1_daily done
[20:14:30]   cell P3b_E25_OA_r1_monthly done
[20:14:36]   cell P3b_E25_TN_r0_daily done
[20:14:41]   cell P3b_E25_TN_r0_monthly done
[20:14:46]   cell P3b_E25_TN_r1_daily done
[20:14:51]   cell P3b_E25_TN_r1_monthly done
[20:14:56]   cell P3b_E25_MIX_r0_daily done
[20:15:03]   cell P3b_E25_MIX_r0_monthly done
[20:15:08]   cell P3b_E25_MIX_r1_daily done
[20:15:15]   cell P3b_E25_MIX_r1_monthly done
[20:15:21]   cell P3b_E25_NB_r0_daily done
[20:15:26]   cell P3b_E25_NB_r0_monthly done
[20:15:32]   cell P3b_E25_NB_r1_daily done
[20:15:37]   cell P3b_E25_NB_r1_monthly done
[20:15:43]   cell P3b_E25_OA_r0_monthly_s1_full done
[20:15:49]   cell P3b_E25_OA_r0_monthly_s0_full done
[20:15:55]   cell P3b_E25_OA_r0_monthly_s1_txn done
[20:16:01]   cell P3b_E25_OA_r0_monthly_s0_txn done
[20:16:07]   cell P3b_E25_OA_r0_monthly_frictionless done
[20:16:07] SWEEP DONE
