[15:52:59] OA: 2006-01 -> 2026-09 n_months=249 cols=30
[15:52:59] TN: 2006-04 -> 2026-09 n_months=246 cols=12
[15:52:59] VCP: 2006-01 -> 2026-09 n_months=249 cols=30
[15:52:59] MYB: 2010-01 -> 2026-09 n_months=201 cols=30
[15:52:59] IPO: 2006-01 -> 2026-09 n_months=249 cols=30
[15:52:59] GOLD: 2005-01 -> 2026-09 n_months=261 cols=1
[15:52:59] P1 A OA~TN: daily 0.357 [0.314..0.391]  monthly 0.432 [0.348..0.543] 
[15:52:59] P1 A OA~VCP: daily 0.738 [0.704..0.771]  monthly 0.750 [0.691..0.800] 
[15:52:59] P1 A OA~MYB: daily 0.412 [0.389..0.441]  monthly 0.502 [0.450..0.570] 
[15:52:59] P1 A OA~IPO: daily 0.226 [0.202..0.259]  monthly 0.353 [0.299..0.451] 
[15:52:59] P1 A OA~GOLD: daily 0.076 [0.046..0.098]  monthly -0.080 [-0.122..-0.044] daily gold = GOLDBEES real 2015+ only
[15:52:59] P1 A TN~VCP: daily 0.434 [0.387..0.458]  monthly 0.466 [0.371..0.594] 
[15:53:00] P1 A TN~MYB: daily 0.371 [0.355..0.386]  monthly 0.409 [0.333..0.479] 
[15:53:00] P1 A TN~IPO: daily 0.210 [0.189..0.235]  monthly 0.271 [0.201..0.351] 
[15:53:00] P1 A TN~GOLD: daily -0.037 [-0.050..-0.029]  monthly -0.126 [-0.182..-0.067] daily gold = GOLDBEES real 2015+ only
[15:53:00] P1 A VCP~MYB: daily 0.583 [0.553..0.603]  monthly 0.612 [0.548..0.693] 
[15:53:00] P1 A VCP~IPO: daily 0.289 [0.263..0.323]  monthly 0.377 [0.287..0.469] 
[15:53:00] P1 A VCP~GOLD: daily 0.041 [-0.006..0.075]  monthly -0.096 [-0.167..-0.074] daily gold = GOLDBEES real 2015+ only
[15:53:00] P1 A MYB~IPO: daily 0.290 [0.270..0.304]  monthly 0.408 [0.349..0.474] 
[15:53:00] P1 A MYB~GOLD: daily -0.027 [-0.029..-0.024]  monthly -0.067 [-0.086..-0.053] daily gold = GOLDBEES real 2015+ only
[15:53:00] P1 A IPO~GOLD: daily -0.003 [-0.013..0.013]  monthly -0.067 [-0.096..-0.033] daily gold = GOLDBEES real 2015+ only
[15:53:00] P1 B OA~TN: daily 0.421 [0.382..0.450]  monthly 0.512 [0.439..0.609] 
[15:53:00] P1 B OA~VCP: daily 0.749 [0.719..0.776]  monthly 0.767 [0.727..0.806] 
[15:53:00] P1 B OA~IPO: daily 0.211 [0.190..0.238]  monthly 0.344 [0.299..0.423] 
[15:53:00] P1 B OA~GOLD: daily 0.076 [0.046..0.098]  monthly -0.049 [-0.078..-0.022] daily gold = GOLDBEES real 2015+ only
[15:53:00] P1 B TN~VCP: daily 0.473 [0.436..0.495]  monthly 0.525 [0.422..0.623] 
[15:53:00] P1 B TN~IPO: daily 0.220 [0.200..0.234]  monthly 0.268 [0.193..0.344] 
[15:53:00] P1 B TN~GOLD: daily -0.037 [-0.050..-0.029]  monthly -0.071 [-0.125..-0.007] daily gold = GOLDBEES real 2015+ only
[15:53:00] P1 B VCP~IPO: daily 0.269 [0.251..0.299]  monthly 0.395 [0.330..0.464] 
[15:53:00] P1 B VCP~GOLD: daily 0.041 [-0.006..0.075]  monthly -0.075 [-0.130..-0.056] daily gold = GOLDBEES real 2015+ only
[15:53:00] P1 B IPO~GOLD: daily -0.003 [-0.013..0.013]  monthly -0.053 [-0.075..-0.023] daily gold = GOLDBEES real 2015+ only
[15:53:00] P1 C OA~TN: daily 0.356 [0.297..0.394]  monthly 0.407 [0.306..0.532] 
[15:53:00] P1 C OA~VCP: daily 0.728 [0.684..0.768]  monthly 0.741 [0.668..0.808] 
[15:53:00] P1 C OA~MYB: daily 0.423 [0.398..0.457]  monthly 0.513 [0.455..0.585] 
[15:53:00] P1 C OA~IPO: daily 0.248 [0.219..0.284]  monthly 0.370 [0.310..0.478] 
[15:53:00] P1 C OA~GOLD: daily 0.076 [0.046..0.098]  monthly -0.089 [-0.147..-0.040] 
[15:53:00] P1 C TN~VCP: daily 0.436 [0.380..0.462]  monthly 0.443 [0.320..0.598] 
[15:53:00] P1 C TN~MYB: daily 0.379 [0.362..0.395]  monthly 0.439 [0.342..0.513] 
[15:53:00] P1 C TN~IPO: daily 0.236 [0.208..0.263]  monthly 0.337 [0.252..0.427] 
[15:53:00] P1 C TN~GOLD: daily -0.037 [-0.050..-0.029]  monthly -0.169 [-0.220..-0.122] 
[15:53:00] P1 C VCP~MYB: daily 0.613 [0.578..0.637]  monthly 0.645 [0.565..0.737] 
[15:53:00] P1 C VCP~IPO: daily 0.323 [0.288..0.360]  monthly 0.408 [0.301..0.517] 
[15:53:00] P1 C VCP~GOLD: daily 0.041 [-0.006..0.075]  monthly -0.098 [-0.183..-0.067] 
[15:53:00] P1 C MYB~IPO: daily 0.305 [0.284..0.319]  monthly 0.405 [0.339..0.474] 
[15:53:00] P1 C MYB~GOLD: daily -0.027 [-0.029..-0.024]  monthly -0.083 [-0.109..-0.062] 
[15:53:00] P1 C IPO~GOLD: daily -0.003 [-0.013..0.013]  monthly -0.135 [-0.176..-0.087] 
[15:53:00] P1 written
[15:53:00] --- panel A: 2010-01 -> 2026-08 (16.6y, 200 months). baseline TN+OA 50-50: CAGR 26.63 [23.12..29.91] DD -15.69 [worst -20.26] Calmar 1.685
[15:53:01] panel A done: 58 EW rows, 257 weighted rows
[15:53:01] --- panel B: 2006-04 -> 2026-08 (20.3y, 245 months). baseline TN+OA 50-50: CAGR 27.74 [24.51..30.80] DD -17.01 [worst -20.26] Calmar 1.678
[15:53:01] panel B done: 27 EW rows, 132 weighted rows
[15:53:01] --- panel C: 2015-01 -> 2026-08 (11.6y, 140 months). baseline TN+OA 50-50: CAGR 30.54 [25.54..33.91] DD -15.69 [worst -20.26] Calmar 1.925
[15:53:02] panel C done: 58 EW rows, 257 weighted rows
[15:53:02] P2/P3 written: 143 EW cells, 646 weighted cells, 789 total (x360 paths each)
[15:53:02] P1-P3 DONE
