
======================================================================================================================
OA_TN_IPO_GOLD: 1767 weight vectors x 3 panels x 360 paired paths = 5301 cells
======================================================================================================================
/home/arun/quantifyd/research/154_multi_system_blends/scripts/blend_matrix.py:106: RuntimeWarning: divide by zero encountered in divide
  calmar = np.where(dd < 0, cagr / np.abs(dd), np.nan)
ADMITTED: 197 of 1767 weight vectors clear the pre-registered bar on ALL 3 panels
                           weights  A_cagr  A_dcagr   A_dd  A_calmar  A_winb  A_winc  A_winm  B_cagr  B_dcagr   B_dd  B_calmar  B_winb  B_winc  B_winm  C_cagr  C_dcagr   C_dd  C_calmar  C_winb  C_winc  C_winm
        GOLD:0.30|IPO:0.50|OA:0.20   26.85     0.18  -8.48     3.158     360     360     324   27.89     0.15  -8.48     3.266     360     360     360   33.72     3.00  -8.48     3.956     360     360     360
        GOLD:0.30|IPO:0.45|OA:0.25   27.09     0.39  -8.84     3.054     360     360     324   28.15     0.39  -8.84     3.169     360     360     360   33.74     3.06  -8.84     3.792     360     360     360
        GOLD:0.30|IPO:0.40|OA:0.30   27.24     0.55  -9.33     2.908     360     360     336   28.39     0.55  -9.33     3.040     360     360     360   33.68     3.09  -9.33     3.571     360     360     360
GOLD:0.30|IPO:0.30|OA:0.35|TN:0.05   26.87     0.13  -9.27     2.861     360     360     333   27.89     0.11  -9.27     2.978     360     360     360   32.58     2.05  -9.27     3.456     360     360     360
GOLD:0.30|IPO:0.25|OA:0.40|TN:0.05   27.02     0.29  -9.84     2.753     360     360     314   28.02     0.22  -9.84     2.847     360     360     360   32.47     2.11  -9.84     3.303     360     360     360
        GOLD:0.30|IPO:0.35|OA:0.35   27.46     0.70  -9.90     2.752     360     360     324   28.55     0.69  -9.90     2.873     360     360     360   33.59     3.11  -9.90     3.359     360     360     360
        GOLD:0.35|IPO:0.20|OA:0.45   26.91     0.13  -9.94     2.732     360     360     360   27.80    -0.04  -9.94     2.816     360     360     360   32.10     1.80  -9.94     3.263     360     360     360
GOLD:0.30|IPO:0.20|OA:0.45|TN:0.05   27.15     0.43 -10.40     2.636     360     360     302   28.14     0.32 -10.40     2.723     360     360     360   32.38     2.07 -10.40     3.138     360     360     360
        GOLD:0.30|IPO:0.30|OA:0.40   27.73     0.87 -10.49     2.624     360     360     324   28.71     0.80 -10.49     2.726     360     360     360   33.59     3.11 -10.49     3.177     360     360     360
        GOLD:0.35|IPO:0.15|OA:0.50   26.97     0.30 -10.53     2.608     360     360     360   27.86     0.04 -10.53     2.683     360     360     360   31.90     1.74 -10.53     3.099     360     360     360
        GOLD:0.30|IPO:0.25|OA:0.45   27.84     1.01 -11.07     2.519     360     360     312   28.77     0.92 -11.07     2.607     360     360     360   33.49     3.09 -11.07     3.029     360     360     360
GOLD:0.30|IPO:0.15|OA:0.50|TN:0.05   27.26     0.60 -10.99     2.517     360     360     318   28.23     0.38 -10.99     2.594     360     360     360   32.19     2.03 -10.99     2.982     360     360     360
GOLD:0.15|IPO:0.20|OA:0.40|TN:0.25   27.10     0.51 -10.77     2.506     360     360     313   28.21     0.54 -10.77     2.612     360     360     358   32.10     1.78 -10.77     2.966     360     360     357
GOLD:0.20|IPO:0.15|OA:0.45|TN:0.20   27.03     0.38 -10.78     2.489     360     360     311   28.08     0.33 -10.78     2.590     360     360     360   31.73     1.52 -10.78     2.927     360     360     360
GOLD:0.25|IPO:0.10|OA:0.50|TN:0.15   26.90     0.26 -10.86     2.453     360     360     312   27.90     0.08 -10.86     2.526     360     360     360   31.37     1.22 -10.86     2.865     360     360     360
GOLD:0.25|IPO:0.25|OA:0.45|TN:0.05   28.03     1.32 -11.53     2.440     360     360     307   29.09     1.25 -11.53     2.528     360     360     360   33.73     3.34 -11.53     2.926     360     360     360
GOLD:0.15|IPO:0.25|OA:0.40|TN:0.20   27.71     1.12 -11.35     2.437     360     360     292   28.85     1.17 -11.35     2.544     360     360     360   33.14     2.82 -11.35     2.919     360     360     359
        GOLD:0.25|IPO:0.35|OA:0.40   28.54     1.77 -11.61     2.433     360     360     288   29.66     1.72 -11.61     2.541     360     360     360   34.87     4.42 -11.61     2.968     360     360     360
        GOLD:0.35|IPO:0.10|OA:0.55   27.05     0.37 -11.11     2.485     360     360     360   27.94     0.17 -11.42     2.429     360     360     360   31.69     1.61 -11.11     2.937     360     360     360
        GOLD:0.30|IPO:0.20|OA:0.50   27.91     1.18 -11.65     2.423     359     360     336   28.83     1.01 -11.65     2.499     360     360     360   33.31     3.06 -11.65     2.893     360     360     360
GOLD:0.25|IPO:0.15|OA:0.50|TN:0.10   27.54     0.88 -11.46     2.421     360     360     329   28.52     0.73 -11.46     2.504     360     360     360   32.46     2.30 -11.46     2.857     360     360     360
GOLD:0.20|IPO:0.20|OA:0.45|TN:0.15   27.62     1.01 -11.41     2.420     360     360     316   28.70     0.95 -11.41     2.522     360     360     360   32.79     2.56 -11.41     2.872     360     360     360
GOLD:0.30|IPO:0.10|OA:0.55|TN:0.05   27.35     0.68 -11.60     2.397     359     360     346   28.29     0.51 -11.60     2.454     360     360     360   32.05     1.89 -11.60     2.827     360     360     360
GOLD:0.15|IPO:0.15|OA:0.45|TN:0.25   27.26     0.62 -11.37     2.382     360     360     337   28.31     0.62 -11.37     2.474     360     360     360   32.01     1.74 -11.37     2.802     360     360     360
GOLD:0.10|IPO:0.20|OA:0.40|TN:0.30   27.29     0.74 -11.47     2.380     360     360     321   28.44     0.80 -11.48     2.476     360     360     356   32.38     2.00 -11.47     2.817     360     360     349
        GOLD:0.20|IPO:0.45|OA:0.35   29.10     2.44 -12.16     2.378     358     360     300   30.37     2.51 -12.16     2.490     360     360     360   36.24     5.69 -12.16     2.946     360     360     360
GOLD:0.15|IPO:0.30|OA:0.40|TN:0.15   28.31     1.73 -11.89     2.371     360     360     318   29.49     1.78 -11.89     2.468     360     360     360   34.17     3.89 -11.89     2.857     360     360     360
GOLD:0.20|IPO:0.25|OA:0.45|TN:0.10   28.23     1.60 -11.99     2.367     359     360     342   29.31     1.57 -11.99     2.453     360     360     360   33.89     3.63 -11.99     2.846     360     360     360
GOLD:0.20|IPO:0.35|OA:0.40|TN:0.05   28.75     2.07 -12.07     2.360     358     360     320   29.87     2.07 -12.07     2.470     360     360     360   35.14     4.71 -12.07     2.871     360     360     360
GOLD:0.10|IPO:0.15|OA:0.40|TN:0.35   26.68     0.12 -11.29     2.359     360     360     329   27.81     0.15 -11.35     2.470     360     360     358   31.35     0.93 -11.29     2.767     360     360     344

======================================================================================================================
plusMYB: 996 weight vectors x 2 panels x 360 paired paths = 1992 cells
======================================================================================================================
/home/arun/quantifyd/research/154_multi_system_blends/scripts/blend_matrix.py:106: RuntimeWarning: divide by zero encountered in divide
  calmar = np.where(dd < 0, cagr / np.abs(dd), np.nan)
ADMITTED: 89 of 996 weight vectors clear the pre-registered bar on ALL 2 panels
                                    weights  A_cagr  A_dcagr   A_dd  A_calmar  A_winb  A_winc  A_winm  C_cagr  C_dcagr   C_dd  C_calmar  C_winb  C_winc  C_winm
                 GOLD:0.30|IPO:0.50|OA:0.20   26.85     0.18  -8.48     3.158     360     360     324   33.72     3.00  -8.48     3.956     360     360     360
        GOLD:0.30|IPO:0.30|MYB:0.10|OA:0.30   26.66    -0.12  -8.50     3.110     360     360     348   33.03     2.43  -8.50     3.859     360     360     360
        GOLD:0.20|IPO:0.30|MYB:0.30|OA:0.20   26.63    -0.03  -8.78     3.027     360     360     336   34.18     3.50  -8.78     3.863     360     360     348
                 GOLD:0.30|IPO:0.40|OA:0.30   27.24     0.55  -9.33     2.908     360     360     336   33.68     3.09  -9.33     3.571     360     360     360
        GOLD:0.30|IPO:0.20|MYB:0.10|OA:0.40   26.94     0.17  -9.59     2.828     360     360     360   32.75     2.50  -9.59     3.460     360     360     360
        GOLD:0.20|IPO:0.20|MYB:0.30|OA:0.30   26.88     0.24  -9.49     2.827     360     360     324   34.01     3.45  -9.49     3.582     360     360     360
                 GOLD:0.30|IPO:0.30|OA:0.40   27.73     0.87 -10.49     2.624     360     360     324   33.59     3.11 -10.49     3.177     360     360     360
        GOLD:0.20|IPO:0.10|MYB:0.30|OA:0.40   27.09     0.55 -10.46     2.605     359     360     324   33.66     3.45 -10.46     3.239     360     360     360
         GOLD:0.30|IPO:0.10|OA:0.50|TN:0.10   26.65    -0.02 -10.36     2.582     360     360     299   31.11     0.95 -10.36     3.005     360     360     360
        GOLD:0.20|IPO:0.20|MYB:0.20|OA:0.40   27.91     1.26 -10.93     2.574     360     360     300   34.58     4.31 -10.93     3.202     360     360     348
        GOLD:0.30|IPO:0.10|MYB:0.10|OA:0.50   27.05     0.48 -10.75     2.564     360     360     324   32.35     2.31 -10.75     3.072     360     360     360
GOLD:0.10|IPO:0.10|MYB:0.10|OA:0.40|TN:0.30   26.65     0.03 -10.90     2.457     360     360     319   31.62     1.22 -10.90     2.908     360     360     340
         GOLD:0.20|MYB:0.20|OA:0.50|TN:0.10   26.92     0.28 -11.00     2.426     360     360     360   32.12     2.01 -11.00     2.890     360     360     360
                 GOLD:0.30|IPO:0.20|OA:0.50   27.91     1.18 -11.65     2.423     359     360     336   33.31     3.06 -11.65     2.893     360     360     360
         GOLD:0.10|MYB:0.40|OA:0.40|TN:0.10   26.86     0.30 -11.28     2.401     358     360     360   33.32     3.03 -11.28     2.970     359     360     360
        GOLD:0.10|IPO:0.10|MYB:0.50|OA:0.30   27.07     0.49 -11.28     2.384     352     360     336   34.84     4.42 -11.28     3.070     359     360     360
        GOLD:0.10|IPO:0.10|MYB:0.40|OA:0.40   28.05     1.48 -11.83     2.383     355     360     300   35.49     5.21 -11.83     3.003     360     360     336
GOLD:0.20|IPO:0.10|MYB:0.10|OA:0.50|TN:0.10   27.66     1.02 -11.67     2.380     359     360     341   32.95     2.80 -11.67     2.838     360     360     360
         GOLD:0.10|IPO:0.20|OA:0.40|TN:0.30   27.29     0.74 -11.47     2.380     360     360     321   32.38     2.00 -11.47     2.817     360     360     349
        GOLD:0.20|IPO:0.10|MYB:0.20|OA:0.50   28.05     1.51 -12.07     2.360     357     360     336   34.16     4.16 -12.07     2.898     360     360     360
        GOLD:0.10|IPO:0.20|MYB:0.30|OA:0.40   28.85     2.20 -12.30     2.351     357     360     300   36.40     6.03 -12.30     2.930     360     360     360
                 GOLD:0.20|MYB:0.30|OA:0.50   27.30     0.75 -11.57     2.346     355     360     360   33.43     3.26 -11.57     2.847     359     360     360
         GOLD:0.20|IPO:0.10|OA:0.50|TN:0.20   27.16     0.51 -11.51     2.338     360     360     340   31.64     1.46 -11.51     2.724     360     360     360
                 GOLD:0.30|MYB:0.10|OA:0.60   27.27     0.67 -11.99     2.284     353     360     360   32.08     2.09 -11.99     2.680     358     360     360
         GOLD:0.10|IPO:0.30|OA:0.40|TN:0.20   28.54     1.95 -12.53     2.284     358     360     317   34.41     4.14 -12.53     2.752     360     360     359
                 GOLD:0.20|IPO:0.40|OA:0.40   29.33     2.63 -12.73     2.282     354     360     336   36.15     5.72 -12.73     2.806     360     360     360
GOLD:0.10|IPO:0.30|MYB:0.10|OA:0.40|TN:0.10   29.09     2.47 -12.84     2.280     355     360     313   35.90     5.48 -12.84     2.801     360     360     360
                 GOLD:0.10|MYB:0.50|OA:0.40   27.28     0.73 -12.02     2.278     349     360     360   34.56     4.25 -12.02     2.901     359     360     360
         GOLD:0.20|IPO:0.20|OA:0.50|TN:0.10   28.37     1.73 -12.57     2.273     355     360     348   33.80     3.55 -12.57     2.713     358     360     360
        GOLD:0.20|IPO:0.20|MYB:0.10|OA:0.50   28.90     2.23 -12.98     2.262     351     360     348   35.15     4.91 -12.98     2.753     358     360     360

FRONTIER DONE
