======================================================================================================================
A. THE ACTIONABLE-TODAY SUBSET - weight vectors that use NO unproven sleeve
   (IPO has zero live or paper history; gold is a listed ETF we can buy tomorrow)
======================================================================================================================
14 of the 197 admitted vectors contain NO IPO:
                  weights  A_cagr  A_dcagr   A_dd  A_calmar  A_winb  A_winc  B_cagr  B_dcagr   B_dd  B_calmar  B_winb  B_winc  C_cagr  C_dcagr   C_dd  C_calmar  C_winb  C_winc
GOLD:0.25|OA:0.60|TN:0.15   27.10     0.45 -12.79     2.113     355     360   28.02     0.27 -13.31     2.095     360     360   31.16     1.00 -12.79     2.426     356     360
GOLD:0.30|OA:0.65|TN:0.05   27.48     0.88 -13.17     2.072     337     360   28.35     0.66 -13.79     2.045     360     360   31.63     1.66 -13.17     2.382     341     360
        GOLD:0.35|OA:0.65   27.14     0.60 -12.56     2.139     341     360   28.02     0.34 -13.87     2.018     360     360   31.36     1.39 -12.56     2.480     344     360
GOLD:0.20|OA:0.60|TN:0.20   27.30     0.70 -13.64     1.999     345     360   28.27     0.55 -13.86     2.033     360     360   31.39     1.22 -13.64     2.293     347     360
GOLD:0.25|OA:0.65|TN:0.10   27.76     1.16 -13.83     1.990     331     360   28.69     0.96 -13.97     2.034     359     360   31.99     1.92 -13.83     2.284     337     360
GOLD:0.15|OA:0.55|TN:0.30   26.83     0.20 -13.55     1.970     359     360   27.84     0.09 -13.78     2.004     360     360   30.69     0.48 -13.55     2.243     360     360
        GOLD:0.30|OA:0.70   28.11     1.59 -14.42     1.942     315     360   29.02     1.34 -14.44     2.000     357     360   32.53     2.56 -14.42     2.242     322     360
GOLD:0.20|OA:0.65|TN:0.15   28.06     1.43 -14.76     1.898     324     360   28.99     1.26 -14.88     1.961     358     360   32.32     2.13 -14.76     2.177     330     360
GOLD:0.15|OA:0.60|TN:0.25   27.56     0.94 -14.50     1.884     341     360   28.55     0.81 -14.59     1.934     360     360   31.59     1.43 -14.50     2.170     344     360
GOLD:0.25|OA:0.70|TN:0.05   28.44     1.88 -14.99     1.876     304     360   29.32     1.67 -14.99     1.948     355     360   32.78     2.80 -14.99     2.164     315     360
GOLD:0.10|OA:0.55|TN:0.35   27.00     0.40 -14.50     1.845     357     360   28.07     0.33 -14.70     1.898     360     360   30.93     0.66 -14.50     2.106     356     360
GOLD:0.15|OA:0.65|TN:0.20   28.24     1.66 -15.64     1.807     292     360   29.22     1.54 -15.70     1.865     357     360   32.51     2.33 -15.64     2.084     318     360
GOLD:0.10|OA:0.60|TN:0.30   27.78     1.15 -15.51     1.785     321     360   28.77     1.07 -15.55     1.837     357     360   31.82     1.59 -15.51     2.043     334     360
GOLD:0.05|OA:0.55|TN:0.40   27.20     0.59 -15.51     1.741     335     360   28.28     0.55 -15.72     1.795     358     360   31.21     0.82 -15.51     1.990     347     360

======================================================================================================================
B. DAILY-MARKED ROBUSTNESS - the same books re-marked every day instead of at month end.
   Month-end marking (the convention of r/146-153, kept above for comparability) understates
   drawdown because it cannot see an intra-month trough. Gold before 2015 is the daily
   reconstruction, whose DAILY correlation to real GOLDBEES is only 0.39 (COMEX-close vs
   NSE-close timing), so the 2015+ panel is the trustworthy one and is marked *.
======================================================================================================================
    B TN+OA 50-50 (deployed)     CAGR  26.52  DAILY MaxDD  -17.15 (worst  -19.96)  Calmar 1.536   [120 paths]
    B OA45 TN35 IPO10 GOLD10     CAGR  26.97  DAILY MaxDD  -13.78 (worst  -16.72)  Calmar 1.994   [120 paths]
    B OA40 TN25 IPO20 GOLD15     CAGR  27.56  DAILY MaxDD  -12.90 (worst  -15.04)  Calmar 2.188   [120 paths]
    B OA+IPO+GOLD 33/33/33       CAGR  27.56  DAILY MaxDD  -11.79 (worst  -12.16)  Calmar 2.318   [120 paths]
   C* TN+OA 50-50 (deployed)     CAGR  30.00  DAILY MaxDD  -16.84 (worst  -19.96)  Calmar 1.797   [120 paths]
   C* OA45 TN35 IPO10 GOLD10     CAGR  30.75  DAILY MaxDD  -12.57 (worst  -14.73)  Calmar 2.417   [120 paths]
   C* OA40 TN25 IPO20 GOLD15     CAGR  31.70  DAILY MaxDD  -10.98 (worst  -12.94)  Calmar 2.862   [120 paths]
   C* OA+IPO+GOLD 33/33/33       CAGR  32.07  DAILY MaxDD  -10.50 (worst  -11.64)  Calmar 3.073   [120 paths]

======================================================================================================================
C. YoY HOUSE-FORMAT TABLE - panel B (2006-04 -> 2026-08 (5 sleeves, contains 2008)), after tax, net of 25 bps,
   median across 360 paired paths (30 OA seeds x 12 TN offsets).
======================================================================================================================
Year      TN+OA 50-50 (deployed)    OA45 TN35 IPO10 GOLD10    OA40 TN25 IPO20 GOLD15      OA+IPO+GOLD 33/33/33      NIFTY 50 (NIFTYBEES)                 BEST CAGR                  LEAST DD              BEST OVERALL
2006            +15.0 (  -4.8)           +17.6 (  -3.8)           +20.4 (  -3.8)           +23.6 (  -3.2)           +15.9 ( -11.8)       OA+IPO+GOLD 33/33/33      OA+IPO+GOLD 33/33/33      OA+IPO+GOLD 33/33/33
2007            +97.4 (  -5.9)           +91.7 (  -4.8)           +88.7 (  -3.9)           +77.7 (  -1.8)           +53.0 (  -7.8)     TN+OA 50-50 (deployed)      OA+IPO+GOLD 33/33/33    TN+OA 50-50 (deployed)
2008            -13.9 ( -15.9)            -8.3 ( -11.0)            -4.5 (  -8.3)            +5.6 (  -4.1)           -52.1 ( -55.2)       OA+IPO+GOLD 33/33/33      OA+IPO+GOLD 33/33/33      OA+IPO+GOLD 33/33/33
2009            +62.5 ( -14.3)           +51.0 (  -7.9)           +42.5 (  -3.6)           +26.1 (  -4.1)           +75.6 ( -54.9)     TN+OA 50-50 (deployed)    OA40 TN25 IPO20 GOLD15    TN+OA 50-50 (deployed)
2010            +10.5 ( -15.0)           +15.1 ( -10.5)           +18.6 (  -7.9)           +25.3 (  -5.7)           +18.6 ( -20.6)       OA+IPO+GOLD 33/33/33      OA+IPO+GOLD 33/33/33      OA+IPO+GOLD 33/33/33
2011             -6.9 (  -9.0)            -1.3 (  -7.2)            +2.3 (  -6.1)           +12.3 (  -4.4)           -24.0 ( -24.3)       OA+IPO+GOLD 33/33/33      OA+IPO+GOLD 33/33/33      OA+IPO+GOLD 33/33/33
2012            +14.9 (  -7.8)           +13.2 (  -3.2)           +11.9 (  -2.5)            +8.9 (  -1.2)           +26.5 ( -19.7)     TN+OA 50-50 (deployed)      OA+IPO+GOLD 33/33/33    OA45 TN35 IPO10 GOLD10
2013             +9.0 (  -4.3)            +6.2 (  -4.4)            +4.9 (  -4.0)            -0.0 (  -6.0)            +7.2 ( -11.3)     TN+OA 50-50 (deployed)    OA40 TN25 IPO20 GOLD15    TN+OA 50-50 (deployed)
2014            +66.4 (  -4.5)           +53.0 (  -3.7)           +43.4 (  -2.9)           +24.9 (  -3.4)           +31.6 (  -3.5)     TN+OA 50-50 (deployed)    OA40 TN25 IPO20 GOLD15    TN+OA 50-50 (deployed)
2015             +2.4 (  -9.2)            +3.6 (  -7.2)            +4.6 (  -5.8)            +5.7 (  -4.1)            -4.3 ( -10.4)       OA+IPO+GOLD 33/33/33      OA+IPO+GOLD 33/33/33      OA+IPO+GOLD 33/33/33
2016            +21.6 (  -6.8)           +22.5 (  -5.0)           +24.2 (  -4.1)           +25.3 (  -3.0)            +4.0 ( -20.8)       OA+IPO+GOLD 33/33/33      OA+IPO+GOLD 33/33/33      OA+IPO+GOLD 33/33/33
2017            +67.9 (  -1.9)           +63.1 (  -1.2)           +60.0 (  -0.3)           +51.8 (  +0.0)           +29.9 (  -2.7)     TN+OA 50-50 (deployed)      OA+IPO+GOLD 33/33/33    TN+OA 50-50 (deployed)
2018            -12.9 ( -12.9)           -10.3 ( -10.7)            -8.1 ( -10.0)            -4.4 (  -8.3)            +4.8 ( -11.0)       OA+IPO+GOLD 33/33/33      OA+IPO+GOLD 33/33/33      OA+IPO+GOLD 33/33/33
2019             +4.1 ( -15.2)            +7.3 ( -11.8)            +9.5 (  -9.1)           +15.0 (  -4.4)           +13.6 (  -7.0)       OA+IPO+GOLD 33/33/33      OA+IPO+GOLD 33/33/33      OA+IPO+GOLD 33/33/33
2020            +84.4 (  -8.3)           +82.7 (  -1.2)           +81.9 (  -0.8)           +74.3 (  -0.5)           +15.4 ( -28.8)     TN+OA 50-50 (deployed)      OA+IPO+GOLD 33/33/33    OA45 TN35 IPO10 GOLD10
2021           +103.9 (  -2.0)           +87.3 (  -3.5)           +75.5 (  -4.9)           +53.3 (  -7.1)           +26.0 (  -3.9)     TN+OA 50-50 (deployed)    TN+OA 50-50 (deployed)    TN+OA 50-50 (deployed)
2022             +6.5 ( -11.7)            +7.3 (  -9.9)            +9.5 (  -8.7)           +10.9 (  -6.9)            +5.5 ( -10.2)       OA+IPO+GOLD 33/33/33      OA+IPO+GOLD 33/33/33      OA+IPO+GOLD 33/33/33
2023            +48.0 (  -9.0)           +48.1 (  -7.2)           +47.8 (  -6.1)           +45.2 (  -3.9)           +21.0 (  -7.3)     OA45 TN35 IPO10 GOLD10      OA+IPO+GOLD 33/33/33    OA40 TN25 IPO20 GOLD15
2024            +46.1 (  -8.0)           +48.9 (  -5.6)           +51.6 (  -4.2)           +52.9 (  -1.1)           +10.4 (  -8.3)       OA+IPO+GOLD 33/33/33      OA+IPO+GOLD 33/33/33      OA+IPO+GOLD 33/33/33
2025             +8.0 ( -12.2)           +13.0 ( -10.8)           +14.9 ( -10.4)           +26.7 (  -8.5)           +11.7 ( -13.8)       OA+IPO+GOLD 33/33/33      OA+IPO+GOLD 33/33/33      OA+IPO+GOLD 33/33/33
2026            +20.3 (  -5.3)           +25.3 (  -5.4)           +31.4 (  -4.5)           +44.2 (  -4.5)            -6.9 ( -14.5)       OA+IPO+GOLD 33/33/33    OA40 TN25 IPO20 GOLD15      OA+IPO+GOLD 33/33/33
FULL     +27.74/ -17.01/ 1.68    +27.90/ -12.34/ 2.28    +28.21/ -10.77/ 2.61    +27.89/  -8.99/ 3.10    +10.67/ -55.16/ 0.19 
      (cells = annual return with intra-year max drawdown from the running peak beneath; FULL row = CAGR / MaxDD / Calmar)

figure written: results/multi_system_blends_research154.png
REPORT DONE
