  2026-04-20 Mon books=COMB20,TIMEB2 peak=7182 base=3978 [0s]
  2026-04-27 Mon books=COMB20,TIMEB2 peak=6213 base=4364 [1s]
  2026-04-28 Tue books=COMB20,TB_NIFTY,TIMEB2 peak=19409 base=16855 [2s]
  2026-04-29 Wed books=SXWED,TB_SENSEX,TIMEB2 peak=812 base=-6031 [3s]
  2026-04-30 Thu books=COMB20,TB_SENSEX,TIMEB2 peak=6028 base=-38721 [4s]
  2026-05-04 Mon books=COMB20,TIMEB2 peak=9906 base=8405 [4s]
  2026-05-05 Tue books=COMB20,TB_NIFTY,TIMEB2 peak=42633 base=41711 [5s]
  2026-05-06 Wed books=SXWED,TB_SENSEX,TIMEB2 peak=14445 base=-63092 [6s]
  2026-05-07 Thu books=COMB20,TB_SENSEX,TIMEB2 peak=37667 base=22653 [7s]
  2026-05-08 Fri books=COMB20,TB_NIFTY,TIMEB2 peak=16158 base=14302 [9s]
  2026-05-11 Mon books=COMB20,TIMEB2 peak=12493 base=10919 [9s]
  2026-05-12 Tue books=COMB20,TB_NIFTY,TIMEB2 peak=17751 base=4575 [10s]
  2026-05-13 Wed books=SXWED,TB_SENSEX,TIMEB2 peak=20991 base=19659 [11s]
  2026-05-14 Thu books=COMB20,TB_SENSEX,TIMEB2 peak=54002 base=52686 [12s]
  2026-05-15 Fri books=COMB20,TB_NIFTY,TIMEB2 peak=10705 base=516 [13s]
  2026-05-18 Mon books=COMB20,TIMEB2 peak=6669 base=2652 [14s]
  2026-05-19 Tue books=COMB20,TB_NIFTY,TIMEB2 peak=8527 base=-8452 [15s]
  2026-05-20 Wed books=SXWED,TB_SENSEX,TIMEB2+SUITE peak=13103 base=1734 [16s]
  2026-05-21 Thu books=COMB20,TB_SENSEX,TIMEB2+SUITE peak=51248 base=48874 [17s]
  2026-05-22 Fri books=COMB20,TB_NIFTY,TIMEB2+SUITE peak=22314 base=14879 [18s]
  2026-05-25 Mon books=COMB20,TIMEB2+SUITE peak=29951 base=22085 [19s]
  2026-05-26 Tue books=COMB20,SXWED,TB_NIFTY,TB_SENSEX,TIMEB2+SUITE peak=32001 base=22835 [20s]
  2026-05-27 Wed books=TB_SENSEX,TIMEB2+SUITE peak=34147 base=33371 [22s]
  2026-05-29 Fri books=COMB20,TB_NIFTY,TIMEB2+SUITE peak=15521 base=7929 [23s]
  2026-06-01 Mon books=COMB20,TIMEB2+SUITE peak=6324 base=165 [24s]
  2026-06-02 Tue books=COMB20,TB_NIFTY,TIMEB2+SUITE peak=22740 base=10786 [26s]
  2026-06-03 Wed books=SXWED,TB_SENSEX,TIMEB2 peak=0 base=-37858 [27s]
  2026-06-04 Thu books=COMB20,TB_SENSEX,TIMEB2+SUITE peak=57095 base=49112 [29s]
  2026-06-05 Fri books=COMB20,TB_NIFTY,TIMEB2+SUITE peak=37336 base=34944 [30s]
  2026-06-08 Mon books=COMB20,TIMEB2+SUITE peak=14013 base=10722 [31s]
  2026-06-09 Tue books=COMB20,TB_NIFTY,TIMEB2+SUITE peak=24192 base=18067 [32s]
  2026-06-10 Wed books=SXWED,TB_SENSEX,TIMEB2+SUITE peak=6612 base=-13892 [33s]
  2026-06-11 Thu books=COMB20,TB_SENSEX,TIMEB2+SUITE peak=13721 base=-17095 [34s]
  2026-06-12 Fri books=COMB20,TB_NIFTY,TIMEB2+SUITE peak=21160 base=-54614 [35s]
  2026-06-15 Mon books=COMB20,TIMEB2 peak=10582 base=8646 [37s]
  2026-06-16 Tue books=COMB20,TB_NIFTY,TIMEB2+SUITE peak=26913 base=21136 [39s]
  2026-06-17 Wed books=SXWED,TB_SENSEX,TIMEB2 peak=14648 base=11479 [42s]
  2026-06-18 Thu books=COMB20,TB_SENSEX,TIMEB2 peak=39078 base=22855 [44s]
  2026-06-19 Fri books=COMB20,TB_NIFTY,TIMEB2+SUITE peak=31570 base=29645 [46s]
  2026-06-22 Mon books=COMB20,TIMEB2+SUITE peak=21599 base=19526 [49s]
  2026-06-23 Tue books=COMB20,TB_NIFTY,TIMEB2+SUITE peak=19977 base=17279 [51s]
  2026-06-24 Wed books=SXWED,TB_SENSEX,TIMEB2+SUITE peak=6621 base=-3464 [53s]
  2026-06-25 Thu books=COMB20,TB_SENSEX,TIMEB2+SUITE peak=21113 base=-28985 [55s]
  2026-06-29 Mon books=COMB20,TIMEB2+SUITE peak=2599 base=-3206 [58s]
  2026-06-30 Tue books=COMB20,TB_NIFTY,TIMEB2+SUITE peak=30647 base=28071 [60s]
  2026-07-01 Wed books=SXWED,TB_SENSEX,TIMEB2+SUITE peak=21444 base=19074 [62s]
  2026-07-02 Thu books=COMB20,TB_SENSEX,TIMEB2+SUITE peak=26597 base=21762 [66s]
  2026-07-03 Fri books=COMB20,TB_NIFTY,TIMEB2+SUITE peak=25369 base=23096 [70s]
  2026-07-06 Mon books=COMB20,TIMEB2+SUITE peak=14170 base=12098 [73s]
  2026-07-07 Tue books=COMB20,TB_NIFTY,TIMEB2+SUITE peak=44479 base=33347 [76s]
  2026-07-08 Wed books=SXWED,TB_SENSEX,TIMEB2+SUITE peak=21424 base=-72350 [77s]
  2026-07-09 Thu books=COMB20,TB_SENSEX,TIMEB2+SUITE peak=33863 base=7613 [79s]
  2026-07-10 Fri books=COMB20,TB_NIFTY,TIMEB2+SUITE peak=26877 base=24688 [82s]
  2026-07-13 Mon books=COMB20,TIMEB2+SUITE peak=6239 base=1858 [84s]
  2026-07-14 Tue books=COMB20,TB_NIFTY,TIMEB2+SUITE peak=35067 base=33061 [87s]
  2026-07-15 Wed books=SXWED,TB_SENSEX,TIMEB2+SUITE peak=16208 base=14640 [89s]
  2026-07-16 Thu books=COMB20,TB_SENSEX,TIMEB2+SUITE peak=33153 base=14100 [92s]
  2026-07-17 Fri books=COMB20,TB_NIFTY,TIMEB2+SUITE peak=201 base=-8097 [96s]
  2026-07-20 Mon books=COMB20,TIMEB2+SUITE peak=11888 base=9003 [98s]
  2026-07-21 Tue books=COMB20,TB_NIFTY,TIMEB2+SUITE peak=17332 base=14925 [101s]
  2026-07-22 Wed books=SXWED,TB_SENSEX,TIMEB2+SUITE peak=13637 base=10979 [104s]
  2026-07-23 Thu books=COMB20,TB_SENSEX,TIMEB2+SUITE peak=53992 base=52320 [106s]
  2026-07-24 Fri books=COMB20,TB_NIFTY,TIMEB2+SUITE peak=4855 base=2735 [108s]
  2026-07-27 Mon books=COMB20,TIMEB2+SUITE peak=25915 base=6998 [110s]
  2026-07-28 Tue books=COMB20,TB_NIFTY,TIMEB2+SUITE peak=26184 base=25335 [112s]
  2026-07-29 Wed books=SXWED,TB_SENSEX,TIMEB2+SUITE peak=11655 base=6491 [115s]
  2026-07-30 Thu books=COMB20,TB_SENSEX,TIMEB2+SUITE peak=26382 base=22203 [118s]
  2026-07-31 Fri books=COMB20,TB_NIFTY,TIMEB2+SUITE peak=9938 base=8260 [121s]
  2026-08-03 Mon books=COMB20,TIMEB2 peak=5876 base=4609 [125s]
  2026-08-04 Tue books=COMB20,TB_NIFTY,TIMEB2+SUITE peak=14449 base=-225 [127s]
  2026-08-05 Wed books=SXWED,TB_SENSEX,TIMEB2+SUITE peak=0 base=-27904 [133s]
  2026-08-06 Thu books=COMB20,TB_SENSEX,TIMEB2+SUITE peak=29804 base=28557 [136s]
  2026-08-07 Fri books=COMB20,TB_NIFTY,TIMEB2+SUITE peak=25141 base=23890 [141s]
  2026-08-10 Mon books=COMB20,TIMEB2+SUITE peak=31616 base=30606 [144s]
  2026-08-11 Tue books=COMB20,TB_NIFTY,TIMEB2+SUITE peak=48171 base=45542 [152s]
  2026-08-12 Wed books=SXWED,TB_SENSEX,TIMEB2+SUITE peak=12952 base=11931 [156s]
  2026-08-13 Thu books=COMB20,TB_SENSEX,TIMEB2+SUITE peak=33698 base=31519 [160s]
  2026-08-14 Fri books=COMB20,TB_NIFTY,TIMEB2+SUITE peak=20166 base=6277 [164s]
  2026-08-17 Mon books=COMB20,TIMEB2+SUITE peak=6760 base=-1667 [167s]
  2026-08-18 Tue books=COMB20,TB_NIFTY,TIMEB2+SUITE peak=16311 base=4394 [169s]
  2026-08-19 Wed books=SXWED,TB_SENSEX,TIMEB2+SUITE peak=17674 base=15388 [170s]
  2026-08-20 Thu books=COMB20,TB_SENSEX,TIMEB2+SUITE peak=14405 base=13348 [172s]
  2026-08-21 Fri books=COMB20,TB_NIFTY,TIMEB2+SUITE peak=9379 base=5946 [173s]
  2026-08-24 Mon books=COMB20,TIMEB2+SUITE peak=2846 base=-9239 [175s]
DONE 175s
