sleeves (LIVE money): TB_NIFTY[NIFTY] {0: ('09:30', '11:00', 0.25, 8), 2: ('10:00', '12:00', 0.2, 8)}; COMB20[NIFTY] {0: ('09:16', '15:20', 0.25, 2), 1: ('09:16', '15:20', 0.3, 2), 2: ('09:16', '15:20', 0.3, 2), 3: ('09:16', '15:20', 0.2, 5)}; TB_SENSEX[SENSEX] {0: ('13:00', '15:20', None, 8), 1: ('10:30', '12:00', 0.2, 8)}; SXWED[SENSEX] {1: ('09:16', '15:20', 0.3, 3)}
candidate days: 84  2026-04-20..2026-08-24 (excluded today=2026-08-25, frozen holidays)
  NIFTY 2026-04-20 SKIP thin(94)
  SENSEX 2026-04-20 SKIP thin(93)
  NIFTY 2026-04-27 Mon dte=1 exp=2026-04-28 sleeves=COMB20  [1s]
  SENSEX 2026-04-27 Mon dte=3 exp=2026-04-30 : no live sleeve
  NIFTY 2026-04-28 Tue dte=0 exp=2026-04-28 sleeves=TB_NIFTY,COMB20  [3s]
  SENSEX 2026-04-28 Tue dte=2 exp=2026-04-30 : no live sleeve
  NIFTY 2026-04-29 Wed dte=4 exp=2026-05-05 : no live sleeve
  SENSEX 2026-04-29 Wed dte=1 exp=2026-04-30 sleeves=TB_SENSEX,SXWED  [4s]
  NIFTY 2026-04-30 Thu dte=3 exp=2026-05-05 sleeves=COMB20  [5s]
  SENSEX 2026-04-30 Thu dte=0 exp=2026-04-30 sleeves=TB_SENSEX  [5s]
  NIFTY 2026-05-04 Mon dte=1 exp=2026-05-05 sleeves=COMB20  [6s]
  SENSEX 2026-05-04 Mon dte=3 exp=2026-05-07 : no live sleeve
  NIFTY 2026-05-05 Tue dte=0 exp=2026-05-05 sleeves=TB_NIFTY,COMB20  [7s]
  SENSEX 2026-05-05 Tue dte=2 exp=2026-05-07 : no live sleeve
  NIFTY 2026-05-06 Wed dte=4 exp=2026-05-12 : no live sleeve
  SENSEX 2026-05-06 Wed dte=1 exp=2026-05-07 sleeves=TB_SENSEX,SXWED  [9s]
  NIFTY 2026-05-07 Thu dte=3 exp=2026-05-12 sleeves=COMB20  [10s]
  SENSEX 2026-05-07 Thu dte=0 exp=2026-05-07 sleeves=TB_SENSEX  [11s]
  NIFTY 2026-05-08 Fri dte=2 exp=2026-05-12 sleeves=TB_NIFTY,COMB20  [13s]
  SENSEX 2026-05-08 Fri dte=4 exp=2026-05-14 : no live sleeve
  NIFTY 2026-05-11 Mon dte=1 exp=2026-05-12 sleeves=COMB20  [15s]
  SENSEX 2026-05-11 Mon dte=3 exp=2026-05-14 : no live sleeve
  NIFTY 2026-05-12 Tue dte=0 exp=2026-05-12 sleeves=TB_NIFTY,COMB20  [17s]
  SENSEX 2026-05-12 Tue dte=2 exp=2026-05-14 : no live sleeve
  NIFTY 2026-05-13 Wed dte=4 exp=2026-05-19 : no live sleeve
  SENSEX 2026-05-13 Wed dte=1 exp=2026-05-14 sleeves=TB_SENSEX,SXWED  [18s]
  NIFTY 2026-05-14 Thu dte=3 exp=2026-05-19 sleeves=COMB20  [19s]
  SENSEX 2026-05-14 Thu dte=0 exp=2026-05-14 sleeves=TB_SENSEX  [19s]
  NIFTY 2026-05-15 Fri dte=2 exp=2026-05-19 sleeves=TB_NIFTY,COMB20  [20s]
  SENSEX 2026-05-15 Fri dte=4 exp=2026-05-21 : no live sleeve
  NIFTY 2026-05-18 Mon dte=1 exp=2026-05-19 sleeves=COMB20  [21s]
  SENSEX 2026-05-18 Mon dte=3 exp=2026-05-21 : no live sleeve
  NIFTY 2026-05-19 Tue dte=0 exp=2026-05-19 sleeves=TB_NIFTY,COMB20  [22s]
  SENSEX 2026-05-19 Tue dte=2 exp=2026-05-21 : no live sleeve
  NIFTY 2026-05-20 Wed dte=4 exp=2026-05-26 : no live sleeve
  SENSEX 2026-05-20 Wed dte=1 exp=2026-05-21 sleeves=TB_SENSEX,SXWED  [23s]
  NIFTY 2026-05-21 Thu dte=3 exp=2026-05-26 sleeves=COMB20  [24s]
  SENSEX 2026-05-21 Thu dte=0 exp=2026-05-21 sleeves=TB_SENSEX  [24s]
  NIFTY 2026-05-22 Fri dte=2 exp=2026-05-26 sleeves=TB_NIFTY,COMB20  [25s]
  SENSEX 2026-05-22 Fri dte=3 exp=2026-05-27 : no live sleeve
  NIFTY 2026-05-25 Mon dte=1 exp=2026-05-26 sleeves=COMB20  [26s]
  SENSEX 2026-05-25 Mon dte=2 exp=2026-05-27 : no live sleeve
  NIFTY 2026-05-26 Tue dte=0 exp=2026-05-26 sleeves=TB_NIFTY,COMB20  [28s]
  SENSEX 2026-05-26 Tue dte=1 exp=2026-05-27 sleeves=TB_SENSEX,SXWED  [28s]
  NIFTY 2026-05-27 Wed dte=4 exp=2026-06-02 : no live sleeve
  SENSEX 2026-05-27 Wed dte=0 exp=2026-05-27 sleeves=TB_SENSEX  [30s]
  NIFTY 2026-05-29 Fri dte=2 exp=2026-06-02 sleeves=TB_NIFTY,COMB20  [31s]
  SENSEX 2026-05-29 Fri dte=4 exp=2026-06-04 : no live sleeve
  NIFTY 2026-06-01 Mon dte=1 exp=2026-06-02 sleeves=COMB20  [32s]
  SENSEX 2026-06-01 Mon dte=3 exp=2026-06-04 : no live sleeve
  NIFTY 2026-06-02 Tue dte=0 exp=2026-06-02 sleeves=TB_NIFTY,COMB20  [33s]
  SENSEX 2026-06-02 Tue dte=2 exp=2026-06-04 : no live sleeve
  NIFTY 2026-06-03 Wed dte=4 exp=2026-06-09 : no live sleeve
  SENSEX 2026-06-03 Wed dte=1 exp=2026-06-04 sleeves=TB_SENSEX,SXWED  [35s]
  NIFTY 2026-06-04 Thu dte=3 exp=2026-06-09 sleeves=COMB20  [36s]
  SENSEX 2026-06-04 Thu dte=0 exp=2026-06-04 sleeves=TB_SENSEX  [37s]
  NIFTY 2026-06-05 Fri dte=2 exp=2026-06-09 sleeves=TB_NIFTY,COMB20  [38s]
  SENSEX 2026-06-05 Fri dte=4 exp=2026-06-11 : no live sleeve
  NIFTY 2026-06-08 Mon dte=1 exp=2026-06-09 sleeves=COMB20  [40s]
  SENSEX 2026-06-08 Mon dte=3 exp=2026-06-11 : no live sleeve
  NIFTY 2026-06-09 Tue dte=0 exp=2026-06-09 sleeves=TB_NIFTY,COMB20  [41s]
  SENSEX 2026-06-09 Tue dte=2 exp=2026-06-11 : no live sleeve
  NIFTY 2026-06-10 Wed dte=4 exp=2026-06-16 : no live sleeve
  SENSEX 2026-06-10 Wed dte=1 exp=2026-06-11 sleeves=TB_SENSEX,SXWED  [44s]
  NIFTY 2026-06-11 Thu dte=3 exp=2026-06-16 sleeves=COMB20  [45s]
  SENSEX 2026-06-11 Thu dte=0 exp=2026-06-11 sleeves=TB_SENSEX  [45s]
  NIFTY 2026-06-12 Fri dte=2 exp=2026-06-16 sleeves=TB_NIFTY,COMB20  [46s]
  SENSEX 2026-06-12 Fri dte=4 exp=2026-06-18 : no live sleeve
  NIFTY 2026-06-15 Mon dte=1 exp=2026-06-16 sleeves=COMB20  [49s]
  SENSEX 2026-06-15 Mon dte=3 exp=2026-06-18 : no live sleeve
  NIFTY 2026-06-16 Tue dte=0 exp=2026-06-16 sleeves=TB_NIFTY,COMB20  [52s]
  SENSEX 2026-06-16 Tue dte=2 exp=2026-06-18 : no live sleeve
  NIFTY 2026-06-17 Wed dte=4 exp=2026-06-23 : no live sleeve
  SENSEX 2026-06-17 Wed dte=1 exp=2026-06-18 sleeves=TB_SENSEX,SXWED  [57s]
  NIFTY 2026-06-18 Thu dte=3 exp=2026-06-23 sleeves=COMB20  [58s]
  SENSEX 2026-06-18 Thu dte=0 exp=2026-06-18 sleeves=TB_SENSEX  [60s]
  NIFTY 2026-06-19 Fri dte=2 exp=2026-06-23 sleeves=TB_NIFTY,COMB20  [61s]
  SENSEX 2026-06-19 Fri dte=4 exp=2026-06-25 : no live sleeve
  NIFTY 2026-06-22 Mon dte=1 exp=2026-06-23 sleeves=COMB20  [65s]
  SENSEX 2026-06-22 Mon dte=3 exp=2026-06-25 : no live sleeve
  NIFTY 2026-06-23 Tue dte=0 exp=2026-06-23 sleeves=TB_NIFTY,COMB20  [67s]
  SENSEX 2026-06-23 Tue dte=2 exp=2026-06-25 : no live sleeve
  NIFTY 2026-06-24 Wed dte=4 exp=2026-06-30 : no live sleeve
  SENSEX 2026-06-24 Wed dte=1 exp=2026-06-25 sleeves=TB_SENSEX,SXWED  [71s]
  NIFTY 2026-06-25 Thu dte=3 exp=2026-06-30 sleeves=COMB20  [74s]
  SENSEX 2026-06-25 Thu dte=0 exp=2026-06-25 sleeves=TB_SENSEX  [76s]
  NIFTY 2026-06-29 Mon dte=1 exp=2026-06-30 sleeves=COMB20  [78s]
  SENSEX 2026-06-29 Mon dte=3 exp=2026-07-02 : no live sleeve
  NIFTY 2026-06-30 Tue dte=0 exp=2026-06-30 sleeves=TB_NIFTY,COMB20  [81s]
  SENSEX 2026-06-30 Tue dte=2 exp=2026-07-02 : no live sleeve
  NIFTY 2026-07-01 Wed dte=4 exp=2026-07-07 : no live sleeve
  SENSEX 2026-07-01 Wed dte=1 exp=2026-07-02 sleeves=TB_SENSEX,SXWED  [85s]
  NIFTY 2026-07-02 Thu dte=3 exp=2026-07-07 sleeves=COMB20  [87s]
  SENSEX 2026-07-02 Thu dte=0 exp=2026-07-02 sleeves=TB_SENSEX  [89s]
  NIFTY 2026-07-03 Fri dte=2 exp=2026-07-07 sleeves=TB_NIFTY,COMB20  [91s]
  SENSEX 2026-07-03 Fri dte=4 exp=2026-07-09 : no live sleeve
  NIFTY 2026-07-06 Mon dte=1 exp=2026-07-07 sleeves=COMB20  [94s]
  SENSEX 2026-07-06 Mon dte=3 exp=2026-07-09 : no live sleeve
  NIFTY 2026-07-07 Tue dte=0 exp=2026-07-07 sleeves=TB_NIFTY,COMB20  [97s]
  SENSEX 2026-07-07 Tue dte=2 exp=2026-07-09 : no live sleeve
  NIFTY 2026-07-08 Wed dte=4 exp=2026-07-14 : no live sleeve
  SENSEX 2026-07-08 Wed dte=1 exp=2026-07-09 sleeves=TB_SENSEX,SXWED  [100s]
  NIFTY 2026-07-09 Thu dte=3 exp=2026-07-14 sleeves=COMB20  [102s]
  SENSEX 2026-07-09 Thu dte=0 exp=2026-07-09 sleeves=TB_SENSEX  [102s]
  NIFTY 2026-07-10 Fri dte=2 exp=2026-07-14 sleeves=TB_NIFTY,COMB20  [104s]
  SENSEX 2026-07-10 Fri dte=4 exp=2026-07-16 : no live sleeve
  NIFTY 2026-07-13 Mon dte=1 exp=2026-07-14 sleeves=COMB20  [106s]
  SENSEX 2026-07-13 Mon dte=3 exp=2026-07-16 : no live sleeve
  NIFTY 2026-07-14 Tue dte=0 exp=2026-07-14 sleeves=TB_NIFTY,COMB20  [108s]
  SENSEX 2026-07-14 Tue dte=2 exp=2026-07-16 : no live sleeve
  NIFTY 2026-07-15 Wed dte=4 exp=2026-07-21 : no live sleeve
  SENSEX 2026-07-15 Wed dte=1 exp=2026-07-16 sleeves=TB_SENSEX,SXWED  [110s]
  NIFTY 2026-07-16 Thu dte=3 exp=2026-07-21 sleeves=COMB20  [111s]
  SENSEX 2026-07-16 Thu dte=0 exp=2026-07-16 sleeves=TB_SENSEX  [112s]
  NIFTY 2026-07-17 Fri dte=2 exp=2026-07-21 sleeves=TB_NIFTY,COMB20  [113s]
  SENSEX 2026-07-17 Fri dte=4 exp=2026-07-23 : no live sleeve
  NIFTY 2026-07-20 Mon dte=1 exp=2026-07-21 sleeves=COMB20  [117s]
  SENSEX 2026-07-20 Mon dte=3 exp=2026-07-23 : no live sleeve
  NIFTY 2026-07-21 Tue dte=0 exp=2026-07-21 sleeves=TB_NIFTY,COMB20  [119s]
  SENSEX 2026-07-21 Tue dte=2 exp=2026-07-23 : no live sleeve
  NIFTY 2026-07-22 Wed dte=4 exp=2026-07-28 : no live sleeve
  SENSEX 2026-07-22 Wed dte=1 exp=2026-07-23 sleeves=TB_SENSEX,SXWED  [123s]
  NIFTY 2026-07-23 Thu dte=3 exp=2026-07-28 sleeves=COMB20  [124s]
  SENSEX 2026-07-23 Thu dte=0 exp=2026-07-23 sleeves=TB_SENSEX  [125s]
  NIFTY 2026-07-24 Fri dte=2 exp=2026-07-28 sleeves=TB_NIFTY,COMB20  [126s]
  SENSEX 2026-07-24 Fri dte=4 exp=2026-07-30 : no live sleeve
  NIFTY 2026-07-27 Mon dte=1 exp=2026-07-28 sleeves=COMB20  [128s]
  SENSEX 2026-07-27 Mon dte=3 exp=2026-07-30 : no live sleeve
  NIFTY 2026-07-28 Tue dte=0 exp=2026-07-28 sleeves=TB_NIFTY,COMB20  [131s]
  SENSEX 2026-07-28 Tue dte=2 exp=2026-07-30 : no live sleeve
  NIFTY 2026-07-29 Wed dte=4 exp=2026-08-04 : no live sleeve
  SENSEX 2026-07-29 Wed dte=1 exp=2026-07-30 sleeves=TB_SENSEX,SXWED  [138s]
  NIFTY 2026-07-30 Thu dte=3 exp=2026-08-04 sleeves=COMB20  [140s]
  SENSEX 2026-07-30 Thu dte=0 exp=2026-07-30 sleeves=TB_SENSEX  [142s]
  NIFTY 2026-07-31 Fri dte=2 exp=2026-08-04 sleeves=TB_NIFTY,COMB20  [143s]
  SENSEX 2026-07-31 Fri dte=4 exp=2026-08-06 : no live sleeve
  NIFTY 2026-08-03 Mon dte=1 exp=2026-08-04 sleeves=COMB20  [149s]
  SENSEX 2026-08-03 Mon dte=3 exp=2026-08-06 : no live sleeve
  NIFTY 2026-08-04 Tue dte=0 exp=2026-08-04 sleeves=TB_NIFTY,COMB20  [153s]
  SENSEX 2026-08-04 Tue dte=2 exp=2026-08-06 : no live sleeve
  NIFTY 2026-08-05 Wed dte=4 exp=2026-08-11 : no live sleeve
  SENSEX 2026-08-05 Wed dte=1 exp=2026-08-06 sleeves=TB_SENSEX,SXWED  [160s]
  NIFTY 2026-08-06 Thu dte=3 exp=2026-08-11 sleeves=COMB20  [162s]
  SENSEX 2026-08-06 Thu dte=0 exp=2026-08-06 sleeves=TB_SENSEX  [164s]
  NIFTY 2026-08-07 Fri dte=2 exp=2026-08-11 sleeves=TB_NIFTY,COMB20  [165s]
  SENSEX 2026-08-07 Fri dte=4 exp=2026-08-13 : no live sleeve
  NIFTY 2026-08-10 Mon dte=1 exp=2026-08-11 sleeves=COMB20  [171s]
  SENSEX 2026-08-10 Mon dte=3 exp=2026-08-13 : no live sleeve
  NIFTY 2026-08-11 Tue dte=0 exp=2026-08-11 sleeves=TB_NIFTY,COMB20  [173s]
  SENSEX 2026-08-11 Tue dte=2 exp=2026-08-13 : no live sleeve
  NIFTY 2026-08-12 Wed dte=4 exp=2026-08-18 : no live sleeve
  SENSEX 2026-08-12 Wed dte=1 exp=2026-08-13 sleeves=TB_SENSEX,SXWED  [178s]
  NIFTY 2026-08-13 Thu dte=3 exp=2026-08-18 sleeves=COMB20  [178s]
  SENSEX 2026-08-13 Thu dte=0 exp=2026-08-13 sleeves=TB_SENSEX  [179s]
  NIFTY 2026-08-14 Fri dte=2 exp=2026-08-18 sleeves=TB_NIFTY,COMB20  [180s]
  SENSEX 2026-08-14 Fri dte=4 exp=2026-08-20 : no live sleeve
  NIFTY 2026-08-17 Mon dte=1 exp=2026-08-18 sleeves=COMB20  [184s]
  SENSEX 2026-08-17 Mon dte=3 exp=2026-08-20 : no live sleeve
  NIFTY 2026-08-18 Tue dte=0 exp=2026-08-18 sleeves=TB_NIFTY,COMB20  [186s]
  SENSEX 2026-08-18 Tue dte=2 exp=2026-08-20 : no live sleeve
  NIFTY 2026-08-19 Wed dte=4 exp=2026-08-25 : no live sleeve
  SENSEX 2026-08-19 Wed dte=1 exp=2026-08-20 sleeves=TB_SENSEX,SXWED  [188s]
  NIFTY 2026-08-20 Thu dte=3 exp=2026-08-25 sleeves=COMB20  [188s]
  SENSEX 2026-08-20 Thu dte=0 exp=2026-08-20 sleeves=TB_SENSEX  [189s]
  NIFTY 2026-08-21 Fri dte=2 exp=2026-08-25 sleeves=TB_NIFTY,COMB20  [190s]
  SENSEX 2026-08-21 Fri dte=4 exp=2026-08-27 : no live sleeve
  NIFTY 2026-08-24 Mon dte=1 exp=2026-08-25 sleeves=COMB20  [192s]
  SENSEX 2026-08-24 Mon dte=3 exp=2026-08-27 : no live sleeve
kept days: {'NIFTY': 83, 'SENSEX': 83}   total 194s
DONE
