  NIFTY 2026-04-20 Mon dte=1 cells=20 [0s]
  NIFTY 2026-04-27 Mon dte=1 cells=20 [1s]
  NIFTY 2026-04-28 Tue dte=0 cells=20 [1s]
  NIFTY 2026-04-29 Wed dte=4 cells=20 [2s]
  NIFTY 2026-04-30 Thu dte=3 cells=20 [2s]
  NIFTY 2026-05-04 Mon dte=1 cells=20 [2s]
  NIFTY 2026-05-05 Tue dte=0 cells=20 [3s]
  NIFTY 2026-05-06 Wed dte=4 cells=20 [3s]
  NIFTY 2026-05-07 Thu dte=3 cells=20 [4s]
  NIFTY 2026-05-08 Fri dte=2 cells=20 [4s]
  NIFTY 2026-05-11 Mon dte=1 cells=20 [5s]
  NIFTY 2026-05-12 Tue dte=0 cells=20 [5s]
  NIFTY 2026-05-13 Wed dte=4 cells=20 [6s]
  NIFTY 2026-05-14 Thu dte=3 cells=20 [6s]
  NIFTY 2026-05-15 Fri dte=2 cells=20 [7s]
  NIFTY 2026-05-18 Mon dte=1 cells=20 [7s]
  NIFTY 2026-05-19 Tue dte=0 cells=20 [7s]
  NIFTY 2026-05-20 Wed dte=4 cells=20 [8s]
  NIFTY 2026-05-21 Thu dte=3 cells=20 [8s]
  NIFTY 2026-05-22 Fri dte=2 cells=20 [9s]
  NIFTY 2026-05-25 Mon dte=1 cells=20 [9s]
  NIFTY 2026-05-26 Tue dte=0 cells=20 [10s]
  NIFTY 2026-05-27 Wed dte=4 cells=20 [11s]
  NIFTY 2026-05-29 Fri dte=2 cells=20 [11s]
  NIFTY 2026-06-01 Mon dte=1 cells=20 [11s]
  NIFTY 2026-06-02 Tue dte=0 cells=20 [11s]
  NIFTY 2026-06-03 Wed dte=4 cells=20 [11s]
  NIFTY 2026-06-04 Thu dte=3 cells=20 [11s]
  NIFTY 2026-06-05 Fri dte=2 cells=20 [11s]
  NIFTY 2026-06-08 Mon dte=1 cells=20 [12s]
  NIFTY 2026-06-09 Tue dte=0 cells=20 [12s]
  NIFTY 2026-06-10 Wed dte=4 cells=20 [12s]
  NIFTY 2026-06-11 Thu dte=3 cells=20 [12s]
  NIFTY 2026-06-12 Fri dte=2 cells=20 [13s]
  NIFTY 2026-06-15 Mon dte=1 cells=20 [13s]
  NIFTY 2026-06-16 Tue dte=0 cells=20 [14s]
  NIFTY 2026-06-17 Wed dte=4 cells=20 [14s]
  NIFTY 2026-06-18 Thu dte=3 cells=20 [15s]
  NIFTY 2026-06-19 Fri dte=2 cells=20 [16s]
  NIFTY 2026-06-22 Mon dte=1 cells=20 [16s]
  NIFTY 2026-06-23 Tue dte=0 cells=20 [17s]
  NIFTY 2026-06-24 Wed dte=4 cells=20 [17s]
  NIFTY 2026-06-25 Thu dte=3 cells=20 [18s]
  NIFTY 2026-06-29 Mon dte=1 cells=20 [18s]
  NIFTY 2026-06-30 Tue dte=0 cells=20 [19s]
  NIFTY 2026-07-01 Wed dte=4 cells=20 [20s]
  NIFTY 2026-07-02 Thu dte=3 cells=20 [20s]
  NIFTY 2026-07-03 Fri dte=2 cells=20 [21s]
  NIFTY 2026-07-06 Mon dte=1 cells=20 [21s]
  NIFTY 2026-07-07 Tue dte=0 cells=20 [22s]
  NIFTY 2026-07-08 Wed dte=4 cells=20 [22s]
  NIFTY 2026-07-09 Thu dte=3 cells=20 [22s]
  NIFTY 2026-07-10 Fri dte=2 cells=20 [23s]
  NIFTY 2026-07-13 Mon dte=1 cells=20 [24s]
  NIFTY 2026-07-14 Tue dte=0 cells=20 [24s]
  NIFTY 2026-07-15 Wed dte=4 cells=20 [25s]
  NIFTY 2026-07-16 Thu dte=3 cells=20 [26s]
  NIFTY 2026-07-17 Fri dte=2 cells=20 [27s]
  NIFTY 2026-07-20 Mon dte=1 cells=20 [28s]
  NIFTY 2026-07-21 Tue dte=0 cells=20 [28s]
  NIFTY 2026-07-22 Wed dte=4 cells=20 [29s]
  NIFTY 2026-07-23 Thu dte=3 cells=20 [30s]
  NIFTY 2026-07-24 Fri dte=2 cells=20 [31s]
  NIFTY 2026-07-27 Mon dte=1 cells=20 [31s]
  NIFTY 2026-07-28 Tue dte=0 cells=20 [32s]
  NIFTY 2026-07-29 Wed dte=4 cells=20 [32s]
  NIFTY 2026-07-30 Thu dte=3 cells=20 [33s]
  NIFTY 2026-07-31 Fri dte=2 cells=20 [34s]
  NIFTY 2026-08-03 Mon dte=1 cells=20 [35s]
  NIFTY 2026-08-04 Tue dte=0 cells=20 [36s]
  NIFTY 2026-08-05 Wed dte=4 cells=20 [36s]
  NIFTY 2026-08-06 Thu dte=3 cells=20 [37s]
  NIFTY 2026-08-07 Fri dte=2 cells=20 [38s]
  NIFTY 2026-08-10 Mon dte=1 cells=20 [39s]
  NIFTY 2026-08-11 Tue dte=0 cells=20 [39s]
  NIFTY 2026-08-12 Wed dte=4 cells=20 [40s]
  NIFTY 2026-08-13 Thu dte=3 cells=20 [40s]
  NIFTY 2026-08-14 Fri dte=2 cells=20 [41s]
  NIFTY 2026-08-17 Mon dte=1 cells=20 [41s]
  NIFTY 2026-08-18 Tue dte=0 cells=20 [41s]
  NIFTY 2026-08-19 Wed dte=4 cells=20 [41s]
  NIFTY 2026-08-20 Thu dte=3 cells=20 [42s]
  NIFTY 2026-08-21 Fri dte=2 cells=20 [42s]
  NIFTY 2026-08-24 Mon dte=1 cells=20 [42s]
  SENSEX 2026-04-20 Mon dte=3 cells=20 [42s]
  SENSEX 2026-04-27 Mon dte=3 cells=20 [42s]
  SENSEX 2026-04-28 Tue dte=2 cells=20 [43s]
  SENSEX 2026-04-29 Wed dte=1 cells=20 [43s]
  SENSEX 2026-04-30 Thu dte=0 cells=20 [44s]
  SENSEX 2026-05-04 Mon dte=3 cells=20 [44s]
  SENSEX 2026-05-05 Tue dte=2 cells=20 [44s]
  SENSEX 2026-05-06 Wed dte=1 cells=20 [45s]
  SENSEX 2026-05-07 Thu dte=0 cells=20 [45s]
  SENSEX 2026-05-08 Fri dte=4 cells=20 [46s]
  SENSEX 2026-05-11 Mon dte=3 cells=20 [47s]
  SENSEX 2026-05-12 Tue dte=2 cells=20 [47s]
  SENSEX 2026-05-13 Wed dte=1 cells=20 [47s]
  SENSEX 2026-05-14 Thu dte=0 cells=20 [47s]
  SENSEX 2026-05-15 Fri dte=4 cells=20 [48s]
  SENSEX 2026-05-18 Mon dte=3 cells=20 [48s]
  SENSEX 2026-05-19 Tue dte=2 cells=20 [48s]
  SENSEX 2026-05-20 Wed dte=1 cells=20 [49s]
  SENSEX 2026-05-21 Thu dte=0 cells=20 [49s]
  SENSEX 2026-05-22 Fri dte=3 cells=20 [49s]
  SENSEX 2026-05-25 Mon dte=2 cells=20 [50s]
  SENSEX 2026-05-26 Tue dte=1 cells=20 [50s]
  SENSEX 2026-05-27 Wed dte=0 cells=20 [51s]
  SENSEX 2026-05-29 Fri dte=4 cells=20 [52s]
  SENSEX 2026-06-01 Mon dte=3 cells=20 [53s]
  SENSEX 2026-06-02 Tue dte=2 cells=20 [54s]
  SENSEX 2026-06-03 Wed dte=1 cells=20 [55s]
  SENSEX 2026-06-04 Thu dte=0 cells=20 [56s]
  SENSEX 2026-06-05 Fri dte=4 cells=20 [57s]
  SENSEX 2026-06-08 Mon dte=3 cells=20 [57s]
  SENSEX 2026-06-09 Tue dte=2 cells=20 [58s]
  SENSEX 2026-06-10 Wed dte=1 cells=20 [59s]
  SENSEX 2026-06-11 Thu dte=0 cells=20 [60s]
  SENSEX 2026-06-12 Fri dte=4 cells=20 [61s]
  SENSEX 2026-06-15 Mon dte=3 cells=20 [63s]
  SENSEX 2026-06-16 Tue dte=2 cells=20 [65s]
  SENSEX 2026-06-17 Wed dte=1 cells=20 [67s]
  SENSEX 2026-06-18 Thu dte=0 cells=20 [69s]
  SENSEX 2026-06-19 Fri dte=4 cells=20 [72s]
  SENSEX 2026-06-22 Mon dte=3 cells=20 [74s]
  SENSEX 2026-06-23 Tue dte=2 cells=20 [75s]
  SENSEX 2026-06-24 Wed dte=1 cells=20 [76s]
  SENSEX 2026-06-25 Thu dte=0 cells=20 [78s]
  SENSEX 2026-06-29 Mon dte=3 cells=20 [79s]
  SENSEX 2026-06-30 Tue dte=2 cells=20 [80s]
  SENSEX 2026-07-01 Wed dte=1 cells=20 [81s]
  SENSEX 2026-07-02 Thu dte=0 cells=20 [82s]
  SENSEX 2026-07-03 Fri dte=4 cells=20 [84s]
  SENSEX 2026-07-06 Mon dte=3 cells=20 [85s]
  SENSEX 2026-07-07 Tue dte=2 cells=20 [86s]
  SENSEX 2026-07-08 Wed dte=1 cells=20 [87s]
  SENSEX 2026-07-09 Thu dte=0 cells=20 [88s]
  SENSEX 2026-07-10 Fri dte=4 cells=20 [89s]
  SENSEX 2026-07-13 Mon dte=3 cells=20 [90s]
  SENSEX 2026-07-14 Tue dte=2 cells=20 [90s]
  SENSEX 2026-07-15 Wed dte=1 cells=20 [91s]
  SENSEX 2026-07-16 Thu dte=0 cells=20 [91s]
  SENSEX 2026-07-17 Fri dte=4 cells=20 [93s]
  SENSEX 2026-07-20 Mon dte=3 cells=20 [94s]
  SENSEX 2026-07-21 Tue dte=2 cells=20 [95s]
  SENSEX 2026-07-22 Wed dte=1 cells=20 [95s]
  SENSEX 2026-07-23 Thu dte=0 cells=20 [96s]
  SENSEX 2026-07-24 Fri dte=4 cells=20 [96s]
  SENSEX 2026-07-27 Mon dte=3 cells=20 [97s]
  SENSEX 2026-07-28 Tue dte=2 cells=20 [98s]
  SENSEX 2026-07-29 Wed dte=1 cells=20 [99s]
  SENSEX 2026-07-30 Thu dte=0 cells=20 [100s]
  SENSEX 2026-07-31 Fri dte=4 cells=20 [101s]
  SENSEX 2026-08-03 Mon dte=3 cells=20 [103s]
  SENSEX 2026-08-04 Tue dte=2 cells=20 [104s]
  SENSEX 2026-08-05 Wed dte=1 cells=20 [105s]
  SENSEX 2026-08-06 Thu dte=0 cells=20 [107s]
  SENSEX 2026-08-07 Fri dte=4 cells=20 [108s]
  SENSEX 2026-08-10 Mon dte=3 cells=20 [110s]
  SENSEX 2026-08-11 Tue dte=2 cells=20 [111s]
  SENSEX 2026-08-12 Wed dte=1 cells=20 [112s]
  SENSEX 2026-08-13 Thu dte=0 cells=20 [113s]
  SENSEX 2026-08-14 Fri dte=4 cells=20 [116s]
  SENSEX 2026-08-17 Mon dte=3 cells=20 [117s]
  SENSEX 2026-08-18 Tue dte=2 cells=20 [118s]
  SENSEX 2026-08-19 Wed dte=1 cells=20 [119s]
  SENSEX 2026-08-20 Thu dte=0 cells=20 [120s]
  SENSEX 2026-08-21 Fri dte=4 cells=20 [121s]
  SENSEX 2026-08-24 Mon dte=3 cells=20 [122s]
DONE 122s
