  NIFTY 2026-04-20 SKIP thin(94)
  NIFTY 2026-04-27 Mon dte=1 cells=27 [1s]
  NIFTY 2026-04-28 Tue dte=0 cells=27 [2s]
  NIFTY 2026-04-29 Wed dte=4 cells=27 [2s]
  NIFTY 2026-04-30 Thu dte=3 cells=27 [3s]
  NIFTY 2026-05-04 Mon dte=1 cells=27 [4s]
  NIFTY 2026-05-05 Tue dte=0 cells=27 [4s]
  NIFTY 2026-05-06 Wed dte=4 cells=27 [5s]
  NIFTY 2026-05-07 Thu dte=3 cells=27 [6s]
  NIFTY 2026-05-08 Fri dte=2 cells=27 [6s]
  NIFTY 2026-05-11 Mon dte=1 cells=27 [7s]
  NIFTY 2026-05-12 Tue dte=0 cells=27 [7s]
  NIFTY 2026-05-13 Wed dte=4 cells=27 [8s]
  NIFTY 2026-05-14 Thu dte=3 cells=27 [8s]
  NIFTY 2026-05-15 Fri dte=2 cells=27 [9s]
  NIFTY 2026-05-18 Mon dte=1 cells=27 [9s]
  NIFTY 2026-05-19 Tue dte=0 cells=27 [10s]
  NIFTY 2026-05-20 Wed dte=4 cells=27 [10s]
  NIFTY 2026-05-21 Thu dte=3 cells=27 [11s]
  NIFTY 2026-05-22 Fri dte=2 cells=27 [11s]
  NIFTY 2026-05-25 Mon dte=1 cells=27 [12s]
  NIFTY 2026-05-26 Tue dte=0 cells=27 [12s]
  NIFTY 2026-05-27 Wed dte=4 cells=27 [13s]
  NIFTY 2026-05-29 Fri dte=2 cells=27 [13s]
  NIFTY 2026-06-01 Mon dte=1 cells=27 [14s]
  NIFTY 2026-06-02 Tue dte=0 cells=27 [14s]
  NIFTY 2026-06-03 Wed dte=4 cells=27 [15s]
  NIFTY 2026-06-04 Thu dte=3 cells=27 [16s]
  NIFTY 2026-06-05 Fri dte=2 cells=27 [17s]
  NIFTY 2026-06-08 Mon dte=1 cells=27 [17s]
  NIFTY 2026-06-09 Tue dte=0 cells=27 [18s]
  NIFTY 2026-06-10 Wed dte=4 cells=27 [18s]
  NIFTY 2026-06-11 Thu dte=3 cells=27 [19s]
  NIFTY 2026-06-12 Fri dte=2 cells=27 [19s]
  NIFTY 2026-06-15 Mon dte=1 cells=27 [19s]
  NIFTY 2026-06-16 Tue dte=0 cells=27 [20s]
  NIFTY 2026-06-17 Wed dte=4 cells=27 [21s]
  NIFTY 2026-06-18 Thu dte=3 cells=27 [23s]
  NIFTY 2026-06-19 Fri dte=2 cells=27 [23s]
  NIFTY 2026-06-22 Mon dte=1 cells=27 [24s]
  NIFTY 2026-06-23 Tue dte=0 cells=27 [25s]
  NIFTY 2026-06-24 Wed dte=4 cells=27 [25s]
  NIFTY 2026-06-25 Thu dte=3 cells=27 [26s]
  NIFTY 2026-06-29 Mon dte=1 cells=27 [27s]
  NIFTY 2026-06-30 Tue dte=0 cells=27 [28s]
  NIFTY 2026-07-01 Wed dte=4 cells=27 [29s]
  NIFTY 2026-07-02 Thu dte=3 cells=27 [30s]
  NIFTY 2026-07-03 Fri dte=2 cells=27 [31s]
  NIFTY 2026-07-06 Mon dte=1 cells=27 [32s]
  NIFTY 2026-07-07 Tue dte=0 cells=27 [33s]
  NIFTY 2026-07-08 Wed dte=4 cells=27 [34s]
  NIFTY 2026-07-09 Thu dte=3 cells=27 [34s]
  NIFTY 2026-07-10 Fri dte=2 cells=27 [35s]
  NIFTY 2026-07-13 Mon dte=1 cells=27 [36s]
  NIFTY 2026-07-14 Tue dte=0 cells=27 [36s]
  NIFTY 2026-07-15 Wed dte=4 cells=27 [37s]
  NIFTY 2026-07-16 Thu dte=3 cells=27 [38s]
  NIFTY 2026-07-17 Fri dte=2 cells=27 [39s]
  NIFTY 2026-07-20 Mon dte=1 cells=27 [40s]
  NIFTY 2026-07-21 Tue dte=0 cells=27 [41s]
  NIFTY 2026-07-22 Wed dte=4 cells=27 [41s]
  NIFTY 2026-07-23 Thu dte=3 cells=27 [42s]
  NIFTY 2026-07-24 Fri dte=2 cells=27 [42s]
  NIFTY 2026-07-27 Mon dte=1 cells=27 [43s]
  NIFTY 2026-07-28 Tue dte=0 cells=27 [43s]
  NIFTY 2026-07-29 Wed dte=4 cells=27 [44s]
  NIFTY 2026-07-30 Thu dte=3 cells=27 [45s]
  NIFTY 2026-07-31 Fri dte=2 cells=27 [45s]
  NIFTY 2026-08-03 Mon dte=1 cells=27 [46s]
  NIFTY 2026-08-04 Tue dte=0 cells=27 [47s]
  NIFTY 2026-08-05 Wed dte=4 cells=27 [48s]
  NIFTY 2026-08-06 Thu dte=3 cells=27 [50s]
  NIFTY 2026-08-07 Fri dte=2 cells=27 [51s]
  NIFTY 2026-08-10 Mon dte=1 cells=27 [52s]
  NIFTY 2026-08-11 Tue dte=0 cells=27 [53s]
  NIFTY 2026-08-12 Wed dte=4 cells=27 [54s]
  NIFTY 2026-08-13 Thu dte=3 cells=27 [54s]
  NIFTY 2026-08-14 Fri dte=2 cells=27 [55s]
  NIFTY 2026-08-17 Mon dte=1 cells=27 [55s]
  NIFTY 2026-08-18 Tue dte=0 cells=27 [56s]
  NIFTY 2026-08-19 Wed dte=4 cells=27 [56s]
  NIFTY 2026-08-20 Thu dte=3 cells=27 [56s]
  NIFTY 2026-08-21 Fri dte=2 cells=27 [57s]
  NIFTY 2026-08-24 Mon dte=1 cells=27 [57s]
NIFTY kept 83 days
  SENSEX 2026-04-20 SKIP thin(93)
  SENSEX 2026-04-27 Mon dte=3 cells=27 [58s]
  SENSEX 2026-04-28 Tue dte=2 cells=27 [58s]
  SENSEX 2026-04-29 Wed dte=1 cells=27 [58s]
  SENSEX 2026-04-30 Thu dte=0 cells=27 [59s]
  SENSEX 2026-05-04 Mon dte=3 cells=27 [59s]
  SENSEX 2026-05-05 Tue dte=2 cells=27 [59s]
  SENSEX 2026-05-06 Wed dte=1 cells=27 [60s]
  SENSEX 2026-05-07 Thu dte=0 cells=27 [61s]
  SENSEX 2026-05-08 Fri dte=4 cells=27 [61s]
  SENSEX 2026-05-11 Mon dte=3 cells=27 [62s]
  SENSEX 2026-05-12 Tue dte=2 cells=27 [62s]
  SENSEX 2026-05-13 Wed dte=1 cells=27 [62s]
  SENSEX 2026-05-14 Thu dte=0 cells=27 [63s]
  SENSEX 2026-05-15 Fri dte=4 cells=27 [63s]
  SENSEX 2026-05-18 Mon dte=3 cells=27 [63s]
  SENSEX 2026-05-19 Tue dte=2 cells=27 [64s]
  SENSEX 2026-05-20 Wed dte=1 cells=27 [64s]
  SENSEX 2026-05-21 Thu dte=0 cells=27 [65s]
  SENSEX 2026-05-22 Fri dte=3 cells=27 [65s]
  SENSEX 2026-05-25 Mon dte=2 cells=27 [66s]
  SENSEX 2026-05-26 Tue dte=1 cells=27 [66s]
  SENSEX 2026-05-27 Wed dte=0 cells=27 [67s]
  SENSEX 2026-05-29 Fri dte=4 cells=27 [67s]
  SENSEX 2026-06-01 Mon dte=3 cells=27 [67s]
  SENSEX 2026-06-02 Tue dte=2 cells=27 [68s]
  SENSEX 2026-06-03 Wed dte=1 cells=27 [68s]
  SENSEX 2026-06-04 Thu dte=0 cells=27 [68s]
  SENSEX 2026-06-05 Fri dte=4 cells=27 [69s]
  SENSEX 2026-06-08 Mon dte=3 cells=27 [69s]
  SENSEX 2026-06-09 Tue dte=2 cells=27 [69s]
  SENSEX 2026-06-10 Wed dte=1 cells=27 [70s]
  SENSEX 2026-06-11 Thu dte=0 cells=27 [70s]
  SENSEX 2026-06-12 Fri dte=4 cells=27 [71s]
  SENSEX 2026-06-15 Mon dte=3 cells=27 [72s]
  SENSEX 2026-06-16 Tue dte=2 cells=27 [73s]
  SENSEX 2026-06-17 Wed dte=1 cells=27 [74s]
  SENSEX 2026-06-18 Thu dte=0 cells=27 [76s]
  SENSEX 2026-06-19 Fri dte=4 cells=27 [77s]
  SENSEX 2026-06-22 Mon dte=3 cells=27 [78s]
  SENSEX 2026-06-23 Tue dte=2 cells=27 [80s]
  SENSEX 2026-06-24 Wed dte=1 cells=27 [81s]
  SENSEX 2026-06-25 Thu dte=0 cells=27 [82s]
  SENSEX 2026-06-29 Mon dte=3 cells=27 [83s]
  SENSEX 2026-06-30 Tue dte=2 cells=27 [84s]
  SENSEX 2026-07-01 Wed dte=1 cells=27 [85s]
  SENSEX 2026-07-02 Thu dte=0 cells=27 [87s]
  SENSEX 2026-07-03 Fri dte=4 cells=27 [88s]
  SENSEX 2026-07-06 Mon dte=3 cells=27 [89s]
  SENSEX 2026-07-07 Tue dte=2 cells=27 [90s]
  SENSEX 2026-07-08 Wed dte=1 cells=27 [91s]
  SENSEX 2026-07-09 Thu dte=0 cells=27 [92s]
  SENSEX 2026-07-10 Fri dte=4 cells=27 [93s]
  SENSEX 2026-07-13 Mon dte=3 cells=27 [94s]
  SENSEX 2026-07-14 Tue dte=2 cells=27 [95s]
  SENSEX 2026-07-15 Wed dte=1 cells=27 [96s]
  SENSEX 2026-07-16 Thu dte=0 cells=27 [96s]
  SENSEX 2026-07-17 Fri dte=4 cells=27 [97s]
  SENSEX 2026-07-20 Mon dte=3 cells=27 [99s]
  SENSEX 2026-07-21 Tue dte=2 cells=27 [100s]
  SENSEX 2026-07-22 Wed dte=1 cells=27 [101s]
  SENSEX 2026-07-23 Thu dte=0 cells=27 [102s]
  SENSEX 2026-07-24 Fri dte=4 cells=27 [102s]
  SENSEX 2026-07-27 Mon dte=3 cells=27 [103s]
  SENSEX 2026-07-28 Tue dte=2 cells=27 [104s]
  SENSEX 2026-07-29 Wed dte=1 cells=27 [105s]
  SENSEX 2026-07-30 Thu dte=0 cells=27 [106s]
  SENSEX 2026-07-31 Fri dte=4 cells=27 [107s]
  SENSEX 2026-08-03 Mon dte=3 cells=27 [110s]
  SENSEX 2026-08-04 Tue dte=2 cells=27 [112s]
  SENSEX 2026-08-05 Wed dte=1 cells=27 [115s]
  SENSEX 2026-08-06 Thu dte=0 cells=27 [118s]
  SENSEX 2026-08-07 Fri dte=4 cells=27 [123s]
  SENSEX 2026-08-10 Mon dte=3 cells=27 [124s]
  SENSEX 2026-08-11 Tue dte=2 cells=27 [126s]
  SENSEX 2026-08-12 Wed dte=1 cells=27 [127s]
  SENSEX 2026-08-13 Thu dte=0 cells=27 [128s]
  SENSEX 2026-08-14 Fri dte=4 cells=27 [130s]
  SENSEX 2026-08-17 Mon dte=3 cells=27 [131s]
  SENSEX 2026-08-18 Tue dte=2 cells=27 [132s]
  SENSEX 2026-08-19 Wed dte=1 cells=27 [132s]
  SENSEX 2026-08-20 Thu dte=0 cells=27 [133s]
  SENSEX 2026-08-21 Fri dte=4 cells=27 [134s]
  SENSEX 2026-08-24 Mon dte=3 cells=27 [135s]
SENSEX kept 83 days
DONE 135s
