
====================================================================================================
FULL 2006->2026   (2006-04-03 -> 2026-09-03)
====================================================================================================
        sleeve     w |    blend CAGR med [min..max] |       DD | Calmar |    2018    2020    22H1
BASELINE TN+OA    0% |    27.14 [  24.76..  28.54] |  -16.42% |   1.65 | -11.26%  -1.98%  -9.07%
  narrow(<=3m)   10% |    27.08 [  24.90..  28.44] |  -14.75% |   1.84 | -10.49%  -1.95%  -8.65%
  narrow(<=3m)   20% |    26.98 [  24.98..  28.29] |  -13.15% |   2.05 |  -9.71%  -1.94%  -8.22%
  narrow(<=3m)   33% |    26.77 [  25.01..  28.01] |  -11.43% |   2.34 |  -8.69%  -2.00%  -7.69%
     mid(<=6m)   10% |    27.72 [  25.43..  29.17] |  -14.44% |   1.92 | -10.61%  -1.75%  -8.86%
     mid(<=6m)   20% |    28.27 [  26.05..  29.75] |  -12.79% |   2.21 |  -9.82%  -2.14%  -8.75%
     mid(<=6m)   33% |    28.91 [  26.78..  30.42] |  -13.05% |   2.21 |  -9.30%  -2.67%  -8.60%
   wide(<=24m)   10% |    28.19 [  25.77..  29.80] |  -15.09% |   1.87 | -11.67%  -1.78% -10.21%
   wide(<=24m)   20% |    29.20 [  26.74..  31.02] |  -15.35% |   1.90 | -12.14%  -1.84% -11.23%
   wide(<=24m)   33% |    30.43 [  27.94..  32.54] |  -16.17% |   1.88 | -12.84%  -1.97% -12.65%
     CASH-NULL   10% |    24.91 [  22.80..  26.16] |  -14.49% |   1.72 |  -9.94%  -1.70%  -8.08%
     CASH-NULL   20% |    22.67 [  20.82..  23.78] |  -12.64% |   1.79 |  -8.65%  -1.43%  -7.07%

====================================================================================================
2015+ (gold-comparable)   (2015-01-01 -> 2026-09-03)
====================================================================================================
        sleeve     w |    blend CAGR med [min..max] |       DD | Calmar |    2018    2020    22H1
BASELINE TN+OA    0% |    29.63 [  26.70..  32.78] |  -16.10% |   1.84 | -11.26%  -1.98%  -9.07%
  narrow(<=3m)   10% |    30.34 [  27.54..  33.30] |  -14.42% |   2.10 | -10.49%  -1.95%  -8.65%
  narrow(<=3m)   20% |    31.02 [  28.34..  33.76] |  -13.04% |   2.38 |  -9.71%  -1.94%  -8.22%
  narrow(<=3m)   33% |    31.82 [  29.29..  34.28] |  -11.43% |   2.79 |  -8.69%  -2.00%  -7.69%
     mid(<=6m)   10% |    30.84 [  27.83..  33.95] |  -14.24% |   2.17 | -10.61%  -1.75%  -8.86%
     mid(<=6m)   20% |    32.01 [  28.92..  35.07] |  -12.76% |   2.51 |  -9.82%  -2.14%  -8.75%
     mid(<=6m)   33% |    33.38 [  30.27..  36.45] |  -13.05% |   2.56 |  -9.30%  -2.67%  -8.60%
   wide(<=24m)   10% |    30.60 [  27.25..  33.94] |  -14.60% |   2.10 | -11.67%  -1.78% -10.21%
   wide(<=24m)   20% |    31.43 [  27.76..  35.06] |  -14.48% |   2.17 | -12.14%  -1.84% -11.23%
   wide(<=24m)   33% |    32.36 [  28.35..  36.47] |  -15.86% |   2.04 | -12.84%  -1.97% -12.65%
     CASH-NULL   10% |    27.08 [  24.50..  29.89] |  -14.07% |   1.92 |  -9.94%  -1.70%  -8.08%
     CASH-NULL   20% |    24.55 [  22.30..  27.02] |  -11.95% |   2.05 |  -8.65%  -1.43%  -7.07%
  GOLD (r/147)   10% |    28.36 [  25.76..  31.19] |  -13.37% |   2.12 | -10.09%  -1.30%  -8.27%
  GOLD (r/147)   20% |    27.03 [  24.75..  29.54] |  -10.54% |   2.56 |  -9.03%  -0.85%  -7.46%
4-SLEEVE 40/40/10g/10ipo |    29.05 [  26.57..  31.68] |  -11.55% | Calmar   2.52

====================================================================================================
CAPACITY — position as a share of the held name's 20-day median traded value
====================================================================================================

narrow(<=3m): 12062 trade-entries; held-name 20d median traded value: p10 Rs 6.8cr  median Rs 19.1cr  p90 Rs 99.2cr
  sleeve sized at 18.75% of sleeve NAV per position:
     portfolio   sleeve@10%     position |  median %TV   p90 %TV   p99 %TV
  Rs       0.1cr Rs      0.01cr Rs     0.19L |      0.010%     0.03%     0.04%
  Rs       1.0cr Rs      0.10cr Rs     1.88L |      0.098%     0.27%     0.36%
  Rs       5.0cr Rs      0.50cr Rs     9.38L |      0.492%     1.37%     1.82%
  Rs      10.0cr Rs      1.00cr Rs    18.75L |      0.983%     2.74%     3.64%
  Rs      50.0cr Rs      5.00cr Rs    93.75L |      4.916%    13.72%    18.20%

mid(<=6m): 20244 trade-entries; held-name 20d median traded value: p10 Rs 6.4cr  median Rs 17.0cr  p90 Rs 84.0cr
  sleeve sized at 18.75% of sleeve NAV per position:
     portfolio   sleeve@10%     position |  median %TV   p90 %TV   p99 %TV
  Rs       0.1cr Rs      0.01cr Rs     0.19L |      0.011%     0.03%     0.04%
  Rs       1.0cr Rs      0.10cr Rs     1.88L |      0.110%     0.29%     0.37%
  Rs       5.0cr Rs      0.50cr Rs     9.38L |      0.552%     1.45%     1.86%
  Rs      10.0cr Rs      1.00cr Rs    18.75L |      1.105%     2.91%     3.73%
  Rs      50.0cr Rs      5.00cr Rs    93.75L |      5.523%    14.54%    18.63%

wide(<=24m): 38269 trade-entries; held-name 20d median traded value: p10 Rs 6.1cr  median Rs 15.6cr  p90 Rs 78.5cr
  sleeve sized at 18.75% of sleeve NAV per position:
     portfolio   sleeve@10%     position |  median %TV   p90 %TV   p99 %TV
  Rs       0.1cr Rs      0.01cr Rs     0.19L |      0.012%     0.03%     0.04%
  Rs       1.0cr Rs      0.10cr Rs     1.88L |      0.120%     0.30%     0.37%
  Rs       5.0cr Rs      0.50cr Rs     9.38L |      0.600%     1.52%     1.83%
  Rs      10.0cr Rs      1.00cr Rs    18.75L |      1.200%     3.05%     3.66%
  Rs      50.0cr Rs      5.00cr Rs    93.75L |      5.998%    15.25%    18.29%

(rule of thumb: a position above ~10% of a name's daily traded value is not executable without material impact on a breakout day)

DONE
