common window 2006-04-03 -> 2026-09-03 (5066 days)

=== STANDALONE (medians over the sleeve's own seeds/offsets) ===
  IPO base (30 seeds)      CAGR  31.48 [29.24..33.93]  DD  -20.88%  Calmar  1.51
  Open Alpha (10 seeds)    CAGR  33.57 [32.58..35.38]  DD  -26.38%  Calmar  1.27
  True North (3 offsets)   CAGR  19.48 [16.27..20.46]  DD  -24.98%  Calmar  0.78
/home/arun/quantifyd/research/153_ipo_base/scripts/ipo_blend.py:69: RuntimeWarning: divide by zero encountered in scalar divide
  f"DD {np.median(ds):7.2f}%  Calmar {np.median(cs)/abs(np.median(ds)):5.2f}")
  Cash sleeve              CAGR   4.92 [4.92..4.92]  DD    0.00%  Calmar   inf

=== CORRELATIONS (daily / monthly), median over seed pairs ===
  IPO vs Open Alpha : 0.209 daily / 0.343 monthly
  IPO vs True North : 0.215 daily / 0.286 monthly
  OA  vs True North : 0.415 daily / 0.535 monthly

=== 3-SLEEVE BLEND, monthly rebalanced (TN/OA split equally, IPO weight w) ===
 w_IPO |      CAGR med [min..max] |      DD | Calmar |    2008    2018    2020    22H1
    0% |   27.14 [ 24.76.. 28.54] | -16.42% |   1.65 |  -2.64% -11.26%  -1.98%  -9.07%
    5% |   27.45 [ 25.10.. 28.86] | -15.42% |   1.78 |  -2.39% -10.85%  -1.69%  -8.95%
   10% |   27.72 [ 25.43.. 29.17] | -14.44% |   1.92 |  -2.15% -10.61%  -1.75%  -8.86%
   15% |   27.98 [ 25.75.. 29.46] | -13.54% |   2.07 |  -1.91% -10.09%  -1.94%  -8.77%
   20% |   28.27 [ 26.05.. 29.75] | -12.79% |   2.21 |  -1.66%  -9.82%  -2.14%  -8.75%
   25% |   28.51 [ 26.34.. 30.02] | -12.64% |   2.25 |  -1.42%  -9.62%  -2.35%  -8.65%
   33% |   28.91 [ 26.78.. 30.42] | -13.05% |   2.21 |  -1.13%  -9.30%  -2.67%  -8.60%

=== CASH-NULL: replace the IPO sleeve with plain cash at the same weight ===
  cash at 10%: CAGR 24.91%  DD -14.49%  Calmar 1.72
  cash at 20%: CAGR 22.67%  DD -12.64%  Calmar 1.79

=== 50-50 PAIRS (monthly rebalanced) ===
  IPO+OA: CAGR 33.52 [32.02..35.10]  DD -18.61%  Calmar 1.80
  IPO+TN: CAGR 25.65 [23.00..27.02]  DD -11.47%  Calmar 2.24

=== YoY DATA (median across seeds; return with intra-year max DD) ===
       IPO     OA    TN  TN+OA 50-50  TN+OA+IPO 45/45/10  TN+OA+IPO 40/40/20
2006  50.3   19.0   9.0         16.1                19.3                22.5
2007  97.2  143.0  53.6         89.7                88.4                87.5
2008   4.2   -9.1 -14.1          0.6                 0.8                 1.0
2009   3.1   58.0  53.8         55.8                49.7                43.9
2010  28.5   20.0   4.1         21.1                21.3                21.5
2011  13.3   -1.6 -11.7         -0.8                 0.5                 1.8
2012   2.5   13.2  20.6         15.3                14.0                12.7
2013   5.1   15.0   0.8         10.6                10.0                 9.4
2014   5.0   84.3  46.3         61.4                54.9                48.6
2015  13.9   22.5  -6.4          5.2                 6.1                 6.9
2016  43.8   17.2  31.0         27.7                30.5                33.1
2017  58.2  108.0  32.2         69.9                67.9                66.0
2018  -1.9  -11.5  -5.7        -10.1                -8.6                -7.1
2019  14.2    9.1  -2.1          4.6                 5.5                 6.5
2020  87.7  123.2  62.3         81.7                80.9                80.0
2021  41.2  178.2  58.6        107.0               101.9                97.1
2022  14.3   11.4   7.4         10.1                11.4                12.7
2023  72.4   54.0  37.4         55.7                57.5                59.6
2024  78.8   77.3  18.5         23.4                27.4                30.8
2025  -1.8   20.1   5.4         19.1                17.8                16.8
2026  67.4   35.2   5.2         16.3                21.2                25.6

intra-year max DD:
       IPO    OA    TN  TN+OA 50-50  TN+OA+IPO 45/45/10  TN+OA+IPO 40/40/20
2006 -11.4 -12.5 -11.6         -3.8                -3.7                -3.9
2007 -12.1 -13.4 -15.6         -7.1                -6.6                -6.1
2008 -12.5 -14.9 -19.6         -2.6                -2.2                -1.7
2009  -3.8 -11.2  -9.9         -4.0                -3.5                -3.0
2010  -9.0  -9.1 -15.4         -3.9                -2.7                -2.7
2011  -6.9 -11.3 -13.9         -4.5                -3.6                -3.4
2012  -3.9  -7.8  -6.8         -4.7                -4.2                -3.7
2013   0.0  -7.5 -10.8         -1.9                -1.6                -1.4
2014   0.0 -10.0 -11.9         -4.9                -4.4                -3.9
2015  -6.7 -10.9 -12.4         -7.1                -6.2                -5.4
2016  -9.3 -11.7  -6.2         -1.9                -1.7                -1.5
2017  -7.5 -17.2  -8.5         -0.5                -0.4                -0.3
2018 -18.3 -18.5 -22.7        -11.3               -10.6                -9.8
2019  -8.0  -9.2  -8.6         -6.4                -5.8                -5.2
2020  -7.3 -11.5  -6.4         -2.0                -1.7                -2.1
2021 -12.2  -7.6 -12.5          0.0                 0.0                 0.0
2022 -15.1 -18.8  -9.1         -9.1                -8.9                -8.8
2023 -16.3 -11.3  -9.0         -1.7                -2.4                -3.2
2024 -13.8 -12.0 -18.2         -8.7                -7.7                -6.8
2025 -20.2 -19.0 -10.8         -4.0                -4.2                -4.5
2026  -9.2 -21.8  -6.2         -5.5                -4.2                -3.0

summary: {'IPO': (31.48, -20.88), 'OA': (33.57, -26.38), 'TN': (19.48, -24.98), 'TN+OA 50-50': (27.14, -16.42), 'TN+OA+IPO 45/45/10': (27.72, -14.44), 'TN+OA+IPO 40/40/20': (28.27, -12.79)}

BLEND DONE
