[ctx] 1293 vetted listings
[ctx]   loaded 800/2596 (9s)
[ctx]   loaded 1600/2596 (18s)
[ctx]   loaded 2400/2596 (28s)
[ctx] wide panel (5276, 2596) (45s)
[ctx] 786 tradeable young-listing symbols
/home/arun/quantifyd/research/153_ipo_base/scripts/ipo_replay.py:147: RuntimeWarning: All-NaN slice encountered
  np.nanmax(np.stack([hi - lo_, np.abs(hi - pc), np.abs(lo_ - pc)]), axis=0),
[ctx] ready (53s)
[1/256] g1a_a3_L15_d20_off                                   sig   774 | w2 CAGR  23.90% DD  -40.09% netexp +12.42% tpy  11.9 | w1 CAGR  33.82% netexp  +9.10% [2s, 0.0m]
[2/256] g1a_a3_L15_d20_relaxed                               sig   774 | w2 CAGR  23.90% DD  -40.09% netexp +12.42% tpy  11.9 | w1 CAGR  33.82% netexp  +9.10% [2s, 0.1m]
[3/256] g1a_a3_L15_d20_short70                               sig     2 | w2 CAGR   6.04% DD   -6.70% netexp +79.12% tpy   0.1 | w1 CAGR   8.82% netexp +168.15% [1s, 0.1m]
[4/256] g1a_a3_L15_d20_short80                               sig     1 | w2 CAGR   6.13% DD   -6.91% netexp +168.15% tpy   0.0 | w1 CAGR   8.82% netexp +168.15% [1s, 0.1m]
[5/256] g1a_a3_L15_d30_off                                   sig   927 | w2 CAGR  21.49% DD  -40.09% netexp +10.40% tpy  13.0 | w1 CAGR  32.99% netexp  +8.47% [2s, 0.1m]
[6/256] g1a_a3_L15_d30_relaxed                               sig   927 | w2 CAGR  21.49% DD  -40.09% netexp +10.40% tpy  13.0 | w1 CAGR  32.99% netexp  +8.47% [2s, 0.2m]
[7/256] g1a_a3_L15_d30_short70                               sig     2 | w2 CAGR   6.04% DD   -6.70% netexp +79.12% tpy   0.1 | w1 CAGR   8.82% netexp +168.15% [1s, 0.2m]
[8/256] g1a_a3_L15_d30_short80                               sig     1 | w2 CAGR   6.13% DD   -6.91% netexp +168.15% tpy   0.0 | w1 CAGR   8.82% netexp +168.15% [1s, 0.2m]
[9/256] g1a_a3_L15_d40_off                                   sig   963 | w2 CAGR  20.33% DD  -40.09% netexp  +9.64% tpy  13.4 | w1 CAGR  30.47% netexp  +7.91% [2s, 0.2m]
[10/256] g1a_a3_L15_d40_relaxed                               sig   963 | w2 CAGR  20.33% DD  -40.09% netexp  +9.64% tpy  13.4 | w1 CAGR  30.47% netexp  +7.91% [3s, 0.3m]
[11/256] g1a_a3_L15_d40_short70                               sig     2 | w2 CAGR   6.04% DD   -6.70% netexp +79.12% tpy   0.1 | w1 CAGR   8.82% netexp +168.15% [1s, 0.3m]
[12/256] g1a_a3_L15_d40_short80                               sig     1 | w2 CAGR   6.13% DD   -6.91% netexp +168.15% tpy   0.0 | w1 CAGR   8.82% netexp +168.15% [1s, 0.3m]
[13/256] g1a_a3_L15_d60_off                                   sig   971 | w2 CAGR  19.43% DD  -40.09% netexp  +9.25% tpy  13.4 | w1 CAGR  31.14% netexp  +8.02% [2s, 0.4m]
[14/256] g1a_a3_L15_d60_relaxed                               sig   971 | w2 CAGR  19.43% DD  -40.09% netexp  +9.25% tpy  13.4 | w1 CAGR  31.14% netexp  +8.02% [2s, 0.4m]
[15/256] g1a_a3_L15_d60_short70                               sig     2 | w2 CAGR   6.04% DD   -6.70% netexp +79.12% tpy   0.1 | w1 CAGR   8.82% netexp +168.15% [1s, 0.4m]
[16/256] g1a_a3_L15_d60_short80                               sig     1 | w2 CAGR   6.13% DD   -6.91% netexp +168.15% tpy   0.0 | w1 CAGR   8.82% netexp +168.15% [1s, 0.4m]
[17/256] g1a_a3_L25_d20_off                                   sig   385 | w2 CAGR  23.13% DD  -35.84% netexp +16.27% tpy   8.1 | w1 CAGR  36.76% netexp +13.76% [2s, 0.5m]
[18/256] g1a_a3_L25_d20_relaxed                               sig   385 | w2 CAGR  23.13% DD  -35.84% netexp +16.27% tpy   8.1 | w1 CAGR  36.76% netexp +13.76% [2s, 0.5m]
[19/256] g1a_a3_L25_d20_short70                               sig     2 | w2 CAGR   6.04% DD   -6.70% netexp +79.12% tpy   0.1 | w1 CAGR   8.82% netexp +168.15% [1s, 0.5m]
[20/256] g1a_a3_L25_d20_short80                               sig     1 | w2 CAGR   6.13% DD   -6.91% netexp +168.15% tpy   0.0 | w1 CAGR   8.82% netexp +168.15% [1s, 0.5m]
[21/256] g1a_a3_L25_d30_off                                   sig   612 | w2 CAGR  26.27% DD  -35.84% netexp +16.12% tpy   9.5 | w1 CAGR  44.82% netexp +14.14% [2s, 0.5m]
[22/256] g1a_a3_L25_d30_relaxed                               sig   612 | w2 CAGR  26.27% DD  -35.84% netexp +16.12% tpy   9.5 | w1 CAGR  44.82% netexp +14.14% [2s, 0.6m]
[23/256] g1a_a3_L25_d30_short70                               sig     2 | w2 CAGR   6.04% DD   -6.70% netexp +79.12% tpy   0.1 | w1 CAGR   8.82% netexp +168.15% [1s, 0.6m]
[24/256] g1a_a3_L25_d30_short80                               sig     1 | w2 CAGR   6.13% DD   -6.91% netexp +168.15% tpy   0.0 | w1 CAGR   8.82% netexp +168.15% [1s, 0.6m]
[25/256] g1a_a3_L25_d40_off                                   sig   707 | w2 CAGR  25.74% DD  -35.84% netexp +15.21% tpy  10.1 | w1 CAGR  45.35% netexp +14.12% [2s, 0.6m]
[26/256] g1a_a3_L25_d40_relaxed                               sig   707 | w2 CAGR  25.74% DD  -35.84% netexp +15.21% tpy  10.1 | w1 CAGR  45.35% netexp +14.12% [2s, 0.7m]
[27/256] g1a_a3_L25_d40_short70                               sig     2 | w2 CAGR   6.04% DD   -6.70% netexp +79.12% tpy   0.1 | w1 CAGR   8.82% netexp +168.15% [1s, 0.7m]
[28/256] g1a_a3_L25_d40_short80                               sig     1 | w2 CAGR   6.13% DD   -6.91% netexp +168.15% tpy   0.0 | w1 CAGR   8.82% netexp +168.15% [1s, 0.7m]
[29/256] g1a_a3_L25_d60_off                                   sig   742 | w2 CAGR  24.95% DD  -35.84% netexp +14.53% tpy  10.4 | w1 CAGR  43.69% netexp +13.42% [2s, 0.7m]
[30/256] g1a_a3_L25_d60_relaxed                               sig   742 | w2 CAGR  24.95% DD  -35.84% netexp +14.53% tpy  10.4 | w1 CAGR  43.69% netexp +13.42% [2s, 0.8m]
[31/256] g1a_a3_L25_d60_short70                               sig     2 | w2 CAGR   6.04% DD   -6.70% netexp +79.12% tpy   0.1 | w1 CAGR   8.82% netexp +168.15% [1s, 0.8m]
[32/256] g1a_a3_L25_d60_short80                               sig     1 | w2 CAGR   6.13% DD   -6.91% netexp +168.15% tpy   0.0 | w1 CAGR   8.82% netexp +168.15% [1s, 0.8m]
[33/256] g1a_a3_L40_d20_off                                   sig    98 | w2 CAGR  15.30% DD  -29.84% netexp +20.96% tpy   3.6 | w1 CAGR  24.22% netexp +20.96% [2s, 0.8m]
[34/256] g1a_a3_L40_d20_relaxed                               sig    98 | w2 CAGR  15.30% DD  -29.84% netexp +20.96% tpy   3.6 | w1 CAGR  24.22% netexp +20.96% [1s, 0.9m]
[35/256] g1a_a3_L40_d20_short70                               sig     0 | w2 CAGR   5.04% DD    0.00% netexp  -0.50% tpy   0.0 | w1 CAGR   5.06% netexp  -0.50% [1s, 0.9m]
[36/256] g1a_a3_L40_d20_short80                               sig     0 | w2 CAGR   5.04% DD    0.00% netexp  -0.50% tpy   0.0 | w1 CAGR   5.06% netexp  -0.50% [1s, 0.9m]
[37/256] g1a_a3_L40_d30_off                                   sig   225 | w2 CAGR  16.85% DD  -36.44% netexp +14.06% tpy   6.3 | w1 CAGR  24.52% netexp +11.78% [2s, 0.9m]
[38/256] g1a_a3_L40_d30_relaxed                               sig   225 | w2 CAGR  16.85% DD  -36.44% netexp +14.06% tpy   6.3 | w1 CAGR  24.52% netexp +11.78% [2s, 0.9m]
[39/256] g1a_a3_L40_d30_short70                               sig     2 | w2 CAGR   6.04% DD   -6.70% netexp +79.12% tpy   0.1 | w1 CAGR   8.82% netexp +168.15% [1s, 1.0m]
[40/256] g1a_a3_L40_d30_short80                               sig     1 | w2 CAGR   6.13% DD   -6.91% netexp +168.15% tpy   0.0 | w1 CAGR   8.82% netexp +168.15% [1s, 1.0m]
[41/256] g1a_a3_L40_d40_off                                   sig   301 | w2 CAGR  19.82% DD  -36.44% netexp +15.67% tpy   7.1 | w1 CAGR  41.65% netexp +18.90% [2s, 1.0m]
[42/256] g1a_a3_L40_d40_relaxed                               sig   301 | w2 CAGR  19.82% DD  -36.44% netexp +15.67% tpy   7.1 | w1 CAGR  41.65% netexp +18.90% [2s, 1.0m]
[43/256] g1a_a3_L40_d40_short70                               sig     2 | w2 CAGR   6.04% DD   -6.70% netexp +79.12% tpy   0.1 | w1 CAGR   8.82% netexp +168.15% [1s, 1.0m]
[44/256] g1a_a3_L40_d40_short80                               sig     1 | w2 CAGR   6.13% DD   -6.91% netexp +168.15% tpy   0.0 | w1 CAGR   8.82% netexp +168.15% [1s, 1.1m]
[45/256] g1a_a3_L40_d60_off                                   sig   348 | w2 CAGR  21.18% DD  -36.80% netexp +16.57% tpy   7.2 | w1 CAGR  42.97% netexp +20.17% [2s, 1.1m]
[46/256] g1a_a3_L40_d60_relaxed                               sig   348 | w2 CAGR  21.18% DD  -36.80% netexp +16.57% tpy   7.2 | w1 CAGR  42.97% netexp +20.17% [2s, 1.1m]
[47/256] g1a_a3_L40_d60_short70                               sig     2 | w2 CAGR   6.04% DD   -6.70% netexp +79.12% tpy   0.1 | w1 CAGR   8.82% netexp +168.15% [1s, 1.1m]
[48/256] g1a_a3_L40_d60_short80                               sig     1 | w2 CAGR   6.13% DD   -6.91% netexp +168.15% tpy   0.0 | w1 CAGR   8.82% netexp +168.15% [1s, 1.2m]
[49/256] g1a_a3_L60_d20_off                                   sig     8 | w2 CAGR   5.49% DD   -5.90% netexp  +9.23% tpy   0.4 | w1 CAGR   6.56% netexp  +9.42% [1s, 1.2m]
[50/256] g1a_a3_L60_d20_relaxed                               sig     8 | w2 CAGR   5.49% DD   -5.90% netexp  +9.23% tpy   0.4 | w1 CAGR   6.56% netexp  +9.42% [1s, 1.2m]
[51/256] g1a_a3_L60_d20_short70                               sig     0 | w2 CAGR   5.04% DD    0.00% netexp  -0.50% tpy   0.0 | w1 CAGR   5.06% netexp  -0.50% [1s, 1.2m]
[52/256] g1a_a3_L60_d20_short80                               sig     0 | w2 CAGR   5.04% DD    0.00% netexp  -0.50% tpy   0.0 | w1 CAGR   5.06% netexp  -0.50% [1s, 1.2m]
[53/256] g1a_a3_L60_d30_off                                   sig    21 | w2 CAGR   9.25% DD  -20.00% netexp +30.72% tpy   1.0 | w1 CAGR  14.07% netexp +39.99% [1s, 1.2m]
[54/256] g1a_a3_L60_d30_relaxed                               sig    21 | w2 CAGR   9.25% DD  -20.00% netexp +30.72% tpy   1.0 | w1 CAGR  14.07% netexp +39.99% [1s, 1.2m]
[55/256] g1a_a3_L60_d30_short70                               sig     2 | w2 CAGR   6.04% DD   -6.70% netexp +79.12% tpy   0.1 | w1 CAGR   8.82% netexp +168.15% [1s, 1.3m]
[56/256] g1a_a3_L60_d30_short80                               sig     1 | w2 CAGR   6.13% DD   -6.91% netexp +168.15% tpy   0.0 | w1 CAGR   8.82% netexp +168.15% [1s, 1.3m]
[57/256] g1a_a3_L60_d40_off                                   sig    29 | w2 CAGR   9.21% DD  -19.98% netexp +22.20% tpy   1.4 | w1 CAGR  13.13% netexp +26.59% [1s, 1.3m]
[58/256] g1a_a3_L60_d40_relaxed                               sig    29 | w2 CAGR   9.21% DD  -19.98% netexp +22.20% tpy   1.4 | w1 CAGR  13.13% netexp +26.59% [1s, 1.3m]
[59/256] g1a_a3_L60_d40_short70                               sig     2 | w2 CAGR   6.04% DD   -6.70% netexp +79.12% tpy   0.1 | w1 CAGR   8.82% netexp +168.15% [1s, 1.3m]
[60/256] g1a_a3_L60_d40_short80                               sig     1 | w2 CAGR   6.13% DD   -6.91% netexp +168.15% tpy   0.0 | w1 CAGR   8.82% netexp +168.15% [1s, 1.3m]
[61/256] g1a_a3_L60_d60_off                                   sig    33 | w2 CAGR   9.55% DD  -19.98% netexp +21.51% tpy   1.5 | w1 CAGR  14.01% netexp +26.94% [1s, 1.4m]
[62/256] g1a_a3_L60_d60_relaxed                               sig    33 | w2 CAGR   9.55% DD  -19.98% netexp +21.51% tpy   1.5 | w1 CAGR  14.01% netexp +26.94% [1s, 1.4m]
[63/256] g1a_a3_L60_d60_short70                               sig     2 | w2 CAGR   6.04% DD   -6.70% netexp +79.12% tpy   0.1 | w1 CAGR   8.82% netexp +168.15% [1s, 1.4m]
[64/256] g1a_a3_L60_d60_short80                               sig     1 | w2 CAGR   6.13% DD   -6.91% netexp +168.15% tpy   0.0 | w1 CAGR   8.82% netexp +168.15% [1s, 1.4m]
[65/256] g1a_a6_L15_d20_off                                   sig  1830 | w2 CAGR  19.80% DD  -33.59% netexp  +6.94% tpy  17.7 | w1 CAGR  41.98% netexp  +8.54% [3s, 1.4m]
[66/256] g1a_a6_L15_d20_relaxed                               sig  1830 | w2 CAGR  19.80% DD  -33.59% netexp  +6.94% tpy  17.7 | w1 CAGR  41.98% netexp  +8.54% [2s, 1.5m]
[67/256] g1a_a6_L15_d20_short70                               sig   447 | w2 CAGR  11.64% DD  -30.78% netexp  +6.53% tpy   9.9 | w1 CAGR  21.26% netexp  +7.94% [2s, 1.5m]
[68/256] g1a_a6_L15_d20_short80                               sig   340 | w2 CAGR  11.23% DD  -31.39% netexp  +7.28% tpy   8.2 | w1 CAGR  19.49% netexp  +8.78% [2s, 1.5m]
[69/256] g1a_a6_L15_d30_off                                   sig  2164 | w2 CAGR  20.94% DD  -33.59% netexp  +7.06% tpy  18.2 | w1 CAGR  44.40% netexp  +9.17% [3s, 1.6m]
[70/256] g1a_a6_L15_d30_relaxed                               sig  2164 | w2 CAGR  20.94% DD  -33.59% netexp  +7.06% tpy  18.2 | w1 CAGR  44.40% netexp  +9.17% [2s, 1.6m]
[71/256] g1a_a6_L15_d30_short70                               sig   572 | w2 CAGR  11.71% DD  -40.64% netexp  +6.12% tpy  10.9 | w1 CAGR  20.80% netexp  +7.55% [2s, 1.7m]
[72/256] g1a_a6_L15_d30_short80                               sig   444 | w2 CAGR  11.26% DD  -43.30% netexp  +6.77% tpy   9.2 | w1 CAGR  21.16% netexp  +8.83% [2s, 1.7m]
[73/256] g1a_a6_L15_d40_off                                   sig  2239 | w2 CAGR  19.36% DD  -33.59% netexp  +6.40% tpy  18.8 | w1 CAGR  46.36% netexp  +9.41% [3s, 1.7m]
[74/256] g1a_a6_L15_d40_relaxed                               sig  2239 | w2 CAGR  19.36% DD  -33.59% netexp  +6.40% tpy  18.8 | w1 CAGR  46.36% netexp  +9.41% [3s, 1.8m]
[75/256] g1a_a6_L15_d40_short70                               sig   605 | w2 CAGR  12.13% DD  -40.40% netexp  +6.20% tpy  11.0 | w1 CAGR  22.62% netexp  +7.93% [2s, 1.8m]
[76/256] g1a_a6_L15_d40_short80                               sig   475 | w2 CAGR  12.09% DD  -31.84% netexp  +7.21% tpy   9.2 | w1 CAGR  24.66% netexp +10.00% [2s, 1.8m]
[77/256] g1a_a6_L15_d60_off                                   sig  2255 | w2 CAGR  20.11% DD  -32.87% netexp  +6.63% tpy  18.8 | w1 CAGR  45.10% netexp  +9.23% [3s, 1.9m]
[78/256] g1a_a6_L15_d60_relaxed                               sig  2255 | w2 CAGR  20.11% DD  -32.87% netexp  +6.63% tpy  18.8 | w1 CAGR  45.10% netexp  +9.23% [3s, 1.9m]
[79/256] g1a_a6_L15_d60_short70                               sig   613 | w2 CAGR  12.21% DD  -35.01% netexp  +6.34% tpy  10.9 | w1 CAGR  22.58% netexp  +7.96% [2s, 2.0m]
[80/256] g1a_a6_L15_d60_short80                               sig   482 | w2 CAGR  12.33% DD  -31.83% netexp  +7.31% tpy   9.2 | w1 CAGR  25.07% netexp +10.11% [2s, 2.0m]
[81/256] g1a_a6_L25_d20_off                                   sig  1023 | w2 CAGR  20.57% DD  -33.19% netexp  +9.01% tpy  13.6 | w1 CAGR  33.25% netexp  +8.51% [2s, 2.0m]
[82/256] g1a_a6_L25_d20_relaxed                               sig  1023 | w2 CAGR  20.57% DD  -33.19% netexp  +9.01% tpy  13.6 | w1 CAGR  33.25% netexp  +8.51% [2s, 2.1m]
[83/256] g1a_a6_L25_d20_short70                               sig   246 | w2 CAGR   9.54% DD  -47.09% netexp  +5.92% tpy   7.9 | w1 CAGR   9.83% netexp  +4.80% [2s, 2.1m]
[84/256] g1a_a6_L25_d20_short80                               sig   186 | w2 CAGR   8.64% DD  -41.01% netexp  +6.30% tpy   6.2 | w1 CAGR  11.33% netexp  +6.65% [1s, 2.1m]
[85/256] g1a_a6_L25_d30_off                                   sig  1541 | w2 CAGR  22.24% DD  -33.61% netexp  +9.05% tpy  14.5 | w1 CAGR  37.41% netexp  +8.86% [2s, 2.1m]
[86/256] g1a_a6_L25_d30_relaxed                               sig  1541 | w2 CAGR  22.24% DD  -33.61% netexp  +9.05% tpy  14.5 | w1 CAGR  37.41% netexp  +8.86% [2s, 2.2m]
[87/256] g1a_a6_L25_d30_short70                               sig   428 | w2 CAGR  10.00% DD  -40.26% netexp  +5.59% tpy   9.1 | w1 CAGR  13.86% netexp  +5.50% [2s, 2.2m]
[88/256] g1a_a6_L25_d30_short80                               sig   333 | w2 CAGR   9.02% DD  -39.91% netexp  +5.71% tpy   7.7 | w1 CAGR  13.87% netexp  +6.72% [2s, 2.2m]
[89/256] g1a_a6_L25_d40_off                                   sig  1730 | w2 CAGR  21.09% DD  -33.60% netexp  +8.31% tpy  15.2 | w1 CAGR  40.95% netexp  +9.78% [2s, 2.3m]
[90/256] g1a_a6_L25_d40_relaxed                               sig  1730 | w2 CAGR  21.09% DD  -33.60% netexp  +8.31% tpy  15.2 | w1 CAGR  40.95% netexp  +9.78% [3s, 2.3m]
[91/256] g1a_a6_L25_d40_short70                               sig   506 | w2 CAGR  10.45% DD  -44.31% netexp  +5.77% tpy   9.7 | w1 CAGR  18.57% netexp  +7.09% [2s, 2.3m]
[92/256] g1a_a6_L25_d40_short80                               sig   406 | w2 CAGR  10.58% DD  -38.94% netexp  +6.65% tpy   8.3 | w1 CAGR  20.62% netexp  +9.08% [2s, 2.4m]
[93/256] g1a_a6_L25_d60_off                                   sig  1796 | w2 CAGR  21.05% DD  -33.97% netexp  +8.15% tpy  15.3 | w1 CAGR  42.25% netexp  +9.82% [2s, 2.4m]
[94/256] g1a_a6_L25_d60_relaxed                               sig  1796 | w2 CAGR  21.05% DD  -33.97% netexp  +8.15% tpy  15.3 | w1 CAGR  42.25% netexp  +9.82% [3s, 2.4m]
[95/256] g1a_a6_L25_d60_short70                               sig   535 | w2 CAGR  10.87% DD  -44.66% netexp  +6.00% tpy   9.8 | w1 CAGR  18.68% netexp  +7.11% [2s, 2.5m]
[96/256] g1a_a6_L25_d60_short80                               sig   434 | w2 CAGR  10.79% DD  -38.94% netexp  +6.64% tpy   8.5 | w1 CAGR  23.01% netexp  +9.81% [2s, 2.5m]
[97/256] g1a_a6_L40_d20_off                                   sig   417 | w2 CAGR  13.98% DD  -30.61% netexp  +7.77% tpy   9.6 | w1 CAGR  24.46% netexp  +8.26% [2s, 2.5m]
[98/256] g1a_a6_L40_d20_relaxed                               sig   417 | w2 CAGR  13.98% DD  -30.61% netexp  +7.77% tpy   9.6 | w1 CAGR  24.46% netexp  +8.26% [2s, 2.6m]
[99/256] g1a_a6_L40_d20_short70                               sig   107 | w2 CAGR   9.34% DD  -36.22% netexp  +8.63% tpy   4.2 | w1 CAGR  11.60% netexp  +7.91% [1s, 2.6m]
[100/256] g1a_a6_L40_d20_short80                               sig    73 | w2 CAGR   7.68% DD  -27.62% netexp  +8.00% tpy   2.8 | w1 CAGR   9.10% netexp  +8.64% [1s, 2.6m]
[101/256] g1a_a6_L40_d30_off                                   sig   860 | w2 CAGR  18.84% DD  -33.50% netexp  +8.73% tpy  12.5 | w1 CAGR  31.39% netexp  +9.09% [2s, 2.6m]
[102/256] g1a_a6_L40_d30_relaxed                               sig   860 | w2 CAGR  18.84% DD  -33.50% netexp  +8.73% tpy  12.5 | w1 CAGR  31.39% netexp  +9.09% [2s, 2.7m]
[103/256] g1a_a6_L40_d30_short70                               sig   288 | w2 CAGR  10.98% DD  -47.68% netexp  +7.58% tpy   7.4 | w1 CAGR  15.82% netexp  +7.84% [2s, 2.7m]
[104/256] g1a_a6_L40_d30_short80                               sig   209 | w2 CAGR   9.02% DD  -46.80% netexp  +6.94% tpy   6.2 | w1 CAGR  12.58% netexp  +8.18% [1s, 2.7m]
[105/256] g1a_a6_L40_d40_off                                   sig  1074 | w2 CAGR  20.73% DD  -37.70% netexp  +9.55% tpy  13.2 | w1 CAGR  37.32% netexp +10.58% [2s, 2.8m]
[106/256] g1a_a6_L40_d40_relaxed                               sig  1074 | w2 CAGR  20.73% DD  -37.70% netexp  +9.55% tpy  13.2 | w1 CAGR  37.32% netexp +10.58% [2s, 2.8m]
[107/256] g1a_a6_L40_d40_short70                               sig   400 | w2 CAGR  12.64% DD  -42.84% netexp  +8.08% tpy   8.3 | w1 CAGR  19.84% netexp  +8.46% [2s, 2.8m]
[108/256] g1a_a6_L40_d40_short80                               sig   313 | w2 CAGR  11.77% DD  -45.17% netexp  +8.46% tpy   7.2 | w1 CAGR  19.84% netexp +10.22% [2s, 2.8m]
[109/256] g1a_a6_L40_d60_off                                   sig  1202 | w2 CAGR  20.43% DD  -40.56% netexp  +9.27% tpy  13.1 | w1 CAGR  38.07% netexp +11.59% [2s, 2.9m]
[110/256] g1a_a6_L40_d60_relaxed                               sig  1202 | w2 CAGR  20.43% DD  -40.56% netexp  +9.27% tpy  13.1 | w1 CAGR  38.07% netexp +11.59% [2s, 2.9m]
[111/256] g1a_a6_L40_d60_short70                               sig   472 | w2 CAGR  12.94% DD  -36.68% netexp  +7.99% tpy   8.7 | w1 CAGR  24.82% netexp +10.03% [2s, 3.0m]
[112/256] g1a_a6_L40_d60_short80                               sig   382 | w2 CAGR  12.62% DD  -38.09% netexp  +8.38% tpy   8.0 | w1 CAGR  25.72% netexp +11.98% [2s, 3.0m]
[113/256] g1a_a6_L60_d20_off                                   sig   122 | w2 CAGR  11.67% DD  -21.50% netexp +12.11% tpy   4.7 | w1 CAGR  24.22% netexp +15.28% [1s, 3.0m]
[114/256] g1a_a6_L60_d20_relaxed                               sig   122 | w2 CAGR  11.67% DD  -21.50% netexp +12.11% tpy   4.7 | w1 CAGR  24.22% netexp +15.28% [1s, 3.0m]
[115/256] g1a_a6_L60_d20_short70                               sig    30 | w2 CAGR   5.65% DD   -8.52% netexp  +4.81% tpy   1.2 | w1 CAGR   5.99% netexp  +5.75% [1s, 3.0m]
[116/256] g1a_a6_L60_d20_short80                               sig    24 | w2 CAGR   5.38% DD   -8.52% netexp  +3.83% tpy   1.0 | w1 CAGR   5.52% netexp  +4.77% [1s, 3.1m]
[117/256] g1a_a6_L60_d30_off                                   sig   356 | w2 CAGR  15.28% DD  -37.96% netexp +10.08% tpy   8.4 | w1 CAGR  35.32% netexp +14.26% [2s, 3.1m]
[118/256] g1a_a6_L60_d30_relaxed                               sig   356 | w2 CAGR  15.28% DD  -37.96% netexp +10.08% tpy   8.4 | w1 CAGR  35.32% netexp +14.26% [2s, 3.1m]
[119/256] g1a_a6_L60_d30_short70                               sig   130 | w2 CAGR  10.66% DD  -26.28% netexp +10.28% tpy   4.6 | w1 CAGR  21.44% netexp +14.77% [1s, 3.1m]
[120/256] g1a_a6_L60_d30_short80                               sig    90 | w2 CAGR   9.83% DD  -26.29% netexp +12.05% tpy   3.3 | w1 CAGR  20.04% netexp +18.58% [1s, 3.1m]
[121/256] g1a_a6_L60_d40_off                                   sig   549 | w2 CAGR  13.89% DD  -38.85% netexp  +7.75% tpy  10.2 | w1 CAGR  26.30% netexp  +9.39% [2s, 3.2m]
[122/256] g1a_a6_L60_d40_relaxed                               sig   549 | w2 CAGR  13.89% DD  -38.85% netexp  +7.75% tpy  10.2 | w1 CAGR  26.30% netexp  +9.39% [2s, 3.2m]
[123/256] g1a_a6_L60_d40_short70                               sig   277 | w2 CAGR  10.17% DD  -36.38% netexp  +6.86% tpy   7.3 | w1 CAGR  16.92% netexp  +8.26% [2s, 3.2m]
[124/256] g1a_a6_L60_d40_short80                               sig   209 | w2 CAGR   9.57% DD  -35.56% netexp  +7.46% tpy   6.1 | w1 CAGR  16.45% netexp +10.18% [1s, 3.3m]
[125/256] g1a_a6_L60_d60_off                                   sig   699 | w2 CAGR  12.25% DD  -45.94% netexp  +5.93% tpy  11.4 | w1 CAGR  27.59% netexp  +9.52% [2s, 3.3m]
[126/256] g1a_a6_L60_d60_relaxed                               sig   699 | w2 CAGR  12.25% DD  -45.94% netexp  +5.93% tpy  11.4 | w1 CAGR  27.59% netexp  +9.52% [2s, 3.3m]
[127/256] g1a_a6_L60_d60_short70                               sig   407 | w2 CAGR  11.52% DD  -40.77% netexp  +7.28% tpy   8.4 | w1 CAGR  22.05% netexp  +9.40% [2s, 3.3m]
[128/256] g1a_a6_L60_d60_short80                               sig   336 | w2 CAGR  11.27% DD  -37.68% netexp  +7.82% tpy   7.5 | w1 CAGR  23.15% netexp +11.04% [1s, 3.4m]
[129/256] g1a_a12_L15_d20_off                                  sig  3861 | w2 CAGR  22.40% DD  -31.24% netexp  +6.16% tpy  22.9 | w1 CAGR  37.25% netexp  +6.11% [3s, 3.4m]
[130/256] g1a_a12_L15_d20_relaxed                              sig  3861 | w2 CAGR  22.40% DD  -31.24% netexp  +6.16% tpy  22.9 | w1 CAGR  37.25% netexp  +6.11% [3s, 3.5m]
[131/256] g1a_a12_L15_d20_short70                              sig  1237 | w2 CAGR  18.17% DD  -32.69% netexp  +7.43% tpy  14.7 | w1 CAGR  24.78% netexp  +6.70% [2s, 3.5m]
[132/256] g1a_a12_L15_d20_short80                              sig   856 | w2 CAGR  17.36% DD  -33.09% netexp  +8.30% tpy  12.2 | w1 CAGR  26.46% netexp  +8.33% [2s, 3.5m]
[133/256] g1a_a12_L15_d30_off                                  sig  4450 | w2 CAGR  20.91% DD  -33.81% netexp  +5.58% tpy  24.3 | w1 CAGR  30.46% netexp  +5.12% [3s, 3.6m]
[134/256] g1a_a12_L15_d30_relaxed                              sig  4450 | w2 CAGR  20.91% DD  -33.81% netexp  +5.58% tpy  24.3 | w1 CAGR  30.46% netexp  +5.12% [3s, 3.6m]
[135/256] g1a_a12_L15_d30_short70                              sig  1525 | w2 CAGR  17.10% DD  -37.11% netexp  +6.51% tpy  16.1 | w1 CAGR  23.81% netexp  +6.23% [2s, 3.7m]
[136/256] g1a_a12_L15_d30_short80                              sig  1093 | w2 CAGR  17.90% DD  -36.80% netexp  +7.79% tpy  13.8 | w1 CAGR  24.46% netexp  +7.14% [2s, 3.7m]
[137/256] g1a_a12_L15_d40_off                                  sig  4572 | w2 CAGR  19.13% DD  -40.41% netexp  +4.89% tpy  25.0 | w1 CAGR  31.50% netexp  +5.31% [3s, 3.7m]
[138/256] g1a_a12_L15_d40_relaxed                              sig  4572 | w2 CAGR  19.13% DD  -40.41% netexp  +4.89% tpy  25.0 | w1 CAGR  31.50% netexp  +5.31% [3s, 3.8m]
[139/256] g1a_a12_L15_d40_short70                              sig  1588 | w2 CAGR  16.92% DD  -38.05% netexp  +6.35% tpy  16.5 | w1 CAGR  22.39% netexp  +5.68% [2s, 3.8m]
[140/256] g1a_a12_L15_d40_short80                              sig  1152 | w2 CAGR  16.46% DD  -38.01% netexp  +6.90% tpy  14.6 | w1 CAGR  23.15% netexp  +6.60% [2s, 3.9m]
[141/256] g1a_a12_L15_d60_off                                  sig  4593 | w2 CAGR  20.42% DD  -40.40% netexp  +5.23% tpy  24.9 | w1 CAGR  32.16% netexp  +5.30% [3s, 3.9m]
[142/256] g1a_a12_L15_d60_relaxed                              sig  4593 | w2 CAGR  20.42% DD  -40.40% netexp  +5.23% tpy  24.9 | w1 CAGR  32.16% netexp  +5.30% [4s, 4.0m]
[143/256] g1a_a12_L15_d60_short70                              sig  1600 | w2 CAGR  16.94% DD  -40.01% netexp  +6.30% tpy  16.7 | w1 CAGR  22.59% netexp  +5.87% [2s, 4.0m]
[144/256] g1a_a12_L15_d60_short80                              sig  1163 | w2 CAGR  16.89% DD  -38.21% netexp  +6.99% tpy  14.7 | w1 CAGR  23.43% netexp  +6.61% [2s, 4.0m]
[145/256] g1a_a12_L25_d20_off                                  sig  2271 | w2 CAGR  21.58% DD  -33.89% netexp  +7.71% tpy  17.1 | w1 CAGR  29.29% netexp  +6.40% [3s, 4.1m]
[146/256] g1a_a12_L25_d20_relaxed                              sig  2271 | w2 CAGR  21.58% DD  -33.89% netexp  +7.71% tpy  17.1 | w1 CAGR  29.29% netexp  +6.40% [2s, 4.1m]
[147/256] g1a_a12_L25_d20_short70                              sig   729 | w2 CAGR  13.03% DD  -31.02% netexp  +5.83% tpy  12.1 | w1 CAGR  13.90% netexp  +3.84% [2s, 4.1m]
[148/256] g1a_a12_L25_d20_short80                              sig   476 | w2 CAGR  12.53% DD  -33.62% netexp  +6.88% tpy   9.3 | w1 CAGR  17.88% netexp  +5.81% [2s, 4.2m]
[149/256] g1a_a12_L25_d30_off                                  sig  3256 | w2 CAGR  21.35% DD  -36.35% netexp  +6.97% tpy  19.1 | w1 CAGR  27.96% netexp  +5.90% [3s, 4.2m]
[150/256] g1a_a12_L25_d30_relaxed                              sig  3256 | w2 CAGR  21.35% DD  -36.35% netexp  +6.97% tpy  19.1 | w1 CAGR  27.96% netexp  +5.90% [3s, 4.3m]
[151/256] g1a_a12_L25_d30_short70                              sig  1198 | w2 CAGR  14.61% DD  -37.10% netexp  +6.21% tpy  13.8 | w1 CAGR  18.96% netexp  +5.54% [2s, 4.3m]
[152/256] g1a_a12_L25_d30_short80                              sig   845 | w2 CAGR  15.68% DD  -34.13% netexp  +7.75% tpy  11.5 | w1 CAGR  22.16% netexp  +6.71% [2s, 4.3m]
[153/256] g1a_a12_L25_d40_off                                  sig  3584 | w2 CAGR  19.09% DD  -39.79% netexp  +6.12% tpy  19.5 | w1 CAGR  28.94% netexp  +5.97% [3s, 4.4m]
[154/256] g1a_a12_L25_d40_relaxed                              sig  3584 | w2 CAGR  19.09% DD  -39.79% netexp  +6.12% tpy  19.5 | w1 CAGR  28.94% netexp  +5.97% [3s, 4.4m]
[155/256] g1a_a12_L25_d40_short70                              sig  1376 | w2 CAGR  15.10% DD  -35.91% netexp  +6.33% tpy  14.5 | w1 CAGR  24.06% netexp  +7.07% [2s, 4.4m]
[156/256] g1a_a12_L25_d40_short80                              sig  1007 | w2 CAGR  15.29% DD  -34.51% netexp  +7.42% tpy  12.4 | w1 CAGR  23.89% netexp  +7.97% [2s, 4.5m]
[157/256] g1a_a12_L25_d60_off                                  sig  3671 | w2 CAGR  18.05% DD  -40.57% netexp  +5.67% tpy  19.8 | w1 CAGR  30.45% netexp  +6.25% [2s, 4.5m]
[158/256] g1a_a12_L25_d60_relaxed                              sig  3671 | w2 CAGR  18.05% DD  -40.57% netexp  +5.67% tpy  19.8 | w1 CAGR  30.45% netexp  +6.25% [2s, 4.5m]
[159/256] g1a_a12_L25_d60_short70                              sig  1425 | w2 CAGR  15.69% DD  -43.11% netexp  +6.72% tpy  14.5 | w1 CAGR  27.04% netexp  +7.98% [2s, 4.6m]
[160/256] g1a_a12_L25_d60_short80                              sig  1052 | w2 CAGR  15.07% DD  -40.08% netexp  +7.29% tpy  12.5 | w1 CAGR  25.45% netexp  +8.21% [2s, 4.6m]
[161/256] g1a_a12_L40_d20_off                                  sig  1043 | w2 CAGR  17.73% DD  -33.31% netexp  +8.38% tpy  12.2 | w1 CAGR  27.22% netexp  +7.88% [2s, 4.6m]
[162/256] g1a_a12_L40_d20_relaxed                              sig  1043 | w2 CAGR  17.73% DD  -33.31% netexp  +8.38% tpy  12.2 | w1 CAGR  27.22% netexp  +7.88% [2s, 4.7m]
[163/256] g1a_a12_L40_d20_short70                              sig   322 | w2 CAGR  12.48% DD  -32.03% netexp  +7.95% tpy   7.8 | w1 CAGR  13.06% netexp  +4.67% [1s, 4.7m]
[164/256] g1a_a12_L40_d20_short80                              sig   189 | w2 CAGR  11.54% DD  -30.50% netexp  +9.44% tpy   5.6 | w1 CAGR  10.46% netexp  +4.81% [1s, 4.7m]
[165/256] g1a_a12_L40_d30_off                                  sig  2046 | w2 CAGR  19.78% DD  -29.59% netexp  +7.79% tpy  14.9 | w1 CAGR  25.18% netexp  +6.19% [2s, 4.8m]
[166/256] g1a_a12_L40_d30_relaxed                              sig  2046 | w2 CAGR  19.78% DD  -29.59% netexp  +7.79% tpy  14.9 | w1 CAGR  25.18% netexp  +6.19% [2s, 4.8m]
[167/256] g1a_a12_L40_d30_short70                              sig   836 | w2 CAGR  15.24% DD  -32.44% netexp  +7.51% tpy  11.2 | w1 CAGR  16.04% netexp  +4.83% [2s, 4.8m]
[168/256] g1a_a12_L40_d30_short80                              sig   549 | w2 CAGR  14.04% DD  -37.17% netexp  +7.73% tpy   9.5 | w1 CAGR  12.79% netexp  +4.18% [2s, 4.9m]
[169/256] g1a_a12_L40_d40_off                                  sig  2497 | w2 CAGR  19.73% DD  -38.86% netexp  +7.36% tpy  16.1 | w1 CAGR  27.38% netexp  +6.72% [2s, 4.9m]
[170/256] g1a_a12_L40_d40_relaxed                              sig  2497 | w2 CAGR  19.73% DD  -38.86% netexp  +7.36% tpy  16.1 | w1 CAGR  27.38% netexp  +6.72% [3s, 5.0m]
[171/256] g1a_a12_L40_d40_short70                              sig  1129 | w2 CAGR  16.64% DD  -33.60% netexp  +8.08% tpy  12.2 | w1 CAGR  24.81% netexp  +7.88% [2s, 5.0m]
[172/256] g1a_a12_L40_d40_short80                              sig   809 | w2 CAGR  16.69% DD  -33.53% netexp  +8.77% tpy  11.0 | w1 CAGR  26.43% netexp  +9.00% [2s, 5.0m]
[173/256] g1a_a12_L40_d60_off                                  sig  2707 | w2 CAGR  18.21% DD  -42.88% netexp  +6.58% tpy  16.6 | w1 CAGR  28.29% netexp  +6.50% [3s, 5.1m]
[174/256] g1a_a12_L40_d60_relaxed                              sig  2707 | w2 CAGR  18.21% DD  -42.88% netexp  +6.58% tpy  16.6 | w1 CAGR  28.29% netexp  +6.50% [3s, 5.1m]
[175/256] g1a_a12_L40_d60_short70                              sig  1277 | w2 CAGR  16.76% DD  -36.91% netexp  +8.05% tpy  12.7 | w1 CAGR  28.96% netexp  +8.86% [2s, 5.2m]
[176/256] g1a_a12_L40_d60_short80                              sig   950 | w2 CAGR  16.87% DD  -38.14% netexp  +8.66% tpy  11.6 | w1 CAGR  29.13% netexp  +9.50% [2s, 5.2m]
[177/256] g1a_a12_L60_d20_off                                  sig   380 | w2 CAGR  15.82% DD  -39.56% netexp +10.53% tpy   8.2 | w1 CAGR  25.77% netexp +10.03% [2s, 5.2m]
[178/256] g1a_a12_L60_d20_relaxed                              sig   380 | w2 CAGR  15.82% DD  -39.56% netexp +10.53% tpy   8.2 | w1 CAGR  25.77% netexp +10.03% [2s, 5.2m]
[179/256] g1a_a12_L60_d20_short70                              sig    95 | w2 CAGR   6.24% DD  -19.78% netexp  +3.45% tpy   3.7 | w1 CAGR   5.60% netexp  +1.75% [1s, 5.3m]
[180/256] g1a_a12_L60_d20_short80                              sig    48 | w2 CAGR   6.06% DD  -14.49% netexp  +4.70% tpy   2.1 | w1 CAGR   6.71% netexp  +3.97% [1s, 5.3m]
[181/256] g1a_a12_L60_d30_off                                  sig  1083 | w2 CAGR  13.29% DD  -30.96% netexp  +6.38% tpy  11.8 | w1 CAGR  18.38% netexp  +5.23% [2s, 5.3m]
[182/256] g1a_a12_L60_d30_relaxed                              sig  1083 | w2 CAGR  13.29% DD  -30.96% netexp  +6.38% tpy  11.8 | w1 CAGR  18.38% netexp  +5.23% [2s, 5.3m]
[183/256] g1a_a12_L60_d30_short70                              sig   443 | w2 CAGR  10.85% DD  -28.80% netexp  +6.01% tpy   8.7 | w1 CAGR  15.26% netexp  +5.11% [2s, 5.4m]
[184/256] g1a_a12_L60_d30_short80                              sig   254 | w2 CAGR   9.08% DD  -32.37% netexp  +6.08% tpy   6.3 | w1 CAGR   9.27% netexp  +3.64% [1s, 5.4m]
[185/256] g1a_a12_L60_d40_off                                  sig  1582 | w2 CAGR  16.76% DD  -36.18% netexp  +7.43% tpy  13.4 | w1 CAGR  21.63% netexp  +5.71% [2s, 5.4m]
[186/256] g1a_a12_L60_d40_relaxed                              sig  1582 | w2 CAGR  16.76% DD  -36.18% netexp  +7.43% tpy  13.4 | w1 CAGR  21.63% netexp  +5.71% [2s, 5.5m]
[187/256] g1a_a12_L60_d40_short70                              sig   832 | w2 CAGR  13.60% DD  -37.05% netexp  +6.59% tpy  11.3 | w1 CAGR  17.08% netexp  +5.02% [2s, 5.5m]
[188/256] g1a_a12_L60_d40_short80                              sig   559 | w2 CAGR  11.74% DD  -38.12% netexp  +6.09% tpy   9.8 | w1 CAGR  14.02% netexp  +4.38% [2s, 5.5m]
[189/256] g1a_a12_L60_d60_off                                  sig  1908 | w2 CAGR  15.35% DD  -38.02% netexp  +6.44% tpy  14.1 | w1 CAGR  28.78% netexp  +7.38% [2s, 5.6m]
[190/256] g1a_a12_L60_d60_relaxed                              sig  1908 | w2 CAGR  15.35% DD  -38.02% netexp  +6.44% tpy  14.1 | w1 CAGR  28.78% netexp  +7.38% [2s, 5.6m]
[191/256] g1a_a12_L60_d60_short70                              sig  1125 | w2 CAGR  16.69% DD  -37.82% netexp  +8.34% tpy  12.0 | w1 CAGR  24.82% netexp  +8.05% [2s, 5.6m]
[192/256] g1a_a12_L60_d60_short80                              sig   842 | w2 CAGR  15.90% DD  -38.14% netexp  +8.70% tpy  10.7 | w1 CAGR  26.39% netexp  +9.24% [2s, 5.7m]
[193/256] g1a_a24_L15_d20_off                                  sig  7188 | w2 CAGR  24.71% DD  -33.41% netexp  +5.56% tpy  27.5 | w1 CAGR  34.01% netexp  +5.44% [3s, 5.7m]
[194/256] g1a_a24_L15_d20_relaxed                              sig  5194 | w2 CAGR  26.80% DD  -36.35% netexp  +6.61% tpy  25.2 | w1 CAGR  33.32% netexp  +5.22% [3s, 5.8m]
[195/256] g1a_a24_L15_d20_short70                              sig  2397 | w2 CAGR  22.01% DD  -33.08% netexp  +6.79% tpy  18.9 | w1 CAGR  25.72% netexp  +5.32% [3s, 5.8m]
[196/256] g1a_a24_L15_d20_short80                              sig  1663 | w2 CAGR  21.87% DD  -30.40% netexp  +7.70% tpy  16.6 | w1 CAGR  38.14% netexp  +8.94% [2s, 5.8m]
[197/256] g1a_a24_L15_d30_off                                  sig  8140 | w2 CAGR  23.97% DD  -37.25% netexp  +5.14% tpy  29.3 | w1 CAGR  26.90% netexp  +4.07% [3s, 5.9m]
[198/256] g1a_a24_L15_d30_relaxed                              sig  6010 | w2 CAGR  24.19% DD  -41.63% netexp  +5.73% tpy  27.2 | w1 CAGR  33.29% netexp  +5.30% [4s, 6.0m]
[199/256] g1a_a24_L15_d30_short70                              sig  2917 | w2 CAGR  16.62% DD  -37.64% netexp  +4.80% tpy  21.4 | w1 CAGR  23.65% netexp  +4.75% [3s, 6.0m]
[200/256] g1a_a24_L15_d30_short80                              sig  2088 | w2 CAGR  17.58% DD  -33.28% netexp  +5.78% tpy  18.2 | w1 CAGR  30.53% netexp  +6.96% [2s, 6.0m]
[201/256] g1a_a24_L15_d40_off                                  sig  8333 | w2 CAGR  23.77% DD  -36.68% netexp  +5.04% tpy  29.8 | w1 CAGR  31.75% netexp  +4.64% [3s, 6.1m]
[202/256] g1a_a24_L15_d40_relaxed                              sig  6173 | w2 CAGR  22.49% DD  -41.62% netexp  +5.36% tpy  27.6 | w1 CAGR  29.53% netexp  +4.70% [3s, 6.1m]
[203/256] g1a_a24_L15_d40_short70                              sig  3021 | w2 CAGR  15.55% DD  -44.58% netexp  +4.35% tpy  22.0 | w1 CAGR  22.27% netexp  +4.33% [3s, 6.2m]
[204/256] g1a_a24_L15_d40_short80                              sig  2183 | w2 CAGR  17.59% DD  -34.23% netexp  +5.46% tpy  19.0 | w1 CAGR  27.75% netexp  +6.07% [2s, 6.2m]
[205/256] g1a_a24_L15_d60_off                                  sig  8363 | w2 CAGR  24.04% DD  -37.96% netexp  +5.13% tpy  29.5 | w1 CAGR  31.55% netexp  +4.76% [3s, 6.3m]
[206/256] g1a_a24_L15_d60_relaxed                              sig  6198 | w2 CAGR  22.54% DD  -42.43% netexp  +5.28% tpy  27.6 | w1 CAGR  30.72% netexp  +4.79% [3s, 6.3m]
[207/256] g1a_a24_L15_d60_short70                              sig  3037 | w2 CAGR  15.15% DD  -43.99% netexp  +4.24% tpy  22.4 | w1 CAGR  20.51% netexp  +4.15% [3s, 6.4m]
[208/256] g1a_a24_L15_d60_short80                              sig  2197 | w2 CAGR  17.45% DD  -34.23% netexp  +5.45% tpy  19.0 | w1 CAGR  28.31% netexp  +6.26% [2s, 6.4m]
[209/256] g1a_a24_L25_d20_off                                  sig  4365 | w2 CAGR  22.74% DD  -41.28% netexp  +6.69% tpy  20.6 | w1 CAGR  23.24% netexp  +4.73% [3s, 6.5m]
[210/256] g1a_a24_L25_d20_relaxed                              sig  3116 | w2 CAGR  22.84% DD  -39.01% netexp  +7.23% tpy  18.9 | w1 CAGR  25.15% netexp  +5.63% [2s, 6.5m]
[211/256] g1a_a24_L25_d20_short70                              sig  1424 | w2 CAGR  16.83% DD  -28.62% netexp  +6.00% tpy  15.5 | w1 CAGR  21.11% netexp  +4.83% [2s, 6.5m]
[212/256] g1a_a24_L25_d20_short80                              sig   957 | w2 CAGR  16.47% DD  -27.56% netexp  +7.22% tpy  12.6 | w1 CAGR  27.71% netexp  +7.96% [2s, 6.6m]
[213/256] g1a_a24_L25_d30_off                                  sig  6032 | w2 CAGR  22.64% DD  -40.14% netexp  +6.23% tpy  22.5 | w1 CAGR  24.59% netexp  +5.16% [3s, 6.6m]
[214/256] g1a_a24_L25_d30_relaxed                              sig  4504 | w2 CAGR  21.47% DD  -40.68% netexp  +6.24% tpy  21.3 | w1 CAGR  24.13% netexp  +4.86% [3s, 6.7m]
[215/256] g1a_a24_L25_d30_short70                              sig  2340 | w2 CAGR  15.81% DD  -31.26% netexp  +5.11% tpy  18.0 | w1 CAGR  22.64% netexp  +5.39% [2s, 6.7m]
[216/256] g1a_a24_L25_d30_short80                              sig  1667 | w2 CAGR  15.36% DD  -25.14% netexp  +5.68% tpy  15.5 | w1 CAGR  27.01% netexp  +7.29% [2s, 6.7m]
[217/256] g1a_a24_L25_d40_off                                  sig  6535 | w2 CAGR  22.95% DD  -43.28% netexp  +6.19% tpy  23.5 | w1 CAGR  27.34% netexp  +5.24% [3s, 6.8m]
[218/256] g1a_a24_L25_d40_relaxed                              sig  4944 | w2 CAGR  21.38% DD  -42.94% netexp  +6.18% tpy  21.8 | w1 CAGR  28.44% netexp  +5.58% [3s, 6.8m]
[219/256] g1a_a24_L25_d40_short70                              sig  2638 | w2 CAGR  15.77% DD  -40.89% netexp  +4.89% tpy  19.1 | w1 CAGR  26.73% netexp  +6.17% [2s, 6.9m]
[220/256] g1a_a24_L25_d40_short80                              sig  1932 | w2 CAGR  17.06% DD  -31.65% netexp  +5.78% tpy  17.1 | w1 CAGR  32.79% netexp  +7.80% [2s, 6.9m]
[221/256] g1a_a24_L25_d60_off                                  sig  6663 | w2 CAGR  23.12% DD  -39.64% netexp  +6.24% tpy  23.5 | w1 CAGR  30.77% netexp  +6.10% [4s, 7.0m]
[222/256] g1a_a24_L25_d60_relaxed                              sig  5061 | w2 CAGR  21.41% DD  -44.57% netexp  +6.03% tpy  22.2 | w1 CAGR  36.41% netexp  +7.13% [4s, 7.0m]
[223/256] g1a_a24_L25_d60_short70                              sig  2714 | w2 CAGR  16.81% DD  -38.73% netexp  +5.23% tpy  19.2 | w1 CAGR  26.70% netexp  +6.15% [3s, 7.1m]
[224/256] g1a_a24_L25_d60_short80                              sig  2000 | w2 CAGR  16.79% DD  -32.95% netexp  +5.65% tpy  17.2 | w1 CAGR  33.40% netexp  +7.89% [2s, 7.1m]
[225/256] g1a_a24_L40_d20_off                                  sig  2123 | w2 CAGR  17.68% DD  -27.07% netexp  +6.83% tpy  14.8 | w1 CAGR  35.29% netexp  +9.07% [3s, 7.2m]
[226/256] g1a_a24_L40_d20_relaxed                              sig  1471 | w2 CAGR  16.57% DD  -32.09% netexp  +6.41% tpy  14.1 | w1 CAGR  27.13% netexp  +6.54% [2s, 7.2m]
[227/256] g1a_a24_L40_d20_short70                              sig   666 | w2 CAGR  10.97% DD  -30.81% netexp  +4.70% tpy  10.5 | w1 CAGR  13.77% netexp  +3.60% [2s, 7.2m]
[228/256] g1a_a24_L40_d20_short80                              sig   413 | w2 CAGR  12.22% DD  -33.13% netexp  +6.92% tpy   8.1 | w1 CAGR  17.76% netexp  +6.05% [2s, 7.3m]
[229/256] g1a_a24_L40_d30_off                                  sig  3947 | w2 CAGR  21.80% DD  -37.59% netexp  +7.10% tpy  18.0 | w1 CAGR  24.46% netexp  +5.92% [3s, 7.3m]
[230/256] g1a_a24_L40_d30_relaxed                              sig  2954 | w2 CAGR  20.41% DD  -39.24% netexp  +7.02% tpy  17.2 | w1 CAGR  28.13% netexp  +6.71% [3s, 7.4m]
[231/256] g1a_a24_L40_d30_short70                              sig  1684 | w2 CAGR  15.72% DD  -30.85% netexp  +6.09% tpy  14.6 | w1 CAGR  16.29% netexp  +4.15% [2s, 7.4m]
[232/256] g1a_a24_L40_d30_short80                              sig  1136 | w2 CAGR  15.41% DD  -34.46% netexp  +6.64% tpy  12.8 | w1 CAGR  18.50% netexp  +5.60% [2s, 7.4m]
[233/256] g1a_a24_L40_d40_off                                  sig  4712 | w2 CAGR  19.52% DD  -48.27% netexp  +6.16% tpy  19.4 | w1 CAGR  22.99% netexp  +5.47% [3s, 7.5m]
[234/256] g1a_a24_L40_d40_relaxed                              sig  3621 | w2 CAGR  20.17% DD  -46.08% netexp  +6.64% tpy  18.4 | w1 CAGR  27.81% netexp  +6.62% [3s, 7.5m]
[235/256] g1a_a24_L40_d40_short70                              sig  2214 | w2 CAGR  15.75% DD  -33.17% netexp  +5.58% tpy  16.4 | w1 CAGR  23.17% netexp  +5.79% [2s, 7.6m]
[236/256] g1a_a24_L40_d40_short80                              sig  1594 | w2 CAGR  16.94% DD  -30.74% netexp  +6.50% tpy  14.7 | w1 CAGR  24.47% netexp  +6.66% [2s, 7.6m]
[237/256] g1a_a24_L40_d60_off                                  sig  5043 | w2 CAGR  20.07% DD  -50.27% netexp  +6.09% tpy  20.0 | w1 CAGR  29.91% netexp  +6.75% [3s, 7.6m]
[238/256] g1a_a24_L40_d60_relaxed                              sig  3918 | w2 CAGR  19.98% DD  -47.62% netexp  +6.35% tpy  19.3 | w1 CAGR  32.37% netexp  +7.31% [3s, 7.7m]
[239/256] g1a_a24_L40_d60_short70                              sig  2452 | w2 CAGR  16.38% DD  -38.70% netexp  +5.67% tpy  17.0 | w1 CAGR  25.30% netexp  +6.26% [3s, 7.7m]
[240/256] g1a_a24_L40_d60_short80                              sig  1817 | w2 CAGR  16.83% DD  -31.41% netexp  +6.17% tpy  15.9 | w1 CAGR  30.72% netexp  +7.86% [2s, 7.8m]
[241/256] g1a_a24_L60_d20_off                                  sig   850 | w2 CAGR  15.85% DD  -43.86% netexp  +8.48% tpy  10.0 | w1 CAGR  30.11% netexp  +9.69% [2s, 7.8m]
[242/256] g1a_a24_L60_d20_relaxed                              sig   538 | w2 CAGR  16.93% DD  -46.08% netexp +10.10% tpy   8.9 | w1 CAGR  37.25% netexp +12.68% [2s, 7.8m]
[243/256] g1a_a24_L60_d20_short70                              sig   206 | w2 CAGR  10.17% DD  -37.63% netexp  +7.46% tpy   5.5 | w1 CAGR  15.77% netexp  +7.54% [1s, 7.8m]
[244/256] g1a_a24_L60_d20_short80                              sig   121 | w2 CAGR   8.76% DD  -37.82% netexp  +8.43% tpy   3.5 | w1 CAGR  14.44% netexp +10.55% [1s, 7.9m]
[245/256] g1a_a24_L60_d30_off                                  sig  2315 | w2 CAGR  16.19% DD  -43.79% netexp  +6.19% tpy  14.9 | w1 CAGR  21.43% netexp  +6.03% [2s, 7.9m]
[246/256] g1a_a24_L60_d30_relaxed                              sig  1636 | w2 CAGR  16.80% DD  -35.04% netexp  +6.83% tpy  13.7 | w1 CAGR  28.22% netexp  +7.29% [3s, 7.9m]
[247/256] g1a_a24_L60_d30_short70                              sig   945 | w2 CAGR  12.85% DD  -37.58% netexp  +5.81% tpy  11.5 | w1 CAGR  18.60% netexp  +5.52% [2s, 8.0m]
[248/256] g1a_a24_L60_d30_short80                              sig   568 | w2 CAGR   9.82% DD  -42.82% netexp  +4.74% tpy   9.4 | w1 CAGR  13.11% netexp  +4.49% [2s, 8.0m]
[249/256] g1a_a24_L60_d40_off                                  sig  3263 | w2 CAGR  15.38% DD  -34.25% netexp  +5.21% tpy  16.9 | w1 CAGR  25.70% netexp  +6.34% [3s, 8.1m]
[250/256] g1a_a24_L60_d40_relaxed                              sig  2445 | w2 CAGR  16.79% DD  -38.01% netexp  +5.99% tpy  15.9 | w1 CAGR  29.87% netexp  +7.39% [3s, 8.1m]
[251/256] g1a_a24_L60_d40_short70                              sig  1712 | w2 CAGR  12.76% DD  -35.47% netexp  +4.69% tpy  14.6 | w1 CAGR  20.06% netexp  +5.25% [2s, 8.1m]
[252/256] g1a_a24_L60_d40_short80                              sig  1181 | w2 CAGR  10.59% DD  -27.97% netexp  +4.14% tpy  12.8 | w1 CAGR  18.86% netexp  +5.68% [2s, 8.2m]
[253/256] g1a_a24_L60_d60_off                                  sig  3816 | w2 CAGR  17.03% DD  -40.73% netexp  +5.65% tpy  17.4 | w1 CAGR  29.86% netexp  +6.95% [3s, 8.2m]
[254/256] g1a_a24_L60_d60_relaxed                              sig  2954 | w2 CAGR  16.40% DD  -39.84% netexp  +5.52% tpy  17.0 | w1 CAGR  29.90% netexp  +6.97% [3s, 8.3m]
[255/256] g1a_a24_L60_d60_short70                              sig  2188 | w2 CAGR  18.09% DD  -35.71% netexp  +6.86% tpy  15.4 | w1 CAGR  25.17% netexp  +6.13% [2s, 8.3m]
[256/256] g1a_a24_L60_d60_short80                              sig  1636 | w2 CAGR  16.01% DD  -34.71% netexp  +6.20% tpy  14.5 | w1 CAGR  25.51% netexp  +6.90% [2s, 8.3m]
PHASE DONE
