[ctx] 1293 vetted listings
[ctx]   loaded 800/2596 (9s)
[ctx]   loaded 1600/2596 (19s)
[ctx]   loaded 2400/2596 (29s)
[ctx] wide panel (5276, 2596) (48s)
[ctx] 786 tradeable young-listing symbols
/home/arun/quantifyd/research/153_ipo_base/scripts/ipo_replay.py:147: RuntimeWarning: All-NaN slice encountered
  np.nanmax(np.stack([hi - lo_, np.abs(hi - pc), np.abs(lo_ - pc)]), axis=0),
[ctx] ready (56s)
geometries: ['a3_L25_d30', 'a6_L25_d30', 'a12_L40_d30', 'a24_L15_d30']
[1/384] g1b_a3_L25_d30_s7_t20_notp_n5                        sig   612 | w2 CAGR  29.16% DD  -33.08% netexp  +8.58% tpy  11.5 | w1 CAGR  49.77% netexp  +7.13% [2s, 0.0m]
[2/384] g1b_a3_L25_d30_s7_t20_notp_n8                        sig   612 | w2 CAGR  24.69% DD  -22.86% netexp  +7.79% tpy  16.3 | w1 CAGR  43.62% netexp  +6.84% [2s, 0.1m]
[3/384] g1b_a3_L25_d30_s7_t20_notp_n10                       sig   612 | w2 CAGR  21.65% DD  -20.13% netexp  +7.00% tpy  19.3 | w1 CAGR  37.07% netexp  +6.00% [2s, 0.1m]
[4/384] g1b_a3_L25_d30_s7_t20_notp_n16                       sig   612 | w2 CAGR  13.75% DD  -11.78% netexp  +6.15% tpy  28.0 | w1 CAGR  22.79% netexp  +5.45% [2s, 0.1m]
[5/384] g1b_a3_L25_d30_s7_t20_tp25_n5                        sig   612 | w2 CAGR  29.48% DD  -18.98% netexp  +6.74% tpy  13.9 | w1 CAGR  45.55% netexp  +5.01% [1s, 0.1m]
[6/384] g1b_a3_L25_d30_s7_t20_tp25_n8                        sig   612 | w2 CAGR  24.59% DD  -13.32% netexp  +6.16% tpy  19.4 | w1 CAGR  38.07% netexp  +4.66% [2s, 0.2m]
[7/384] g1b_a3_L25_d30_s7_t20_tp25_n10                       sig   612 | w2 CAGR  21.02% DD  -12.09% netexp  +5.76% tpy  21.6 | w1 CAGR  30.54% netexp  +4.16% [1s, 0.2m]
[8/384] g1b_a3_L25_d30_s7_t20_tp25_n16                       sig   612 | w2 CAGR  12.91% DD   -7.90% netexp  +5.15% tpy  29.2 | w1 CAGR  17.76% netexp  +3.76% [2s, 0.2m]
[9/384] g1b_a3_L25_d30_s7_t30_notp_n5                        sig   612 | w2 CAGR  23.81% DD  -33.08% netexp  +8.39% tpy   9.7 | w1 CAGR  36.44% netexp  +6.67% [2s, 0.2m]
[10/384] g1b_a3_L25_d30_s7_t30_notp_n8                        sig   612 | w2 CAGR  21.46% DD  -29.12% netexp  +8.02% tpy  13.8 | w1 CAGR  35.13% netexp  +6.93% [2s, 0.3m]
[11/384] g1b_a3_L25_d30_s7_t30_notp_n10                       sig   612 | w2 CAGR  19.72% DD  -27.49% netexp  +7.61% tpy  16.2 | w1 CAGR  32.86% netexp  +6.56% [2s, 0.3m]
[12/384] g1b_a3_L25_d30_s7_t30_notp_n16                       sig   612 | w2 CAGR  13.90% DD  -19.06% netexp  +6.90% tpy  26.0 | w1 CAGR  24.22% netexp  +6.52% [2s, 0.3m]
[13/384] g1b_a3_L25_d30_s7_t30_tp25_n5                        sig   612 | w2 CAGR  27.87% DD  -20.81% netexp  +7.31% tpy  12.1 | w1 CAGR  46.72% netexp  +6.25% [1s, 0.4m]
[14/384] g1b_a3_L25_d30_s7_t30_tp25_n8                        sig   612 | w2 CAGR  24.10% DD  -15.85% netexp  +6.94% tpy  17.2 | w1 CAGR  38.52% netexp  +5.58% [2s, 0.4m]
[15/384] g1b_a3_L25_d30_s7_t30_tp25_n10                       sig   612 | w2 CAGR  21.46% DD  -14.01% netexp  +6.72% tpy  19.2 | w1 CAGR  33.87% netexp  +5.47% [2s, 0.4m]
[16/384] g1b_a3_L25_d30_s7_t30_tp25_n16                       sig   612 | w2 CAGR  13.66% DD   -8.91% netexp  +5.98% tpy  28.0 | w1 CAGR  21.17% netexp  +4.99% [2s, 0.5m]
[17/384] g1b_a3_L25_d30_s7_t50_notp_n5                        sig   612 | w2 CAGR  29.49% DD  -40.37% netexp +17.31% tpy   6.6 | w1 CAGR  44.62% netexp +12.81% [1s, 0.5m]
[18/384] g1b_a3_L25_d30_s7_t50_notp_n8                        sig   612 | w2 CAGR  26.46% DD  -35.84% netexp +16.12% tpy   9.6 | w1 CAGR  45.23% netexp +14.12% [2s, 0.5m]
[19/384] g1b_a3_L25_d30_s7_t50_notp_n10                       sig   612 | w2 CAGR  24.58% DD  -31.09% netexp +15.24% tpy  11.5 | w1 CAGR  44.99% netexp +14.33% [2s, 0.5m]
[20/384] g1b_a3_L25_d30_s7_t50_notp_n16                       sig   612 | w2 CAGR  17.44% DD  -21.02% netexp +12.32% tpy  21.6 | w1 CAGR  33.46% netexp +12.37% [3s, 0.6m]
[21/384] g1b_a3_L25_d30_s7_t50_tp25_n5                        sig   612 | w2 CAGR  28.03% DD  -25.85% netexp  +8.49% tpy  10.7 | w1 CAGR  38.17% netexp  +6.06% [1s, 0.6m]
[22/384] g1b_a3_L25_d30_s7_t50_tp25_n8                        sig   612 | w2 CAGR  24.00% DD  -21.01% netexp  +7.81% tpy  15.5 | w1 CAGR  31.52% netexp  +5.44% [2s, 0.6m]
[23/384] g1b_a3_L25_d30_s7_t50_tp25_n10                       sig   612 | w2 CAGR  21.24% DD  -22.09% netexp  +7.48% tpy  17.4 | w1 CAGR  27.96% netexp  +5.24% [2s, 0.7m]
[24/384] g1b_a3_L25_d30_s7_t50_tp25_n16                       sig   612 | w2 CAGR  13.95% DD  -12.18% netexp  +6.65% tpy  26.6 | w1 CAGR  20.41% netexp  +5.20% [2s, 0.7m]
[25/384] g1b_a3_L25_d30_s7_t150_notp_n5                       sig   612 | w2 CAGR  10.19% DD  -49.59% netexp +10.06% tpy   4.1 | w1 CAGR  12.04% netexp  +7.26% [2s, 0.7m]
[26/384] g1b_a3_L25_d30_s7_t150_notp_n8                       sig   612 | w2 CAGR  13.78% DD  -43.89% netexp +13.77% tpy   6.0 | w1 CAGR  21.39% netexp +13.27% [2s, 0.8m]
[27/384] g1b_a3_L25_d30_s7_t150_notp_n10                      sig   612 | w2 CAGR  14.06% DD  -39.87% netexp +14.60% tpy   7.0 | w1 CAGR  25.39% netexp +16.58% [2s, 0.8m]
[28/384] g1b_a3_L25_d30_s7_t150_notp_n16                      sig   612 | w2 CAGR  13.80% DD  -34.90% netexp +15.78% tpy  13.7 | w1 CAGR  25.70% netexp +17.58% [3s, 0.8m]
[29/384] g1b_a3_L25_d30_s7_t150_tp25_n5                       sig   612 | w2 CAGR  20.47% DD  -28.41% netexp  +7.87% tpy   8.6 | w1 CAGR  29.68% netexp  +6.62% [1s, 0.9m]
[30/384] g1b_a3_L25_d30_s7_t150_tp25_n8                       sig   612 | w2 CAGR  17.68% DD  -26.58% netexp  +7.01% tpy  13.1 | w1 CAGR  27.84% netexp  +6.18% [2s, 0.9m]
[31/384] g1b_a3_L25_d30_s7_t150_tp25_n10                      sig   612 | w2 CAGR  16.62% DD  -24.89% netexp  +6.99% tpy  15.0 | w1 CAGR  25.99% netexp  +6.02% [2s, 0.9m]
[32/384] g1b_a3_L25_d30_s7_t150_tp25_n16                      sig   612 | w2 CAGR  13.78% DD  -15.95% netexp  +7.24% tpy  25.1 | w1 CAGR  23.39% netexp  +6.72% [3s, 1.0m]
[33/384] g1b_a3_L25_d30_s8_t20_notp_n5                        sig   612 | w2 CAGR  29.05% DD  -33.08% netexp  +8.59% tpy  11.4 | w1 CAGR  49.91% netexp  +7.17% [1s, 1.0m]
[34/384] g1b_a3_L25_d30_s8_t20_notp_n8                        sig   612 | w2 CAGR  24.68% DD  -22.86% netexp  +7.79% tpy  16.3 | w1 CAGR  43.64% netexp  +6.84% [2s, 1.0m]
[35/384] g1b_a3_L25_d30_s8_t20_notp_n10                       sig   612 | w2 CAGR  21.64% DD  -20.13% netexp  +7.00% tpy  19.3 | w1 CAGR  37.08% netexp  +6.00% [2s, 1.1m]
[36/384] g1b_a3_L25_d30_s8_t20_notp_n16                       sig   612 | w2 CAGR  13.74% DD  -11.78% netexp  +6.14% tpy  28.0 | w1 CAGR  22.82% netexp  +5.46% [2s, 1.1m]
[37/384] g1b_a3_L25_d30_s8_t20_tp25_n5                        sig   612 | w2 CAGR  29.15% DD  -18.98% netexp  +6.61% tpy  13.9 | w1 CAGR  45.69% netexp  +5.09% [1s, 1.1m]
[38/384] g1b_a3_L25_d30_s8_t20_tp25_n8                        sig   612 | w2 CAGR  24.19% DD  -13.80% netexp  +6.07% tpy  19.5 | w1 CAGR  38.08% netexp  +4.67% [2s, 1.1m]
[39/384] g1b_a3_L25_d30_s8_t20_tp25_n10                       sig   612 | w2 CAGR  20.80% DD  -12.72% netexp  +5.67% tpy  21.6 | w1 CAGR  30.55% netexp  +4.16% [2s, 1.2m]
[40/384] g1b_a3_L25_d30_s8_t20_tp25_n16                       sig   612 | w2 CAGR  12.83% DD   -7.89% netexp  +5.11% tpy  29.2 | w1 CAGR  17.78% netexp  +3.77% [2s, 1.2m]
[41/384] g1b_a3_L25_d30_s8_t30_notp_n5                        sig   612 | w2 CAGR  23.65% DD  -33.08% netexp  +8.33% tpy   9.6 | w1 CAGR  35.51% netexp  +6.64% [1s, 1.2m]
[42/384] g1b_a3_L25_d30_s8_t30_notp_n8                        sig   612 | w2 CAGR  21.27% DD  -29.12% netexp  +7.95% tpy  13.8 | w1 CAGR  34.99% netexp  +6.96% [2s, 1.2m]
[43/384] g1b_a3_L25_d30_s8_t30_notp_n10                       sig   612 | w2 CAGR  19.79% DD  -27.49% netexp  +7.65% tpy  16.2 | w1 CAGR  32.80% netexp  +6.59% [2s, 1.3m]
[44/384] g1b_a3_L25_d30_s8_t30_notp_n16                       sig   612 | w2 CAGR  13.93% DD  -19.06% netexp  +6.94% tpy  26.0 | w1 CAGR  24.59% netexp  +6.65% [2s, 1.3m]
[45/384] g1b_a3_L25_d30_s8_t30_tp25_n5                        sig   612 | w2 CAGR  27.47% DD  -21.18% netexp  +7.33% tpy  11.9 | w1 CAGR  46.56% netexp  +6.37% [1s, 1.3m]
[46/384] g1b_a3_L25_d30_s8_t30_tp25_n8                        sig   612 | w2 CAGR  23.80% DD  -15.70% netexp  +6.85% tpy  17.2 | w1 CAGR  39.66% netexp  +5.78% [2s, 1.4m]
[47/384] g1b_a3_L25_d30_s8_t30_tp25_n10                       sig   612 | w2 CAGR  21.35% DD  -14.14% netexp  +6.71% tpy  19.2 | w1 CAGR  34.11% netexp  +5.53% [1s, 1.4m]
[48/384] g1b_a3_L25_d30_s8_t30_tp25_n16                       sig   612 | w2 CAGR  13.75% DD   -8.69% netexp  +6.04% tpy  28.0 | w1 CAGR  21.91% netexp  +5.20% [2s, 1.4m]
[49/384] g1b_a3_L25_d30_s8_t50_notp_n5                        sig   612 | w2 CAGR  31.14% DD  -40.37% netexp +19.47% tpy   6.2 | w1 CAGR  55.06% netexp +17.70% [2s, 1.4m]
[50/384] g1b_a3_L25_d30_s8_t50_notp_n8                        sig   612 | w2 CAGR  26.27% DD  -35.84% netexp +16.12% tpy   9.5 | w1 CAGR  44.82% netexp +14.14% [2s, 1.5m]
[51/384] g1b_a3_L25_d30_s8_t50_notp_n10                       sig   612 | w2 CAGR  23.42% DD  -31.09% netexp +14.41% tpy  11.5 | w1 CAGR  40.62% netexp +12.86% [2s, 1.5m]
[52/384] g1b_a3_L25_d30_s8_t50_notp_n16                       sig   612 | w2 CAGR  17.50% DD  -21.18% netexp +12.46% tpy  21.5 | w1 CAGR  33.82% netexp +12.58% [3s, 1.5m]
[53/384] g1b_a3_L25_d30_s8_t50_tp25_n5                        sig   612 | w2 CAGR  28.13% DD  -27.58% netexp  +8.64% tpy  10.6 | w1 CAGR  41.50% netexp  +6.76% [1s, 1.6m]
[54/384] g1b_a3_L25_d30_s8_t50_tp25_n8                        sig   612 | w2 CAGR  24.43% DD  -21.78% netexp  +8.12% tpy  15.3 | w1 CAGR  34.37% netexp  +6.02% [2s, 1.6m]
[55/384] g1b_a3_L25_d30_s8_t50_tp25_n10                       sig   612 | w2 CAGR  21.08% DD  -22.73% netexp  +7.55% tpy  17.2 | w1 CAGR  29.38% netexp  +5.57% [2s, 1.6m]
[56/384] g1b_a3_L25_d30_s8_t50_tp25_n16                       sig   612 | w2 CAGR  14.23% DD  -13.39% netexp  +6.85% tpy  26.5 | w1 CAGR  21.31% netexp  +5.47% [2s, 1.7m]
[57/384] g1b_a3_L25_d30_s8_t150_notp_n5                       sig   612 | w2 CAGR  11.75% DD  -45.11% netexp +12.20% tpy   4.0 | w1 CAGR  21.21% netexp +13.21% [2s, 1.7m]
[58/384] g1b_a3_L25_d30_s8_t150_notp_n8                       sig   612 | w2 CAGR  12.58% DD  -40.90% netexp +12.69% tpy   5.9 | w1 CAGR  17.84% netexp +11.30% [2s, 1.7m]
[59/384] g1b_a3_L25_d30_s8_t150_notp_n10                      sig   612 | w2 CAGR  13.34% DD  -39.89% netexp +13.73% tpy   7.0 | w1 CAGR  22.93% netexp +14.81% [2s, 1.8m]
[60/384] g1b_a3_L25_d30_s8_t150_notp_n16                      sig   612 | w2 CAGR  12.40% DD  -33.50% netexp +14.74% tpy  13.4 | w1 CAGR  26.21% netexp +18.73% [3s, 1.8m]
[61/384] g1b_a3_L25_d30_s8_t150_tp25_n5                       sig   612 | w2 CAGR  16.68% DD  -31.45% netexp  +6.94% tpy   8.2 | w1 CAGR  24.43% netexp  +6.35% [2s, 1.8m]
[62/384] g1b_a3_L25_d30_s8_t150_tp25_n8                       sig   612 | w2 CAGR  16.06% DD  -29.07% netexp  +6.63% tpy  12.5 | w1 CAGR  22.59% netexp  +5.48% [2s, 1.9m]
[63/384] g1b_a3_L25_d30_s8_t150_tp25_n10                      sig   612 | w2 CAGR  15.92% DD  -28.03% netexp  +6.99% tpy  14.4 | w1 CAGR  21.92% netexp  +5.51% [2s, 1.9m]
[64/384] g1b_a3_L25_d30_s8_t150_tp25_n16                      sig   612 | w2 CAGR  14.01% DD  -16.63% netexp  +7.61% tpy  24.7 | w1 CAGR  24.80% netexp  +7.27% [3s, 2.0m]
[65/384] g1b_a3_L25_d30_s10_t20_notp_n5                       sig   612 | w2 CAGR  28.76% DD  -33.08% netexp  +8.50% tpy  11.4 | w1 CAGR  49.14% netexp  +7.09% [1s, 2.0m]
[66/384] g1b_a3_L25_d30_s10_t20_notp_n8                       sig   612 | w2 CAGR  24.66% DD  -22.86% netexp  +7.78% tpy  16.3 | w1 CAGR  42.98% netexp  +6.72% [1s, 2.0m]
[67/384] g1b_a3_L25_d30_s10_t20_notp_n10                      sig   612 | w2 CAGR  21.61% DD  -20.13% netexp  +6.99% tpy  19.2 | w1 CAGR  37.05% netexp  +5.99% [2s, 2.0m]
[68/384] g1b_a3_L25_d30_s10_t20_notp_n16                      sig   612 | w2 CAGR  13.76% DD  -11.78% netexp  +6.16% tpy  28.0 | w1 CAGR  22.92% netexp  +5.49% [2s, 2.1m]
[69/384] g1b_a3_L25_d30_s10_t20_tp25_n5                       sig   612 | w2 CAGR  28.73% DD  -19.12% netexp  +6.59% tpy  13.8 | w1 CAGR  45.04% netexp  +5.02% [1s, 2.1m]
[70/384] g1b_a3_L25_d30_s10_t20_tp25_n8                       sig   612 | w2 CAGR  24.35% DD  -13.80% netexp  +6.11% tpy  19.4 | w1 CAGR  38.15% netexp  +4.69% [1s, 2.1m]
[71/384] g1b_a3_L25_d30_s10_t20_tp25_n10                      sig   612 | w2 CAGR  20.79% DD  -12.72% netexp  +5.70% tpy  21.6 | w1 CAGR  30.65% netexp  +4.18% [2s, 2.1m]
[72/384] g1b_a3_L25_d30_s10_t20_tp25_n16                      sig   612 | w2 CAGR  12.86% DD   -7.89% netexp  +5.13% tpy  29.2 | w1 CAGR  17.88% netexp  +3.79% [2s, 2.2m]
[73/384] g1b_a3_L25_d30_s10_t30_notp_n5                       sig   612 | w2 CAGR  23.44% DD  -33.08% netexp  +8.37% tpy   9.5 | w1 CAGR  34.83% netexp  +6.51% [1s, 2.2m]
[74/384] g1b_a3_L25_d30_s10_t30_notp_n8                       sig   612 | w2 CAGR  21.35% DD  -29.12% netexp  +8.12% tpy  13.6 | w1 CAGR  34.50% netexp  +6.90% [2s, 2.2m]
[75/384] g1b_a3_L25_d30_s10_t30_notp_n10                      sig   612 | w2 CAGR  19.93% DD  -27.48% netexp  +7.79% tpy  16.0 | w1 CAGR  33.56% netexp  +6.85% [2s, 2.2m]
[76/384] g1b_a3_L25_d30_s10_t30_notp_n16                      sig   612 | w2 CAGR  13.89% DD  -19.06% netexp  +6.97% tpy  25.9 | w1 CAGR  24.34% netexp  +6.64% [2s, 2.3m]
[77/384] g1b_a3_L25_d30_s10_t30_tp25_n5                       sig   612 | w2 CAGR  27.22% DD  -21.44% netexp  +7.25% tpy  11.9 | w1 CAGR  45.10% netexp  +6.19% [1s, 2.3m]
[78/384] g1b_a3_L25_d30_s10_t30_tp25_n8                       sig   612 | w2 CAGR  23.88% DD  -15.94% netexp  +7.00% tpy  17.0 | w1 CAGR  38.93% netexp  +5.82% [2s, 2.3m]
[79/384] g1b_a3_L25_d30_s10_t30_tp25_n10                      sig   612 | w2 CAGR  21.13% DD  -14.13% netexp  +6.73% tpy  18.9 | w1 CAGR  33.27% netexp  +5.48% [2s, 2.4m]
[80/384] g1b_a3_L25_d30_s10_t30_tp25_n16                      sig   612 | w2 CAGR  13.82% DD   -8.78% netexp  +6.12% tpy  27.8 | w1 CAGR  21.76% netexp  +5.20% [2s, 2.4m]
[81/384] g1b_a3_L25_d30_s10_t50_notp_n5                       sig   612 | w2 CAGR  29.21% DD  -40.37% netexp +17.45% tpy   6.4 | w1 CAGR  45.99% netexp +13.42% [1s, 2.4m]
[82/384] g1b_a3_L25_d30_s10_t50_notp_n8                       sig   612 | w2 CAGR  25.15% DD  -35.84% netexp +15.54% tpy   9.4 | w1 CAGR  41.60% netexp +13.29% [2s, 2.5m]
[83/384] g1b_a3_L25_d30_s10_t50_notp_n10                      sig   612 | w2 CAGR  23.21% DD  -35.39% netexp +14.65% tpy  11.2 | w1 CAGR  38.34% netexp +12.39% [2s, 2.5m]
[84/384] g1b_a3_L25_d30_s10_t50_notp_n16                      sig   612 | w2 CAGR  17.56% DD  -23.42% netexp +12.67% tpy  21.3 | w1 CAGR  33.50% netexp +12.52% [3s, 2.5m]
[85/384] g1b_a3_L25_d30_s10_t50_tp25_n5                       sig   612 | w2 CAGR  26.98% DD  -29.40% netexp  +8.39% tpy  10.4 | w1 CAGR  37.52% netexp  +6.21% [2s, 2.6m]
[86/384] g1b_a3_L25_d30_s10_t50_tp25_n8                       sig   612 | w2 CAGR  23.41% DD  -22.54% netexp  +7.98% tpy  15.0 | w1 CAGR  31.46% netexp  +5.73% [2s, 2.6m]
[87/384] g1b_a3_L25_d30_s10_t50_tp25_n10                      sig   612 | w2 CAGR  20.64% DD  -23.63% netexp  +7.60% tpy  16.8 | w1 CAGR  26.97% netexp  +5.34% [2s, 2.6m]
[88/384] g1b_a3_L25_d30_s10_t50_tp25_n16                      sig   612 | w2 CAGR  14.31% DD  -12.66% netexp  +7.01% tpy  26.1 | w1 CAGR  20.75% netexp  +5.41% [3s, 2.7m]
[89/384] g1b_a3_L25_d30_s10_t150_notp_n5                      sig   612 | w2 CAGR  11.64% DD  -45.97% netexp +13.37% tpy   3.5 | w1 CAGR  15.48% netexp +10.85% [2s, 2.7m]
[90/384] g1b_a3_L25_d30_s10_t150_notp_n8                      sig   612 | w2 CAGR  12.65% DD  -42.48% netexp +14.45% tpy   5.2 | w1 CAGR  20.09% netexp +16.12% [3s, 2.8m]
[91/384] g1b_a3_L25_d30_s10_t150_notp_n10                     sig   612 | w2 CAGR  13.34% DD  -42.64% netexp +15.02% tpy   6.3 | w1 CAGR  22.09% netexp +16.43% [2s, 2.8m]
[92/384] g1b_a3_L25_d30_s10_t150_notp_n16                     sig   612 | w2 CAGR  12.50% DD  -32.60% netexp +16.10% tpy  12.4 | w1 CAGR  24.70% netexp +20.38% [3s, 2.9m]
[93/384] g1b_a3_L25_d30_s10_t150_tp25_n5                      sig   612 | w2 CAGR  15.16% DD  -32.00% netexp  +7.14% tpy   7.3 | w1 CAGR  20.99% netexp  +6.48% [2s, 2.9m]
[94/384] g1b_a3_L25_d30_s10_t150_tp25_n8                      sig   612 | w2 CAGR  16.44% DD  -32.43% netexp  +7.68% tpy  11.3 | w1 CAGR  24.17% netexp  +7.11% [2s, 2.9m]
[95/384] g1b_a3_L25_d30_s10_t150_tp25_n10                     sig   612 | w2 CAGR  16.01% DD  -28.75% netexp  +7.88% tpy  13.0 | w1 CAGR  21.69% netexp  +6.58% [2s, 2.9m]
[96/384] g1b_a3_L25_d30_s10_t150_tp25_n16                     sig   612 | w2 CAGR  13.96% DD  -18.77% netexp  +8.37% tpy  22.8 | w1 CAGR  22.95% netexp  +7.78% [3s, 3.0m]
[97/384] g1b_a6_L25_d30_s7_t20_notp_n5                        sig  1541 | w2 CAGR  31.07% DD  -31.04% netexp  +5.98% tpy  18.0 | w1 CAGR  45.61% netexp  +4.80% [2s, 3.0m]
[98/384] g1b_a6_L25_d30_s7_t20_notp_n8                        sig  1541 | w2 CAGR  28.68% DD  -24.82% netexp  +5.96% tpy  26.2 | w1 CAGR  48.04% netexp  +5.22% [2s, 3.1m]
[99/384] g1b_a6_L25_d30_s7_t20_notp_n10                       sig  1541 | w2 CAGR  26.01% DD  -22.63% netexp  +5.50% tpy  31.2 | w1 CAGR  44.50% netexp  +4.94% [2s, 3.1m]
[100/384] g1b_a6_L25_d30_s7_t20_notp_n16                       sig  1541 | w2 CAGR  17.39% DD  -21.46% netexp  +4.57% tpy  54.7 | w1 CAGR  29.58% netexp  +4.03% [3s, 3.2m]
[101/384] g1b_a6_L25_d30_s7_t20_tp25_n5                        sig  1541 | w2 CAGR  32.28% DD  -28.08% netexp  +4.84% tpy  22.2 | w1 CAGR  43.81% netexp  +3.66% [2s, 3.2m]
[102/384] g1b_a6_L25_d30_s7_t20_tp25_n8                        sig  1541 | w2 CAGR  30.94% DD  -21.71% netexp  +4.82% tpy  32.7 | w1 CAGR  44.39% netexp  +3.76% [2s, 3.2m]
[103/384] g1b_a6_L25_d30_s7_t20_tp25_n10                       sig  1541 | w2 CAGR  28.16% DD  -19.59% netexp  +4.79% tpy  37.3 | w1 CAGR  39.53% netexp  +3.61% [2s, 3.3m]
[104/384] g1b_a6_L25_d30_s7_t20_tp25_n16                       sig  1541 | w2 CAGR  19.47% DD  -12.52% netexp  +4.46% tpy  61.0 | w1 CAGR  29.15% netexp  +3.47% [3s, 3.3m]
[105/384] g1b_a6_L25_d30_s7_t30_notp_n5                        sig  1541 | w2 CAGR  30.18% DD  -34.48% netexp  +7.96% tpy  13.3 | w1 CAGR  50.72% netexp  +7.63% [2s, 3.3m]
[106/384] g1b_a6_L25_d30_s7_t30_notp_n8                        sig  1541 | w2 CAGR  27.72% DD  -33.77% netexp  +7.61% tpy  20.0 | w1 CAGR  42.92% netexp  +6.58% [2s, 3.4m]
[107/384] g1b_a6_L25_d30_s7_t30_notp_n10                       sig  1541 | w2 CAGR  24.53% DD  -33.11% netexp  +6.71% tpy  25.0 | w1 CAGR  38.50% netexp  +5.88% [2s, 3.4m]
[108/384] g1b_a6_L25_d30_s7_t30_notp_n16                       sig  1541 | w2 CAGR  17.32% DD  -20.80% netexp  +5.54% tpy  46.9 | w1 CAGR  29.35% netexp  +5.12% [3s, 3.5m]
[109/384] g1b_a6_L25_d30_s7_t30_tp25_n5                        sig  1541 | w2 CAGR  34.56% DD  -31.21% netexp  +6.32% tpy  18.4 | w1 CAGR  51.98% netexp  +5.34% [2s, 3.5m]
[110/384] g1b_a6_L25_d30_s7_t30_tp25_n8                        sig  1541 | w2 CAGR  32.04% DD  -26.35% netexp  +6.05% tpy  27.8 | w1 CAGR  46.04% netexp  +4.81% [2s, 3.5m]
[111/384] g1b_a6_L25_d30_s7_t30_tp25_n10                       sig  1541 | w2 CAGR  28.84% DD  -23.50% netexp  +5.82% tpy  32.1 | w1 CAGR  39.49% netexp  +4.47% [2s, 3.6m]
[112/384] g1b_a6_L25_d30_s7_t30_tp25_n16                       sig  1541 | w2 CAGR  19.54% DD  -17.30% netexp  +4.99% tpy  56.0 | w1 CAGR  27.53% netexp  +3.76% [3s, 3.6m]
[113/384] g1b_a6_L25_d30_s7_t50_notp_n5                        sig  1541 | w2 CAGR  20.06% DD  -35.20% netexp  +7.44% tpy  10.2 | w1 CAGR  36.33% netexp  +7.85% [2s, 3.7m]
[114/384] g1b_a6_L25_d30_s7_t50_notp_n8                        sig  1541 | w2 CAGR  22.71% DD  -33.61% netexp  +9.15% tpy  14.6 | w1 CAGR  39.41% netexp  +9.38% [2s, 3.7m]
[115/384] g1b_a6_L25_d30_s7_t50_notp_n10                       sig  1541 | w2 CAGR  24.67% DD  -36.13% netexp +10.15% tpy  18.0 | w1 CAGR  46.37% netexp +10.92% [2s, 3.7m]
[116/384] g1b_a6_L25_d30_s7_t50_notp_n16                       sig  1541 | w2 CAGR  20.04% DD  -29.29% netexp  +9.80% tpy  34.7 | w1 CAGR  39.03% netexp +10.66% [4s, 3.8m]
[117/384] g1b_a6_L25_d30_s7_t50_tp25_n5                        sig  1541 | w2 CAGR  31.50% DD  -33.29% netexp  +6.71% tpy  15.9 | w1 CAGR  43.78% netexp  +5.57% [2s, 3.8m]
[118/384] g1b_a6_L25_d30_s7_t50_tp25_n8                        sig  1541 | w2 CAGR  30.09% DD  -27.51% netexp  +6.68% tpy  24.3 | w1 CAGR  48.77% netexp  +6.02% [2s, 3.9m]
[119/384] g1b_a6_L25_d30_s7_t50_tp25_n10                       sig  1541 | w2 CAGR  28.26% DD  -26.53% netexp  +6.61% tpy  28.5 | w1 CAGR  43.59% netexp  +5.70% [2s, 3.9m]
[120/384] g1b_a6_L25_d30_s7_t50_tp25_n16                       sig  1541 | w2 CAGR  19.18% DD  -20.69% netexp  +5.54% tpy  51.2 | w1 CAGR  29.00% netexp  +4.52% [4s, 4.0m]
[121/384] g1b_a6_L25_d30_s7_t150_notp_n5                       sig  1541 | w2 CAGR  12.61% DD  -45.21% netexp +11.01% tpy   4.8 | w1 CAGR  12.92% netexp  +6.97% [2s, 4.0m]
[122/384] g1b_a6_L25_d30_s7_t150_notp_n8                       sig  1541 | w2 CAGR  15.54% DD  -40.73% netexp +13.78% tpy   6.9 | w1 CAGR  18.28% netexp  +8.89% [2s, 4.0m]
[123/384] g1b_a6_L25_d30_s7_t150_notp_n10                      sig  1541 | w2 CAGR  13.54% DD  -41.25% netexp +11.22% tpy   9.2 | w1 CAGR  16.41% netexp  +7.73% [2s, 4.1m]
[124/384] g1b_a6_L25_d30_s7_t150_notp_n16                      sig  1541 | w2 CAGR  13.83% DD  -37.51% netexp +11.58% tpy  20.0 | w1 CAGR  21.51% netexp +11.53% [4s, 4.1m]
[125/384] g1b_a6_L25_d30_s7_t150_tp25_n5                       sig  1541 | w2 CAGR  20.28% DD  -38.30% netexp  +6.05% tpy  11.9 | w1 CAGR  29.88% netexp  +5.58% [2s, 4.2m]
[126/384] g1b_a6_L25_d30_s7_t150_tp25_n8                       sig  1541 | w2 CAGR  23.80% DD  -32.65% netexp  +7.05% tpy  18.9 | w1 CAGR  32.84% netexp  +6.36% [2s, 4.2m]
[127/384] g1b_a6_L25_d30_s7_t150_tp25_n10                      sig  1541 | w2 CAGR  22.05% DD  -31.56% netexp  +6.76% tpy  21.9 | w1 CAGR  32.27% netexp  +6.08% [2s, 4.2m]
[128/384] g1b_a6_L25_d30_s7_t150_tp25_n16                      sig  1541 | w2 CAGR  18.00% DD  -25.92% netexp  +6.52% tpy  42.4 | w1 CAGR  27.42% netexp  +5.84% [5s, 4.3m]
[129/384] g1b_a6_L25_d30_s8_t20_notp_n5                        sig  1541 | w2 CAGR  31.16% DD  -31.05% netexp  +6.00% tpy  18.0 | w1 CAGR  45.57% netexp  +4.83% [2s, 4.3m]
[130/384] g1b_a6_L25_d30_s8_t20_notp_n8                        sig  1541 | w2 CAGR  28.67% DD  -24.35% netexp  +5.98% tpy  26.2 | w1 CAGR  48.61% netexp  +5.28% [2s, 4.4m]
[131/384] g1b_a6_L25_d30_s8_t20_notp_n10                       sig  1541 | w2 CAGR  26.13% DD  -22.63% netexp  +5.54% tpy  31.2 | w1 CAGR  45.12% netexp  +5.01% [2s, 4.4m]
[132/384] g1b_a6_L25_d30_s8_t20_notp_n16                       sig  1541 | w2 CAGR  17.38% DD  -21.45% netexp  +4.58% tpy  54.6 | w1 CAGR  29.94% netexp  +4.09% [3s, 4.5m]
[133/384] g1b_a6_L25_d30_s8_t20_tp25_n5                        sig  1541 | w2 CAGR  32.56% DD  -28.08% netexp  +4.87% tpy  22.1 | w1 CAGR  44.91% netexp  +3.75% [2s, 4.5m]
[134/384] g1b_a6_L25_d30_s8_t20_tp25_n8                        sig  1541 | w2 CAGR  30.96% DD  -21.47% netexp  +4.83% tpy  32.7 | w1 CAGR  45.13% netexp  +3.81% [2s, 4.5m]
[135/384] g1b_a6_L25_d30_s8_t20_tp25_n10                       sig  1541 | w2 CAGR  28.46% DD  -19.33% netexp  +4.82% tpy  37.2 | w1 CAGR  40.09% netexp  +3.66% [2s, 4.6m]
[136/384] g1b_a6_L25_d30_s8_t20_tp25_n16                       sig  1541 | w2 CAGR  19.46% DD  -12.32% netexp  +4.46% tpy  60.9 | w1 CAGR  29.14% netexp  +3.48% [3s, 4.6m]
[137/384] g1b_a6_L25_d30_s8_t30_notp_n5                        sig  1541 | w2 CAGR  29.74% DD  -38.47% netexp  +7.97% tpy  13.2 | w1 CAGR  49.21% netexp  +7.52% [2s, 4.7m]
[138/384] g1b_a6_L25_d30_s8_t30_notp_n8                        sig  1541 | w2 CAGR  27.34% DD  -34.69% netexp  +7.64% tpy  19.9 | w1 CAGR  40.28% netexp  +6.35% [2s, 4.7m]
[139/384] g1b_a6_L25_d30_s8_t30_notp_n10                       sig  1541 | w2 CAGR  24.35% DD  -32.78% netexp  +6.62% tpy  24.9 | w1 CAGR  39.17% netexp  +5.97% [2s, 4.7m]
[140/384] g1b_a6_L25_d30_s8_t30_notp_n16                       sig  1541 | w2 CAGR  17.42% DD  -20.80% netexp  +5.59% tpy  46.7 | w1 CAGR  29.38% netexp  +5.13% [4s, 4.8m]
[141/384] g1b_a6_L25_d30_s8_t30_tp25_n5                        sig  1541 | w2 CAGR  34.11% DD  -31.58% netexp  +6.27% tpy  18.4 | w1 CAGR  49.90% netexp  +5.34% [2s, 4.8m]
[142/384] g1b_a6_L25_d30_s8_t30_tp25_n8                        sig  1541 | w2 CAGR  31.84% DD  -26.09% netexp  +6.02% tpy  27.6 | w1 CAGR  46.17% netexp  +4.88% [2s, 4.9m]
[143/384] g1b_a6_L25_d30_s8_t30_tp25_n10                       sig  1541 | w2 CAGR  28.39% DD  -24.04% netexp  +5.76% tpy  31.8 | w1 CAGR  39.87% netexp  +4.48% [2s, 4.9m]
[144/384] g1b_a6_L25_d30_s8_t30_tp25_n16                       sig  1541 | w2 CAGR  19.73% DD  -17.41% netexp  +5.06% tpy  55.7 | w1 CAGR  27.92% netexp  +3.85% [4s, 5.0m]
[145/384] g1b_a6_L25_d30_s8_t50_notp_n5                        sig  1541 | w2 CAGR  22.27% DD  -36.45% netexp  +8.64% tpy   9.9 | w1 CAGR  42.21% netexp +10.04% [2s, 5.0m]
[146/384] g1b_a6_L25_d30_s8_t50_notp_n8                        sig  1541 | w2 CAGR  22.24% DD  -33.61% netexp  +9.05% tpy  14.5 | w1 CAGR  37.41% netexp  +8.86% [2s, 5.0m]
[147/384] g1b_a6_L25_d30_s8_t50_notp_n10                       sig  1541 | w2 CAGR  24.61% DD  -36.13% netexp +10.31% tpy  17.8 | w1 CAGR  45.83% netexp +11.10% [3s, 5.1m]
[148/384] g1b_a6_L25_d30_s8_t50_notp_n16                       sig  1541 | w2 CAGR  20.04% DD  -29.27% netexp  +9.94% tpy  34.1 | w1 CAGR  38.69% netexp +10.69% [4s, 5.1m]
[149/384] g1b_a6_L25_d30_s8_t50_tp25_n5                        sig  1541 | w2 CAGR  31.36% DD  -33.77% netexp  +6.86% tpy  15.7 | w1 CAGR  45.21% netexp  +5.99% [2s, 5.2m]
[150/384] g1b_a6_L25_d30_s8_t50_tp25_n8                        sig  1541 | w2 CAGR  29.59% DD  -27.57% netexp  +6.67% tpy  23.8 | w1 CAGR  43.73% netexp  +5.75% [2s, 5.2m]
[151/384] g1b_a6_L25_d30_s8_t50_tp25_n10                       sig  1541 | w2 CAGR  27.27% DD  -27.26% netexp  +6.50% tpy  27.9 | w1 CAGR  39.80% netexp  +5.43% [3s, 5.2m]
[152/384] g1b_a6_L25_d30_s8_t50_tp25_n16                       sig  1541 | w2 CAGR  19.48% DD  -19.24% netexp  +5.70% tpy  50.4 | w1 CAGR  29.69% netexp  +4.66% [4s, 5.3m]
[153/384] g1b_a6_L25_d30_s8_t150_notp_n5                       sig  1541 | w2 CAGR  13.07% DD  -45.91% netexp +11.88% tpy   4.4 | w1 CAGR  20.57% netexp +11.42% [2s, 5.4m]
[154/384] g1b_a6_L25_d30_s8_t150_notp_n8                       sig  1541 | w2 CAGR  14.80% DD  -41.31% netexp +13.17% tpy   6.9 | w1 CAGR  17.75% netexp  +8.95% [2s, 5.4m]
[155/384] g1b_a6_L25_d30_s8_t150_notp_n10                      sig  1541 | w2 CAGR  15.54% DD  -41.47% netexp +13.56% tpy   8.7 | w1 CAGR  21.64% netexp +10.96% [3s, 5.4m]
[156/384] g1b_a6_L25_d30_s8_t150_notp_n16                      sig  1541 | w2 CAGR  13.54% DD  -38.77% netexp +11.70% tpy  19.1 | w1 CAGR  21.87% netexp +12.34% [4s, 5.5m]
[157/384] g1b_a6_L25_d30_s8_t150_tp25_n5                       sig  1541 | w2 CAGR  19.51% DD  -36.69% netexp  +6.50% tpy  11.1 | w1 CAGR  32.31% netexp  +6.79% [2s, 5.5m]
[158/384] g1b_a6_L25_d30_s8_t150_tp25_n8                       sig  1541 | w2 CAGR  21.22% DD  -32.47% netexp  +6.80% tpy  17.3 | w1 CAGR  33.90% netexp  +6.77% [3s, 5.6m]
[159/384] g1b_a6_L25_d30_s8_t150_tp25_n10                      sig  1541 | w2 CAGR  21.21% DD  -31.37% netexp  +7.10% tpy  20.6 | w1 CAGR  30.67% netexp  +6.46% [3s, 5.6m]
[160/384] g1b_a6_L25_d30_s8_t150_tp25_n16                      sig  1541 | w2 CAGR  18.13% DD  -26.56% netexp  +6.89% tpy  40.4 | w1 CAGR  25.46% netexp  +5.94% [5s, 5.7m]
[161/384] g1b_a6_L25_d30_s10_t20_notp_n5                       sig  1541 | w2 CAGR  31.04% DD  -32.60% netexp  +5.95% tpy  18.0 | w1 CAGR  45.44% netexp  +4.79% [2s, 5.7m]
[162/384] g1b_a6_L25_d30_s10_t20_notp_n8                       sig  1541 | w2 CAGR  28.72% DD  -24.30% netexp  +6.00% tpy  26.1 | w1 CAGR  48.14% netexp  +5.26% [2s, 5.8m]
[163/384] g1b_a6_L25_d30_s10_t20_notp_n10                      sig  1541 | w2 CAGR  26.06% DD  -22.60% netexp  +5.50% tpy  31.2 | w1 CAGR  46.14% netexp  +5.12% [2s, 5.8m]
[164/384] g1b_a6_L25_d30_s10_t20_notp_n16                      sig  1541 | w2 CAGR  17.45% DD  -21.31% netexp  +4.62% tpy  54.5 | w1 CAGR  30.11% netexp  +4.12% [4s, 5.9m]
[165/384] g1b_a6_L25_d30_s10_t20_tp25_n5                       sig  1541 | w2 CAGR  32.32% DD  -28.24% netexp  +4.85% tpy  21.9 | w1 CAGR  42.91% netexp  +3.63% [2s, 5.9m]
[166/384] g1b_a6_L25_d30_s10_t20_tp25_n8                       sig  1541 | w2 CAGR  31.01% DD  -22.31% netexp  +4.88% tpy  32.6 | w1 CAGR  44.70% netexp  +3.83% [3s, 6.0m]
[167/384] g1b_a6_L25_d30_s10_t20_tp25_n10                      sig  1541 | w2 CAGR  28.15% DD  -19.60% netexp  +4.79% tpy  37.0 | w1 CAGR  39.72% netexp  +3.66% [2s, 6.0m]
[168/384] g1b_a6_L25_d30_s10_t20_tp25_n16                      sig  1541 | w2 CAGR  19.55% DD  -12.92% netexp  +4.50% tpy  60.8 | w1 CAGR  29.75% netexp  +3.56% [4s, 6.1m]
[169/384] g1b_a6_L25_d30_s10_t30_notp_n5                       sig  1541 | w2 CAGR  28.92% DD  -36.23% netexp  +7.77% tpy  13.2 | w1 CAGR  48.54% netexp  +7.57% [2s, 6.1m]
[170/384] g1b_a6_L25_d30_s10_t30_notp_n8                       sig  1541 | w2 CAGR  27.12% DD  -35.10% netexp  +7.59% tpy  20.0 | w1 CAGR  40.28% netexp  +6.34% [2s, 6.1m]
[171/384] g1b_a6_L25_d30_s10_t30_notp_n10                      sig  1541 | w2 CAGR  24.35% DD  -33.30% netexp  +6.71% tpy  24.7 | w1 CAGR  39.15% netexp  +6.06% [3s, 6.2m]
[172/384] g1b_a6_L25_d30_s10_t30_notp_n16                      sig  1541 | w2 CAGR  17.44% DD  -21.29% netexp  +5.64% tpy  46.3 | w1 CAGR  29.23% netexp  +5.20% [5s, 6.3m]
[173/384] g1b_a6_L25_d30_s10_t30_tp25_n5                       sig  1541 | w2 CAGR  34.45% DD  -31.54% netexp  +6.32% tpy  18.1 | w1 CAGR  49.78% netexp  +5.32% [2s, 6.3m]
[174/384] g1b_a6_L25_d30_s10_t30_tp25_n8                       sig  1541 | w2 CAGR  31.77% DD  -27.73% netexp  +6.07% tpy  27.4 | w1 CAGR  46.46% netexp  +4.95% [3s, 6.3m]
[175/384] g1b_a6_L25_d30_s10_t30_tp25_n10                      sig  1541 | w2 CAGR  28.17% DD  -24.64% netexp  +5.76% tpy  31.5 | w1 CAGR  39.71% netexp  +4.56% [3s, 6.4m]
[176/384] g1b_a6_L25_d30_s10_t30_tp25_n16                      sig  1541 | w2 CAGR  19.59% DD  -16.11% netexp  +5.10% tpy  55.2 | w1 CAGR  28.22% netexp  +3.96% [4s, 6.5m]
[177/384] g1b_a6_L25_d30_s10_t50_notp_n5                       sig  1541 | w2 CAGR  21.63% DD  -35.99% netexp  +8.12% tpy  10.0 | w1 CAGR  38.84% netexp  +8.46% [2s, 6.5m]
[178/384] g1b_a6_L25_d30_s10_t50_notp_n8                       sig  1541 | w2 CAGR  22.24% DD  -33.86% netexp  +9.23% tpy  14.2 | w1 CAGR  38.52% netexp  +9.16% [3s, 6.5m]
[179/384] g1b_a6_L25_d30_s10_t50_notp_n10                      sig  1541 | w2 CAGR  23.94% DD  -35.54% netexp +10.39% tpy  17.4 | w1 CAGR  43.97% netexp +10.84% [3s, 6.6m]
[180/384] g1b_a6_L25_d30_s10_t50_notp_n16                      sig  1541 | w2 CAGR  19.34% DD  -30.31% netexp  +9.63% tpy  33.6 | w1 CAGR  36.90% netexp +10.21% [4s, 6.7m]
[181/384] g1b_a6_L25_d30_s10_t50_tp25_n5                       sig  1541 | w2 CAGR  30.58% DD  -34.35% netexp  +6.95% tpy  15.0 | w1 CAGR  44.48% netexp  +6.05% [2s, 6.7m]
[182/384] g1b_a6_L25_d30_s10_t50_tp25_n8                       sig  1541 | w2 CAGR  29.62% DD  -29.32% netexp  +6.86% tpy  23.2 | w1 CAGR  43.34% netexp  +5.93% [3s, 6.7m]
[183/384] g1b_a6_L25_d30_s10_t50_tp25_n10                      sig  1541 | w2 CAGR  27.11% DD  -27.02% netexp  +6.69% tpy  27.1 | w1 CAGR  39.56% netexp  +5.58% [3s, 6.8m]
[184/384] g1b_a6_L25_d30_s10_t50_tp25_n16                      sig  1541 | w2 CAGR  19.32% DD  -18.72% netexp  +5.85% tpy  48.8 | w1 CAGR  29.73% netexp  +4.89% [4s, 6.9m]
[185/384] g1b_a6_L25_d30_s10_t150_notp_n5                      sig  1541 | w2 CAGR   9.73% DD  -47.23% netexp  +9.11% tpy   4.4 | w1 CAGR   9.13% netexp  +6.13% [2s, 6.9m]
[186/384] g1b_a6_L25_d30_s10_t150_notp_n8                      sig  1541 | w2 CAGR  13.14% DD  -43.13% netexp +13.25% tpy   6.4 | w1 CAGR  16.81% netexp +10.06% [3s, 7.0m]
[187/384] g1b_a6_L25_d30_s10_t150_notp_n10                     sig  1541 | w2 CAGR  12.89% DD  -42.43% netexp +11.87% tpy   8.2 | w1 CAGR  17.59% netexp  +9.86% [3s, 7.0m]
[188/384] g1b_a6_L25_d30_s10_t150_notp_n16                     sig  1541 | w2 CAGR  12.86% DD  -40.37% netexp +11.92% tpy  18.0 | w1 CAGR  21.51% netexp +13.37% [5s, 7.1m]
[189/384] g1b_a6_L25_d30_s10_t150_tp25_n5                      sig  1541 | w2 CAGR  21.92% DD  -39.98% netexp  +8.16% tpy   9.7 | w1 CAGR  35.53% netexp  +8.69% [2s, 7.1m]
[190/384] g1b_a6_L25_d30_s10_t150_tp25_n8                      sig  1541 | w2 CAGR  23.91% DD  -33.91% netexp  +8.65% tpy  15.5 | w1 CAGR  40.15% netexp  +9.23% [3s, 7.2m]
[191/384] g1b_a6_L25_d30_s10_t150_tp25_n10                     sig  1541 | w2 CAGR  22.18% DD  -31.82% netexp  +8.44% tpy  18.1 | w1 CAGR  34.96% netexp  +8.58% [3s, 7.2m]
[192/384] g1b_a6_L25_d30_s10_t150_tp25_n16                     sig  1541 | w2 CAGR  17.75% DD  -27.75% netexp  +7.62% tpy  36.8 | w1 CAGR  26.91% netexp  +7.09% [5s, 7.3m]
[193/384] g1b_a12_L40_d30_s7_t20_notp_n5                       sig  2046 | w2 CAGR  21.84% DD  -29.31% netexp  +3.76% tpy  19.8 | w1 CAGR  26.04% netexp  +2.72% [3s, 7.4m]
[194/384] g1b_a12_L40_d30_s7_t20_notp_n8                       sig  2046 | w2 CAGR  18.64% DD  -28.12% netexp  +3.26% tpy  29.8 | w1 CAGR  28.05% netexp  +2.95% [3s, 7.4m]
[195/384] g1b_a12_L40_d30_s7_t20_notp_n10                      sig  2046 | w2 CAGR  17.88% DD  -27.15% netexp  +3.26% tpy  35.5 | w1 CAGR  28.03% netexp  +3.01% [3s, 7.5m]
[196/384] g1b_a12_L40_d30_s7_t20_notp_n16                      sig  2046 | w2 CAGR  13.68% DD  -19.01% netexp  +3.00% tpy  62.5 | w1 CAGR  23.73% netexp  +3.01% [4s, 7.5m]
[197/384] g1b_a12_L40_d30_s7_t20_tp25_n5                       sig  2046 | w2 CAGR  21.54% DD  -29.52% netexp  +3.06% tpy  23.4 | w1 CAGR  35.01% netexp  +2.94% [3s, 7.6m]
[198/384] g1b_a12_L40_d30_s7_t20_tp25_n8                       sig  2046 | w2 CAGR  19.55% DD  -28.16% netexp  +2.89% tpy  34.9 | w1 CAGR  30.54% netexp  +2.64% [3s, 7.6m]
[199/384] g1b_a12_L40_d30_s7_t20_tp25_n10                      sig  2046 | w2 CAGR  18.66% DD  -26.16% netexp  +2.90% tpy  40.3 | w1 CAGR  28.57% netexp  +2.59% [3s, 7.7m]
[200/384] g1b_a12_L40_d30_s7_t20_tp25_n16                      sig  2046 | w2 CAGR  14.95% DD  -17.01% netexp  +2.92% tpy  68.9 | w1 CAGR  26.41% netexp  +2.88% [4s, 7.7m]
[201/384] g1b_a12_L40_d30_s7_t30_notp_n5                       sig  2046 | w2 CAGR  24.09% DD  -34.90% netexp  +5.77% tpy  14.6 | w1 CAGR  31.97% netexp  +4.63% [2s, 7.8m]
[202/384] g1b_a12_L40_d30_s7_t30_notp_n8                       sig  2046 | w2 CAGR  19.96% DD  -27.94% netexp  +4.83% tpy  22.2 | w1 CAGR  29.19% netexp  +4.35% [3s, 7.8m]
[203/384] g1b_a12_L40_d30_s7_t30_notp_n10                      sig  2046 | w2 CAGR  18.85% DD  -27.76% netexp  +4.62% tpy  26.9 | w1 CAGR  26.24% netexp  +4.00% [3s, 7.9m]
[204/384] g1b_a12_L40_d30_s7_t30_notp_n16                      sig  2046 | w2 CAGR  15.19% DD  -23.52% netexp  +4.39% tpy  51.7 | w1 CAGR  26.20% netexp  +4.50% [4s, 7.9m]
[205/384] g1b_a12_L40_d30_s7_t30_tp25_n5                       sig  2046 | w2 CAGR  25.98% DD  -28.07% netexp  +4.80% tpy  18.5 | w1 CAGR  34.20% netexp  +3.62% [2s, 8.0m]
[206/384] g1b_a12_L40_d30_s7_t30_tp25_n8                       sig  2046 | w2 CAGR  22.70% DD  -26.99% netexp  +4.25% tpy  28.7 | w1 CAGR  34.16% netexp  +3.63% [2s, 8.0m]
[207/384] g1b_a12_L40_d30_s7_t30_tp25_n10                      sig  2046 | w2 CAGR  20.19% DD  -25.88% netexp  +3.93% tpy  33.6 | w1 CAGR  29.31% netexp  +3.26% [3s, 8.0m]
[208/384] g1b_a12_L40_d30_s7_t30_tp25_n16                      sig  2046 | w2 CAGR  15.66% DD  -20.75% netexp  +3.64% tpy  61.6 | w1 CAGR  27.67% netexp  +3.58% [4s, 8.1m]
[209/384] g1b_a12_L40_d30_s7_t50_notp_n5                       sig  2046 | w2 CAGR  21.25% DD  -37.30% netexp  +8.03% tpy  10.2 | w1 CAGR  28.72% netexp  +7.46% [2s, 8.1m]
[210/384] g1b_a12_L40_d30_s7_t50_notp_n8                       sig  2046 | w2 CAGR  20.15% DD  -29.51% netexp  +7.82% tpy  15.2 | w1 CAGR  25.52% netexp  +6.13% [2s, 8.2m]
[211/384] g1b_a12_L40_d30_s7_t50_notp_n10                      sig  2046 | w2 CAGR  19.85% DD  -31.55% netexp  +8.01% tpy  18.3 | w1 CAGR  27.40% netexp  +7.00% [3s, 8.2m]
[212/384] g1b_a12_L40_d30_s7_t50_notp_n16                      sig  2046 | w2 CAGR  18.19% DD  -28.09% netexp  +8.29% tpy  37.3 | w1 CAGR  27.09% netexp  +7.40% [5s, 8.3m]
[213/384] g1b_a12_L40_d30_s7_t50_tp25_n5                       sig  2046 | w2 CAGR  21.96% DD  -31.64% netexp  +5.10% tpy  15.3 | w1 CAGR  34.98% netexp  +4.53% [2s, 8.3m]
[214/384] g1b_a12_L40_d30_s7_t50_tp25_n8                       sig  2046 | w2 CAGR  22.85% DD  -29.23% netexp  +5.51% tpy  23.0 | w1 CAGR  32.93% netexp  +4.34% [3s, 8.4m]
[215/384] g1b_a12_L40_d30_s7_t50_tp25_n10                      sig  2046 | w2 CAGR  19.98% DD  -27.36% netexp  +5.02% tpy  27.2 | w1 CAGR  28.71% netexp  +4.14% [3s, 8.4m]
[216/384] g1b_a12_L40_d30_s7_t50_tp25_n16                      sig  2046 | w2 CAGR  16.17% DD  -23.93% netexp  +4.58% tpy  52.8 | w1 CAGR  26.45% netexp  +4.19% [4s, 8.5m]
[217/384] g1b_a12_L40_d30_s7_t150_notp_n5                      sig  2046 | w2 CAGR  25.28% DD  -64.23% netexp +27.41% tpy   4.6 | w1 CAGR  32.35% netexp +15.98% [2s, 8.5m]
[218/384] g1b_a12_L40_d30_s7_t150_notp_n8                      sig  2046 | w2 CAGR  21.05% DD  -52.48% netexp +20.41% tpy   7.2 | w1 CAGR  22.59% netexp +10.46% [2s, 8.6m]
[219/384] g1b_a12_L40_d30_s7_t150_notp_n10                     sig  2046 | w2 CAGR  21.97% DD  -47.46% netexp +21.38% tpy   8.7 | w1 CAGR  26.80% netexp +12.80% [3s, 8.6m]
[220/384] g1b_a12_L40_d30_s7_t150_notp_n16                     sig  2046 | w2 CAGR  17.11% DD  -31.47% netexp +14.81% tpy  20.5 | w1 CAGR  18.72% netexp  +8.79% [4s, 8.7m]
[221/384] g1b_a12_L40_d30_s7_t150_tp25_n5                      sig  2046 | w2 CAGR  17.90% DD  -35.82% netexp  +5.23% tpy  12.4 | w1 CAGR  26.13% netexp  +4.58% [2s, 8.7m]
[222/384] g1b_a12_L40_d30_s7_t150_tp25_n8                      sig  2046 | w2 CAGR  18.71% DD  -29.41% netexp  +5.49% tpy  19.2 | w1 CAGR  29.52% netexp  +4.78% [2s, 8.8m]
[223/384] g1b_a12_L40_d30_s7_t150_tp25_n10                     sig  2046 | w2 CAGR  18.26% DD  -28.10% netexp  +5.62% tpy  22.8 | w1 CAGR  26.99% netexp  +4.66% [3s, 8.8m]
[224/384] g1b_a12_L40_d30_s7_t150_tp25_n16                     sig  2046 | w2 CAGR  17.39% DD  -27.40% netexp  +6.02% tpy  45.4 | w1 CAGR  29.16% netexp  +5.52% [4s, 8.9m]
[225/384] g1b_a12_L40_d30_s8_t20_notp_n5                       sig  2046 | w2 CAGR  22.29% DD  -29.22% netexp  +3.87% tpy  19.6 | w1 CAGR  27.42% netexp  +2.85% [2s, 8.9m]
[226/384] g1b_a12_L40_d30_s8_t20_notp_n8                       sig  2046 | w2 CAGR  18.76% DD  -27.89% netexp  +3.32% tpy  29.5 | w1 CAGR  28.12% netexp  +2.96% [2s, 8.9m]
[227/384] g1b_a12_L40_d30_s8_t20_notp_n10                      sig  2046 | w2 CAGR  18.02% DD  -26.49% netexp  +3.30% tpy  35.0 | w1 CAGR  28.90% netexp  +3.12% [2s, 9.0m]
[228/384] g1b_a12_L40_d30_s8_t20_notp_n16                      sig  2046 | w2 CAGR  13.80% DD  -18.95% netexp  +3.05% tpy  62.0 | w1 CAGR  24.02% netexp  +3.06% [4s, 9.0m]
[229/384] g1b_a12_L40_d30_s8_t20_tp25_n5                       sig  2046 | w2 CAGR  21.58% DD  -28.60% netexp  +3.16% tpy  23.2 | w1 CAGR  35.48% netexp  +2.98% [2s, 9.1m]
[230/384] g1b_a12_L40_d30_s8_t20_tp25_n8                       sig  2046 | w2 CAGR  19.57% DD  -27.30% netexp  +2.92% tpy  34.7 | w1 CAGR  32.67% netexp  +2.78% [3s, 9.1m]
[231/384] g1b_a12_L40_d30_s8_t20_tp25_n10                      sig  2046 | w2 CAGR  18.90% DD  -25.85% netexp  +2.96% tpy  39.9 | w1 CAGR  29.35% netexp  +2.64% [3s, 9.2m]
[232/384] g1b_a12_L40_d30_s8_t20_tp25_n16                      sig  2046 | w2 CAGR  14.89% DD  -16.92% netexp  +2.94% tpy  68.6 | w1 CAGR  26.58% netexp  +2.91% [4s, 9.2m]
[233/384] g1b_a12_L40_d30_s8_t30_notp_n5                       sig  2046 | w2 CAGR  24.13% DD  -34.99% netexp  +5.87% tpy  14.4 | w1 CAGR  32.54% netexp  +4.80% [2s, 9.3m]
[234/384] g1b_a12_L40_d30_s8_t30_notp_n8                       sig  2046 | w2 CAGR  19.82% DD  -27.80% netexp  +4.80% tpy  22.0 | w1 CAGR  26.36% netexp  +3.93% [3s, 9.3m]
[235/384] g1b_a12_L40_d30_s8_t30_notp_n10                      sig  2046 | w2 CAGR  18.61% DD  -27.61% netexp  +4.61% tpy  26.8 | w1 CAGR  26.42% netexp  +4.02% [3s, 9.4m]
[236/384] g1b_a12_L40_d30_s8_t30_notp_n16                      sig  2046 | w2 CAGR  15.37% DD  -23.67% netexp  +4.48% tpy  51.3 | w1 CAGR  26.41% netexp  +4.55% [5s, 9.5m]
[237/384] g1b_a12_L40_d30_s8_t30_tp25_n5                       sig  2046 | w2 CAGR  26.21% DD  -27.97% netexp  +4.92% tpy  18.5 | w1 CAGR  35.38% netexp  +3.87% [2s, 9.5m]
[238/384] g1b_a12_L40_d30_s8_t30_tp25_n8                       sig  2046 | w2 CAGR  22.74% DD  -27.78% netexp  +4.28% tpy  28.6 | w1 CAGR  34.13% netexp  +3.72% [3s, 9.5m]
[239/384] g1b_a12_L40_d30_s8_t30_tp25_n10                      sig  2046 | w2 CAGR  20.85% DD  -26.15% netexp  +4.10% tpy  33.3 | w1 CAGR  30.12% netexp  +3.43% [3s, 9.6m]
[240/384] g1b_a12_L40_d30_s8_t30_tp25_n16                      sig  2046 | w2 CAGR  15.72% DD  -21.12% netexp  +3.68% tpy  61.0 | w1 CAGR  27.91% netexp  +3.64% [4s, 9.7m]
[241/384] g1b_a12_L40_d30_s8_t50_notp_n5                       sig  2046 | w2 CAGR  19.86% DD  -38.95% netexp  +7.44% tpy  10.1 | w1 CAGR  27.53% netexp  +6.69% [2s, 9.7m]
[242/384] g1b_a12_L40_d30_s8_t50_notp_n8                       sig  2046 | w2 CAGR  19.78% DD  -29.59% netexp  +7.79% tpy  14.9 | w1 CAGR  25.18% netexp  +6.19% [2s, 9.7m]
[243/384] g1b_a12_L40_d30_s8_t50_notp_n10                      sig  2046 | w2 CAGR  19.59% DD  -31.39% netexp  +7.88% tpy  18.1 | w1 CAGR  26.42% netexp  +6.55% [3s, 9.8m]
[244/384] g1b_a12_L40_d30_s8_t50_notp_n16                      sig  2046 | w2 CAGR  18.73% DD  -27.79% netexp  +8.83% tpy  36.4 | w1 CAGR  28.02% netexp  +7.80% [4s, 9.9m]
[245/384] g1b_a12_L40_d30_s8_t50_tp25_n5                       sig  2046 | w2 CAGR  21.58% DD  -32.40% netexp  +5.11% tpy  14.8 | w1 CAGR  32.36% netexp  +4.49% [2s, 9.9m]
[246/384] g1b_a12_L40_d30_s8_t50_tp25_n8                       sig  2046 | w2 CAGR  22.61% DD  -30.23% netexp  +5.44% tpy  22.6 | w1 CAGR  32.28% netexp  +4.46% [3s, 9.9m]
[247/384] g1b_a12_L40_d30_s8_t50_tp25_n10                      sig  2046 | w2 CAGR  20.78% DD  -28.28% netexp  +5.23% tpy  26.5 | w1 CAGR  28.23% netexp  +4.18% [3s, 10.0m]
[248/384] g1b_a12_L40_d30_s8_t50_tp25_n16                      sig  2046 | w2 CAGR  16.51% DD  -24.36% netexp  +4.80% tpy  51.6 | w1 CAGR  27.51% netexp  +4.39% [5s, 10.1m]
[249/384] g1b_a12_L40_d30_s8_t150_notp_n5                      sig  2046 | w2 CAGR  23.32% DD  -64.24% netexp +25.80% tpy   4.5 | w1 CAGR  22.64% netexp +11.13% [2s, 10.1m]
[250/384] g1b_a12_L40_d30_s8_t150_notp_n8                      sig  2046 | w2 CAGR  19.67% DD  -52.49% netexp +19.98% tpy   6.8 | w1 CAGR  19.35% netexp  +9.37% [2s, 10.1m]
[251/384] g1b_a12_L40_d30_s8_t150_notp_n10                     sig  2046 | w2 CAGR  20.77% DD  -47.46% netexp +20.15% tpy   8.5 | w1 CAGR  20.62% netexp  +9.92% [3s, 10.2m]
[252/384] g1b_a12_L40_d30_s8_t150_notp_n16                     sig  2046 | w2 CAGR  16.90% DD  -32.93% netexp +15.27% tpy  19.4 | w1 CAGR  19.86% netexp  +9.69% [5s, 10.3m]
[253/384] g1b_a12_L40_d30_s8_t150_tp25_n5                      sig  2046 | w2 CAGR  17.28% DD  -34.38% netexp  +5.52% tpy  11.5 | w1 CAGR  26.34% netexp  +4.84% [2s, 10.3m]
[254/384] g1b_a12_L40_d30_s8_t150_tp25_n8                      sig  2046 | w2 CAGR  18.65% DD  -31.95% netexp  +5.85% tpy  18.0 | w1 CAGR  28.65% netexp  +5.07% [3s, 10.4m]
[255/384] g1b_a12_L40_d30_s8_t150_tp25_n10                     sig  2046 | w2 CAGR  19.48% DD  -29.60% netexp  +6.36% tpy  21.2 | w1 CAGR  30.79% netexp  +5.72% [3s, 10.4m]
[256/384] g1b_a12_L40_d30_s8_t150_tp25_n16                     sig  2046 | w2 CAGR  17.76% DD  -29.38% netexp  +6.50% tpy  43.5 | w1 CAGR  29.24% netexp  +5.77% [5s, 10.5m]
[257/384] g1b_a12_L40_d30_s10_t20_notp_n5                      sig  2046 | w2 CAGR  22.38% DD  -29.49% netexp  +3.91% tpy  19.6 | w1 CAGR  28.36% netexp  +3.00% [2s, 10.5m]
[258/384] g1b_a12_L40_d30_s10_t20_notp_n8                      sig  2046 | w2 CAGR  18.93% DD  -26.97% netexp  +3.39% tpy  29.4 | w1 CAGR  28.76% netexp  +3.04% [2s, 10.6m]
[259/384] g1b_a12_L40_d30_s10_t20_notp_n10                     sig  2046 | w2 CAGR  17.96% DD  -26.61% netexp  +3.30% tpy  34.9 | w1 CAGR  28.62% netexp  +3.09% [3s, 10.6m]
[260/384] g1b_a12_L40_d30_s10_t20_notp_n16                     sig  2046 | w2 CAGR  13.82% DD  -19.48% netexp  +3.06% tpy  62.0 | w1 CAGR  24.25% netexp  +3.10% [4s, 10.7m]
[261/384] g1b_a12_L40_d30_s10_t20_tp25_n5                      sig  2046 | w2 CAGR  22.11% DD  -28.56% netexp  +3.22% tpy  23.1 | w1 CAGR  37.25% netexp  +3.14% [2s, 10.7m]
[262/384] g1b_a12_L40_d30_s10_t20_tp25_n8                      sig  2046 | w2 CAGR  19.96% DD  -26.11% netexp  +3.00% tpy  34.5 | w1 CAGR  33.79% netexp  +2.91% [3s, 10.8m]
[263/384] g1b_a12_L40_d30_s10_t20_tp25_n10                     sig  2046 | w2 CAGR  19.18% DD  -25.61% netexp  +3.02% tpy  39.8 | w1 CAGR  30.47% netexp  +2.75% [3s, 10.8m]
[264/384] g1b_a12_L40_d30_s10_t20_tp25_n16                     sig  2046 | w2 CAGR  14.96% DD  -17.28% netexp  +2.95% tpy  68.6 | w1 CAGR  27.05% netexp  +2.96% [4s, 10.9m]
[265/384] g1b_a12_L40_d30_s10_t30_notp_n5                      sig  2046 | w2 CAGR  24.22% DD  -34.99% netexp  +5.97% tpy  14.2 | w1 CAGR  33.94% netexp  +5.00% [2s, 10.9m]
[266/384] g1b_a12_L40_d30_s10_t30_notp_n8                      sig  2046 | w2 CAGR  20.27% DD  -27.80% netexp  +4.97% tpy  21.9 | w1 CAGR  28.01% netexp  +4.27% [2s, 11.0m]
[267/384] g1b_a12_L40_d30_s10_t30_notp_n10                     sig  2046 | w2 CAGR  18.95% DD  -27.61% netexp  +4.72% tpy  26.7 | w1 CAGR  27.08% netexp  +4.17% [3s, 11.0m]
[268/384] g1b_a12_L40_d30_s10_t30_notp_n16                     sig  2046 | w2 CAGR  15.27% DD  -23.67% netexp  +4.47% tpy  51.1 | w1 CAGR  26.16% netexp  +4.51% [4s, 11.1m]
[269/384] g1b_a12_L40_d30_s10_t30_tp25_n5                      sig  2046 | w2 CAGR  25.90% DD  -27.75% netexp  +4.84% tpy  18.3 | w1 CAGR  34.12% netexp  +3.77% [2s, 11.1m]
[270/384] g1b_a12_L40_d30_s10_t30_tp25_n8                      sig  2046 | w2 CAGR  22.53% DD  -26.91% netexp  +4.31% tpy  28.3 | w1 CAGR  33.02% netexp  +3.65% [3s, 11.1m]
[271/384] g1b_a12_L40_d30_s10_t30_tp25_n10                     sig  2046 | w2 CAGR  20.59% DD  -25.98% netexp  +4.09% tpy  33.0 | w1 CAGR  28.68% netexp  +3.30% [3s, 11.2m]
[272/384] g1b_a12_L40_d30_s10_t30_tp25_n16                     sig  2046 | w2 CAGR  15.72% DD  -21.11% netexp  +3.69% tpy  60.9 | w1 CAGR  28.17% netexp  +3.66% [4s, 11.3m]
[273/384] g1b_a12_L40_d30_s10_t50_notp_n5                      sig  2046 | w2 CAGR  21.49% DD  -39.84% netexp  +8.44% tpy  10.0 | w1 CAGR  29.81% netexp  +7.58% [2s, 11.3m]
[274/384] g1b_a12_L40_d30_s10_t50_notp_n8                      sig  2046 | w2 CAGR  21.09% DD  -32.17% netexp  +8.56% tpy  14.7 | w1 CAGR  32.32% netexp  +8.50% [3s, 11.3m]
[275/384] g1b_a12_L40_d30_s10_t50_notp_n10                     sig  2046 | w2 CAGR  20.27% DD  -30.93% netexp  +8.36% tpy  17.8 | w1 CAGR  30.53% netexp  +8.07% [3s, 11.4m]
[276/384] g1b_a12_L40_d30_s10_t50_notp_n16                     sig  2046 | w2 CAGR  18.31% DD  -27.94% netexp  +8.54% tpy  36.1 | w1 CAGR  26.36% netexp  +7.34% [5s, 11.5m]
[277/384] g1b_a12_L40_d30_s10_t50_tp25_n5                      sig  2046 | w2 CAGR  22.52% DD  -35.04% netexp  +5.35% tpy  14.6 | w1 CAGR  37.39% netexp  +5.09% [2s, 11.5m]
[278/384] g1b_a12_L40_d30_s10_t50_tp25_n8                      sig  2046 | w2 CAGR  22.98% DD  -29.51% netexp  +5.59% tpy  22.3 | w1 CAGR  32.57% netexp  +4.56% [3s, 11.6m]
[279/384] g1b_a12_L40_d30_s10_t50_tp25_n10                     sig  2046 | w2 CAGR  20.87% DD  -28.35% netexp  +5.37% tpy  25.9 | w1 CAGR  29.78% netexp  +4.43% [3s, 11.6m]
[280/384] g1b_a12_L40_d30_s10_t50_tp25_n16                     sig  2046 | w2 CAGR  16.52% DD  -24.49% netexp  +4.88% tpy  51.0 | w1 CAGR  27.17% netexp  +4.41% [5s, 11.7m]
[281/384] g1b_a12_L40_d30_s10_t150_notp_n5                     sig  2046 | w2 CAGR  21.50% DD  -64.24% netexp +25.10% tpy   4.3 | w1 CAGR  21.61% netexp +11.87% [2s, 11.7m]
[282/384] g1b_a12_L40_d30_s10_t150_notp_n8                     sig  2046 | w2 CAGR  20.76% DD  -52.49% netexp +22.54% tpy   6.3 | w1 CAGR  24.47% netexp +13.20% [2s, 11.8m]
[283/384] g1b_a12_L40_d30_s10_t150_notp_n10                    sig  2046 | w2 CAGR  19.51% DD  -47.54% netexp +19.85% tpy   8.2 | w1 CAGR  21.21% netexp +10.74% [3s, 11.8m]
[284/384] g1b_a12_L40_d30_s10_t150_notp_n16                    sig  2046 | w2 CAGR  16.57% DD  -34.91% netexp +15.55% tpy  18.5 | w1 CAGR  20.59% netexp +10.88% [5s, 11.9m]
[285/384] g1b_a12_L40_d30_s10_t150_tp25_n5                     sig  2046 | w2 CAGR  16.26% DD  -33.63% netexp  +5.57% tpy  10.6 | w1 CAGR  28.19% netexp  +5.97% [2s, 11.9m]
[286/384] g1b_a12_L40_d30_s10_t150_tp25_n8                     sig  2046 | w2 CAGR  18.55% DD  -32.20% netexp  +6.40% tpy  16.7 | w1 CAGR  31.28% netexp  +6.12% [2s, 12.0m]
[287/384] g1b_a12_L40_d30_s10_t150_tp25_n10                    sig  2046 | w2 CAGR  18.30% DD  -30.74% netexp  +6.58% tpy  19.6 | w1 CAGR  31.96% netexp  +6.63% [3s, 12.0m]
[288/384] g1b_a12_L40_d30_s10_t150_tp25_n16                    sig  2046 | w2 CAGR  17.82% DD  -29.65% netexp  +6.99% tpy  41.0 | w1 CAGR  28.32% netexp  +6.22% [5s, 12.1m]
[289/384] g1b_a24_L15_d30_s7_t20_notp_n5                       sig  8140 | w2 CAGR  32.54% DD  -43.03% netexp  +3.85% tpy  32.8 | w1 CAGR  50.23% netexp  +4.10% [3s, 12.1m]
[290/384] g1b_a24_L15_d30_s7_t20_notp_n8                       sig  8140 | w2 CAGR  32.56% DD  -39.63% netexp  +3.84% tpy  49.4 | w1 CAGR  44.76% netexp  +3.66% [3s, 12.2m]
[291/384] g1b_a24_L15_d30_s7_t20_notp_n10                      sig  8140 | w2 CAGR  31.68% DD  -37.25% netexp  +3.79% tpy  60.0 | w1 CAGR  42.72% netexp  +3.49% [4s, 12.3m]
[292/384] g1b_a24_L15_d30_s7_t20_notp_n16                      sig  8140 | w2 CAGR  27.86% DD  -30.93% netexp  +3.73% tpy 121.7 | w1 CAGR  45.55% netexp  +3.71% [7s, 12.4m]
[293/384] g1b_a24_L15_d30_s7_t20_tp25_n5                       sig  8140 | w2 CAGR  34.00% DD  -35.39% netexp  +3.04% tpy  39.7 | w1 CAGR  45.20% netexp  +2.90% [3s, 12.4m]
[294/384] g1b_a24_L15_d30_s7_t20_tp25_n8                       sig  8140 | w2 CAGR  35.88% DD  -34.24% netexp  +3.19% tpy  61.5 | w1 CAGR  47.54% netexp  +2.84% [3s, 12.5m]
[295/384] g1b_a24_L15_d30_s7_t20_tp25_n10                      sig  8140 | w2 CAGR  34.10% DD  -30.50% netexp  +3.20% tpy  72.0 | w1 CAGR  40.10% netexp  +2.60% [4s, 12.6m]
[296/384] g1b_a24_L15_d30_s7_t20_tp25_n16                      sig  8140 | w2 CAGR  29.26% DD  -23.67% netexp  +3.18% tpy 143.8 | w1 CAGR  44.22% netexp  +2.84% [8s, 12.7m]
[297/384] g1b_a24_L15_d30_s7_t30_notp_n5                       sig  8140 | w2 CAGR  30.52% DD  -42.70% netexp  +4.85% tpy  24.5 | w1 CAGR  49.67% netexp  +5.66% [3s, 12.7m]
[298/384] g1b_a24_L15_d30_s7_t30_notp_n8                       sig  8140 | w2 CAGR  27.78% DD  -41.43% netexp  +4.39% tpy  38.2 | w1 CAGR  40.92% netexp  +4.47% [4s, 12.8m]
[299/384] g1b_a24_L15_d30_s7_t30_notp_n10                      sig  8140 | w2 CAGR  29.63% DD  -37.68% netexp  +4.80% tpy  46.3 | w1 CAGR  42.83% netexp  +4.61% [4s, 12.9m]
[300/384] g1b_a24_L15_d30_s7_t30_notp_n16                      sig  8140 | w2 CAGR  25.85% DD  -32.93% netexp  +4.43% tpy  99.1 | w1 CAGR  34.99% netexp  +3.83% [7s, 13.0m]
[301/384] g1b_a24_L15_d30_s7_t30_tp25_n5                       sig  8140 | w2 CAGR  35.16% DD  -35.72% netexp  +3.83% tpy  32.4 | w1 CAGR  61.74% netexp  +4.35% [3s, 13.0m]
[302/384] g1b_a24_L15_d30_s7_t30_tp25_n8                       sig  8140 | w2 CAGR  33.82% DD  -33.56% netexp  +3.75% tpy  50.5 | w1 CAGR  56.36% netexp  +3.94% [4s, 13.1m]
[303/384] g1b_a24_L15_d30_s7_t30_tp25_n10                      sig  8140 | w2 CAGR  32.84% DD  -30.40% netexp  +3.85% tpy  59.6 | w1 CAGR  50.50% netexp  +3.71% [4s, 13.2m]
[304/384] g1b_a24_L15_d30_s7_t30_tp25_n16                      sig  8140 | w2 CAGR  28.73% DD  -27.35% netexp  +3.67% tpy 125.4 | w1 CAGR  42.96% netexp  +3.27% [6s, 13.3m]
[305/384] g1b_a24_L15_d30_s7_t50_notp_n5                       sig  8140 | w2 CAGR  24.74% DD  -44.30% netexp  +5.18% tpy  19.8 | w1 CAGR  31.98% netexp  +4.61% [3s, 13.3m]
[306/384] g1b_a24_L15_d30_s7_t50_notp_n8                       sig  8140 | w2 CAGR  24.62% DD  -35.23% netexp  +5.28% tpy  29.6 | w1 CAGR  30.85% netexp  +4.85% [4s, 13.4m]
[307/384] g1b_a24_L15_d30_s7_t50_notp_n10                      sig  8140 | w2 CAGR  26.33% DD  -34.72% netexp  +5.69% tpy  35.7 | w1 CAGR  32.95% netexp  +4.79% [4s, 13.4m]
[308/384] g1b_a24_L15_d30_s7_t50_notp_n16                      sig  8140 | w2 CAGR  24.74% DD  -31.57% netexp  +5.89% tpy  74.8 | w1 CAGR  33.50% netexp  +5.40% [7s, 13.6m]
[309/384] g1b_a24_L15_d30_s7_t50_tp25_n5                       sig  8140 | w2 CAGR  34.86% DD  -38.67% netexp  +4.42% tpy  28.2 | w1 CAGR  45.92% netexp  +3.99% [3s, 13.6m]
[310/384] g1b_a24_L15_d30_s7_t50_tp25_n8                       sig  8140 | w2 CAGR  31.42% DD  -34.56% netexp  +4.14% tpy  43.7 | w1 CAGR  41.60% netexp  +3.61% [4s, 13.7m]
[311/384] g1b_a24_L15_d30_s7_t50_tp25_n10                      sig  8140 | w2 CAGR  31.27% DD  -32.51% netexp  +4.24% tpy  51.9 | w1 CAGR  41.25% netexp  +3.62% [4s, 13.7m]
[312/384] g1b_a24_L15_d30_s7_t50_tp25_n16                      sig  8140 | w2 CAGR  26.65% DD  -26.90% netexp  +3.99% tpy 109.8 | w1 CAGR  38.10% netexp  +3.58% [7s, 13.8m]
[313/384] g1b_a24_L15_d30_s7_t150_notp_n5                      sig  8140 | w2 CAGR  21.99% DD  -58.64% netexp +13.44% tpy   8.9 | w1 CAGR  39.46% netexp +19.50% [3s, 13.9m]
[314/384] g1b_a24_L15_d30_s7_t150_notp_n8                      sig  8140 | w2 CAGR  21.90% DD  -49.97% netexp +13.72% tpy  13.1 | w1 CAGR  37.60% netexp +16.86% [3s, 13.9m]
[315/384] g1b_a24_L15_d30_s7_t150_notp_n10                     sig  8140 | w2 CAGR  24.20% DD  -53.61% netexp +15.28% tpy  16.1 | w1 CAGR  39.29% netexp +18.81% [4s, 14.0m]
[316/384] g1b_a24_L15_d30_s7_t150_notp_n16                     sig  8140 | w2 CAGR  24.35% DD  -52.07% netexp +15.45% tpy  34.8 | w1 CAGR  34.62% netexp +13.49% [7s, 14.1m]
[317/384] g1b_a24_L15_d30_s7_t150_tp25_n5                      sig  8140 | w2 CAGR  29.80% DD  -36.33% netexp  +5.51% tpy  20.1 | w1 CAGR  33.42% netexp  +4.34% [3s, 14.2m]
[318/384] g1b_a24_L15_d30_s7_t150_tp25_n8                      sig  8140 | w2 CAGR  30.60% DD  -34.36% netexp  +5.40% tpy  33.1 | w1 CAGR  38.11% netexp  +4.73% [4s, 14.2m]
[319/384] g1b_a24_L15_d30_s7_t150_tp25_n10                     sig  8140 | w2 CAGR  27.85% DD  -34.19% netexp  +5.17% tpy  39.8 | w1 CAGR  35.65% netexp  +4.47% [5s, 14.3m]
[320/384] g1b_a24_L15_d30_s7_t150_tp25_n16                     sig  8140 | w2 CAGR  26.38% DD  -28.18% netexp  +5.29% tpy  85.3 | w1 CAGR  36.36% netexp  +4.80% [8s, 14.4m]
[321/384] g1b_a24_L15_d30_s8_t20_notp_n5                       sig  8140 | w2 CAGR  31.78% DD  -45.83% netexp  +3.76% tpy  32.6 | w1 CAGR  49.75% netexp  +4.14% [3s, 14.5m]
[322/384] g1b_a24_L15_d30_s8_t20_notp_n8                       sig  8140 | w2 CAGR  32.64% DD  -41.23% netexp  +3.90% tpy  49.2 | w1 CAGR  45.77% netexp  +3.79% [4s, 14.6m]
[323/384] g1b_a24_L15_d30_s8_t20_notp_n10                      sig  8140 | w2 CAGR  31.86% DD  -38.45% netexp  +3.83% tpy  59.6 | w1 CAGR  39.84% netexp  +3.31% [4s, 14.6m]
[324/384] g1b_a24_L15_d30_s8_t20_notp_n16                      sig  8140 | w2 CAGR  27.81% DD  -31.50% netexp  +3.76% tpy 121.4 | w1 CAGR  45.09% netexp  +3.69% [7s, 14.8m]
[325/384] g1b_a24_L15_d30_s8_t20_tp25_n5                       sig  8140 | w2 CAGR  33.50% DD  -38.69% netexp  +3.02% tpy  39.6 | w1 CAGR  41.98% netexp  +2.78% [3s, 14.8m]
[326/384] g1b_a24_L15_d30_s8_t20_tp25_n8                       sig  8140 | w2 CAGR  34.88% DD  -35.53% netexp  +3.13% tpy  61.3 | w1 CAGR  44.79% netexp  +2.79% [4s, 14.9m]
[327/384] g1b_a24_L15_d30_s8_t20_tp25_n10                      sig  8140 | w2 CAGR  34.11% DD  -32.00% netexp  +3.23% tpy  71.6 | w1 CAGR  40.53% netexp  +2.65% [4s, 14.9m]
[328/384] g1b_a24_L15_d30_s8_t20_tp25_n16                      sig  8140 | w2 CAGR  29.09% DD  -24.14% netexp  +3.19% tpy 143.0 | w1 CAGR  44.32% netexp  +2.87% [7s, 15.1m]
[329/384] g1b_a24_L15_d30_s8_t30_notp_n5                       sig  8140 | w2 CAGR  29.31% DD  -42.70% netexp  +4.78% tpy  24.5 | w1 CAGR  40.62% netexp  +4.68% [3s, 15.1m]
[330/384] g1b_a24_L15_d30_s8_t30_notp_n8                       sig  8140 | w2 CAGR  27.72% DD  -40.67% netexp  +4.45% tpy  37.7 | w1 CAGR  37.98% netexp  +4.30% [4s, 15.2m]
[331/384] g1b_a24_L15_d30_s8_t30_notp_n10                      sig  8140 | w2 CAGR  29.14% DD  -38.82% netexp  +4.68% tpy  45.9 | w1 CAGR  40.21% netexp  +4.47% [4s, 15.2m]
[332/384] g1b_a24_L15_d30_s8_t30_notp_n16                      sig  8140 | w2 CAGR  25.24% DD  -33.10% netexp  +4.37% tpy  98.1 | w1 CAGR  33.80% netexp  +3.76% [7s, 15.4m]
[333/384] g1b_a24_L15_d30_s8_t30_tp25_n5                       sig  8140 | w2 CAGR  35.65% DD  -36.65% netexp  +3.88% tpy  32.3 | w1 CAGR  63.13% netexp  +4.49% [3s, 15.4m]
[334/384] g1b_a24_L15_d30_s8_t30_tp25_n8                       sig  8140 | w2 CAGR  33.85% DD  -34.49% netexp  +3.76% tpy  49.8 | w1 CAGR  54.77% netexp  +3.99% [4s, 15.5m]
[335/384] g1b_a24_L15_d30_s8_t30_tp25_n10                      sig  8140 | w2 CAGR  32.57% DD  -30.71% netexp  +3.79% tpy  59.2 | w1 CAGR  50.16% netexp  +3.81% [4s, 15.5m]
[336/384] g1b_a24_L15_d30_s8_t30_tp25_n16                      sig  8140 | w2 CAGR  29.01% DD  -27.52% netexp  +3.75% tpy 124.2 | w1 CAGR  41.32% netexp  +3.19% [7s, 15.7m]
[337/384] g1b_a24_L15_d30_s8_t50_notp_n5                       sig  8140 | w2 CAGR  24.91% DD  -44.47% netexp  +5.22% tpy  19.8 | w1 CAGR  25.10% netexp  +3.81% [3s, 15.7m]
[338/384] g1b_a24_L15_d30_s8_t50_notp_n8                       sig  8140 | w2 CAGR  23.97% DD  -37.25% netexp  +5.14% tpy  29.3 | w1 CAGR  26.90% netexp  +4.07% [3s, 15.8m]
[339/384] g1b_a24_L15_d30_s8_t50_notp_n10                      sig  8140 | w2 CAGR  25.57% DD  -36.24% netexp  +5.58% tpy  35.4 | w1 CAGR  26.78% netexp  +4.03% [4s, 15.8m]
[340/384] g1b_a24_L15_d30_s8_t50_notp_n16                      sig  8140 | w2 CAGR  24.07% DD  -32.94% netexp  +5.74% tpy  74.2 | w1 CAGR  32.43% netexp  +5.24% [6s, 15.9m]
[341/384] g1b_a24_L15_d30_s8_t50_tp25_n5                       sig  8140 | w2 CAGR  34.27% DD  -40.91% netexp  +4.38% tpy  28.1 | w1 CAGR  41.75% netexp  +3.69% [3s, 16.0m]
[342/384] g1b_a24_L15_d30_s8_t50_tp25_n8                       sig  8140 | w2 CAGR  30.15% DD  -33.89% netexp  +4.07% tpy  43.4 | w1 CAGR  37.60% netexp  +3.49% [3s, 16.0m]
[343/384] g1b_a24_L15_d30_s8_t50_tp25_n10                      sig  8140 | w2 CAGR  30.90% DD  -32.89% netexp  +4.24% tpy  51.5 | w1 CAGR  39.77% netexp  +3.70% [4s, 16.1m]
[344/384] g1b_a24_L15_d30_s8_t50_tp25_n16                      sig  8140 | w2 CAGR  25.98% DD  -26.69% netexp  +4.01% tpy 108.3 | w1 CAGR  37.34% netexp  +3.56% [7s, 16.2m]
[345/384] g1b_a24_L15_d30_s8_t150_notp_n5                      sig  8140 | w2 CAGR  22.78% DD  -59.13% netexp +15.21% tpy   8.4 | w1 CAGR  36.83% netexp +19.31% [3s, 16.2m]
[346/384] g1b_a24_L15_d30_s8_t150_notp_n8                      sig  8140 | w2 CAGR  22.47% DD  -50.59% netexp +14.14% tpy  12.8 | w1 CAGR  39.63% netexp +19.80% [3s, 16.3m]
[347/384] g1b_a24_L15_d30_s8_t150_notp_n10                     sig  8140 | w2 CAGR  23.92% DD  -53.87% netexp +15.48% tpy  15.7 | w1 CAGR  40.56% netexp +19.58% [3s, 16.4m]
[348/384] g1b_a24_L15_d30_s8_t150_notp_n16                     sig  8140 | w2 CAGR  24.07% DD  -52.21% netexp +15.69% tpy  33.6 | w1 CAGR  33.66% netexp +14.00% [6s, 16.5m]
[349/384] g1b_a24_L15_d30_s8_t150_tp25_n5                      sig  8140 | w2 CAGR  30.36% DD  -40.14% netexp  +5.86% tpy  19.2 | w1 CAGR  31.91% netexp  +4.42% [3s, 16.5m]
[350/384] g1b_a24_L15_d30_s8_t150_tp25_n8                      sig  8140 | w2 CAGR  29.48% DD  -37.90% netexp  +5.41% tpy  32.1 | w1 CAGR  31.73% netexp  +4.38% [3s, 16.6m]
[351/384] g1b_a24_L15_d30_s8_t150_tp25_n10                     sig  8140 | w2 CAGR  27.80% DD  -36.70% netexp  +5.28% tpy  38.6 | w1 CAGR  31.23% netexp  +4.34% [4s, 16.6m]
[352/384] g1b_a24_L15_d30_s8_t150_tp25_n16                     sig  8140 | w2 CAGR  25.00% DD  -28.89% netexp  +5.24% tpy  81.8 | w1 CAGR  32.25% netexp  +4.73% [6s, 16.7m]
[353/384] g1b_a24_L15_d30_s10_t20_notp_n5                      sig  8140 | w2 CAGR  31.24% DD  -45.13% netexp  +3.73% tpy  32.7 | w1 CAGR  48.00% netexp  +4.02% [3s, 16.8m]
[354/384] g1b_a24_L15_d30_s10_t20_notp_n8                      sig  8140 | w2 CAGR  32.50% DD  -41.23% netexp  +3.90% tpy  49.0 | w1 CAGR  42.02% netexp  +3.53% [3s, 16.8m]
[355/384] g1b_a24_L15_d30_s10_t20_notp_n10                     sig  8140 | w2 CAGR  31.75% DD  -38.46% netexp  +3.84% tpy  59.4 | w1 CAGR  40.67% netexp  +3.38% [4s, 16.9m]
[356/384] g1b_a24_L15_d30_s10_t20_notp_n16                     sig  8140 | w2 CAGR  27.79% DD  -31.54% netexp  +3.74% tpy 121.4 | w1 CAGR  45.00% netexp  +3.67% [6s, 17.0m]
[357/384] g1b_a24_L15_d30_s10_t20_tp25_n5                      sig  8140 | w2 CAGR  32.49% DD  -38.86% netexp  +2.95% tpy  39.5 | w1 CAGR  42.75% netexp  +2.85% [2s, 17.0m]
[358/384] g1b_a24_L15_d30_s10_t20_tp25_n8                      sig  8140 | w2 CAGR  33.28% DD  -36.00% netexp  +3.03% tpy  61.0 | w1 CAGR  46.26% netexp  +2.82% [3s, 17.1m]
[359/384] g1b_a24_L15_d30_s10_t20_tp25_n10                     sig  8140 | w2 CAGR  33.29% DD  -32.16% netexp  +3.15% tpy  71.7 | w1 CAGR  39.31% netexp  +2.58% [4s, 17.2m]
[360/384] g1b_a24_L15_d30_s10_t20_tp25_n16                     sig  8140 | w2 CAGR  29.33% DD  -24.24% netexp  +3.20% tpy 142.9 | w1 CAGR  44.30% netexp  +2.87% [6s, 17.2m]
[361/384] g1b_a24_L15_d30_s10_t30_notp_n5                      sig  8140 | w2 CAGR  28.40% DD  -42.70% netexp  +4.63% tpy  24.3 | w1 CAGR  43.76% netexp  +5.08% [3s, 17.3m]
[362/384] g1b_a24_L15_d30_s10_t30_notp_n8                      sig  8140 | w2 CAGR  27.65% DD  -39.93% netexp  +4.46% tpy  37.4 | w1 CAGR  39.49% netexp  +4.44% [3s, 17.3m]
[363/384] g1b_a24_L15_d30_s10_t30_notp_n10                     sig  8140 | w2 CAGR  28.75% DD  -38.90% netexp  +4.70% tpy  45.6 | w1 CAGR  38.12% netexp  +4.31% [4s, 17.4m]
[364/384] g1b_a24_L15_d30_s10_t30_notp_n16                     sig  8140 | w2 CAGR  25.40% DD  -32.48% netexp  +4.42% tpy  97.7 | w1 CAGR  32.99% netexp  +3.70% [6s, 17.5m]
[365/384] g1b_a24_L15_d30_s10_t30_tp25_n5                      sig  8140 | w2 CAGR  33.03% DD  -36.03% netexp  +3.71% tpy  31.9 | w1 CAGR  56.07% netexp  +4.13% [3s, 17.6m]
[366/384] g1b_a24_L15_d30_s10_t30_tp25_n8                      sig  8140 | w2 CAGR  32.98% DD  -34.32% netexp  +3.66% tpy  49.8 | w1 CAGR  52.05% netexp  +3.82% [4s, 17.6m]
[367/384] g1b_a24_L15_d30_s10_t30_tp25_n10                     sig  8140 | w2 CAGR  32.33% DD  -30.55% netexp  +3.78% tpy  58.8 | w1 CAGR  50.19% netexp  +3.81% [4s, 17.7m]
[368/384] g1b_a24_L15_d30_s10_t30_tp25_n16                     sig  8140 | w2 CAGR  28.87% DD  -27.36% netexp  +3.76% tpy 123.5 | w1 CAGR  41.28% netexp  +3.22% [6s, 17.8m]
[369/384] g1b_a24_L15_d30_s10_t50_notp_n5                      sig  8140 | w2 CAGR  23.30% DD  -44.35% netexp  +5.20% tpy  19.3 | w1 CAGR  33.77% netexp  +5.25% [3s, 17.8m]
[370/384] g1b_a24_L15_d30_s10_t50_notp_n8                      sig  8140 | w2 CAGR  25.77% DD  -36.13% netexp  +5.74% tpy  28.4 | w1 CAGR  31.53% netexp  +5.11% [3s, 17.9m]
[371/384] g1b_a24_L15_d30_s10_t50_notp_n10                     sig  8140 | w2 CAGR  25.91% DD  -34.48% netexp  +5.89% tpy  34.0 | w1 CAGR  35.66% netexp  +5.85% [3s, 17.9m]
[372/384] g1b_a24_L15_d30_s10_t50_notp_n16                     sig  8140 | w2 CAGR  24.70% DD  -33.32% netexp  +6.23% tpy  72.1 | w1 CAGR  33.58% netexp  +5.72% [6s, 18.0m]
[373/384] g1b_a24_L15_d30_s10_t50_tp25_n5                      sig  8140 | w2 CAGR  30.65% DD  -38.78% netexp  +4.24% tpy  27.1 | w1 CAGR  40.74% netexp  +3.79% [3s, 18.1m]
[374/384] g1b_a24_L15_d30_s10_t50_tp25_n8                      sig  8140 | w2 CAGR  30.46% DD  -34.52% netexp  +4.19% tpy  41.9 | w1 CAGR  36.13% netexp  +3.46% [4s, 18.2m]
[375/384] g1b_a24_L15_d30_s10_t50_tp25_n10                     sig  8140 | w2 CAGR  29.06% DD  -32.67% netexp  +4.24% tpy  49.4 | w1 CAGR  40.01% netexp  +3.92% [4s, 18.2m]
[376/384] g1b_a24_L15_d30_s10_t50_tp25_n16                     sig  8140 | w2 CAGR  26.81% DD  -26.43% netexp  +4.19% tpy 105.6 | w1 CAGR  37.44% netexp  +3.70% [7s, 18.3m]
[377/384] g1b_a24_L15_d30_s10_t150_notp_n5                     sig  8140 | w2 CAGR  23.40% DD  -61.05% netexp +16.41% tpy   8.0 | w1 CAGR  42.31% netexp +23.85% [3s, 18.4m]
[378/384] g1b_a24_L15_d30_s10_t150_notp_n8                     sig  8140 | w2 CAGR  22.97% DD  -52.29% netexp +15.66% tpy  11.9 | w1 CAGR  37.55% netexp +20.41% [3s, 18.4m]
[379/384] g1b_a24_L15_d30_s10_t150_notp_n10                    sig  8140 | w2 CAGR  24.15% DD  -54.07% netexp +16.45% tpy  14.7 | w1 CAGR  40.04% netexp +21.45% [4s, 18.5m]
[380/384] g1b_a24_L15_d30_s10_t150_notp_n16                    sig  8140 | w2 CAGR  23.94% DD  -52.28% netexp +16.86% tpy  31.4 | w1 CAGR  32.03% netexp +14.91% [6s, 18.6m]
[381/384] g1b_a24_L15_d30_s10_t150_tp25_n5                     sig  8140 | w2 CAGR  27.75% DD  -42.92% netexp  +5.85% tpy  18.2 | w1 CAGR  30.89% netexp  +4.63% [3s, 18.6m]
[382/384] g1b_a24_L15_d30_s10_t150_tp25_n8                     sig  8140 | w2 CAGR  28.40% DD  -38.04% netexp  +5.71% tpy  29.7 | w1 CAGR  31.03% netexp  +4.62% [3s, 18.7m]
[383/384] g1b_a24_L15_d30_s10_t150_tp25_n10                    sig  8140 | w2 CAGR  27.61% DD  -37.64% netexp  +5.78% tpy  35.5 | w1 CAGR  31.73% netexp  +4.76% [4s, 18.8m]
[384/384] g1b_a24_L15_d30_s10_t150_tp25_n16                    sig  8140 | w2 CAGR  25.37% DD  -29.72% netexp  +5.88% tpy  75.0 | w1 CAGR  32.80% netexp  +5.33% [6s, 18.9m]
PHASE DONE
