SPEC: {"name": "IPO-Base MID (6-month band)", "max_age_m": 6, "min_bars": 25, "L": 25, "max_depth": 0.3, "rs_policy": "off", "rs_min": 70.0, "tight_max": null, "pivot_mode": "close", "stop": 0.08, "trail": 20, "target": 0.25, "slots": 8, "size_pct": 0.1875, "risk_pct": null, "stop_mode": "pct", "cost": 0.0025, "gate": false, "fill_close": false}
[ctx] 1293 vetted listings
[ctx]   loaded 800/2596 (9s)
[ctx]   loaded 1600/2596 (17s)
[ctx]   loaded 2400/2596 (25s)
[ctx] wide panel (5276, 2596) (43s)
[ctx] 786 tradeable young-listing symbols
/home/arun/quantifyd/research/153_ipo_base/scripts/ipo_replay.py:147: RuntimeWarning: All-NaN slice encountered
  np.nanmax(np.stack([hi - lo_, np.abs(hi - pc), np.abs(lo_ - pc)]), axis=0),
[ctx] ready (51s)
signals in panel: 1541

=== ADOPTED-SPEC 30-SEED ENSEMBLE (W2 2006->2026, after-tax, 25bps, cash 5%) ===
  CAGR   31.03 [28.82..33.44]  worst seed 28.82%
  MaxDD  -20.88 [-23.23..-18.74]  worst -23.23%
  Calmar 1.499   terminal x 266.79
  trades/yr 32.6  win 49.0%  avgW 15.42%  avgL -4.23%  mean 5.39%  netexp 4.89%
  max losing streak 14  hold 19d   invested 32.7% of NAV
  -> wrote results/ipo_equity_seeds.csv (5128, 30) and ipo_adopted_spec.json

=== W1 2020-2025 (the site's window) === CAGR 44.57 [39.24..49.58]  DD -20.78%  Calmar 2.178  tpy 63.1

=== PER YEAR (median across 30 seeds; intra-year max drawdown) ===
      ret_med  ret_min  ret_max  intra_dd_med
2006    52.20    52.20    52.20        -11.41
2007    97.25    85.22    97.25        -12.13
2008     4.15     4.15     4.89        -12.47
2009     3.08     3.08     3.08         -3.77
2010    33.20    33.20    33.20         -8.95
2011    13.31    13.31    13.31         -6.91
2012     2.52     2.52     2.52         -3.93
2013     5.08     5.08     5.08          0.00
2014     5.00     5.00     5.00          0.00
2015    13.88    13.87    13.88         -6.68
2016    48.67    47.96    53.98         -9.27
2017    60.03    55.63    67.99         -7.51
2018     0.01    -2.63     2.55        -18.28
2019    14.26    14.26    14.26         -8.04
2020    88.10    88.09    88.10         -7.29
2021    40.74    34.72    57.47        -12.22
2022    14.96    10.93    22.60        -15.10
2023    71.32    46.32    99.19        -16.29
2024    77.83    61.63    98.01        -13.75
2025    -1.41    -9.11    11.34        -20.17
2026    66.52    40.30   102.66         -9.24

=== COST LADDER (bps per side) ===
  cost 25bps (headline)              CAGR  31.03 [ 28.82.. 33.44]  DD  -20.88%  Calmar  1.50  tpy  32.6 
  cost 40bps                         CAGR  28.77 [ 26.83.. 30.02]  DD  -22.32%  Calmar  1.28  tpy  32.7 (10 seeds)
  cost 60bps                         CAGR  25.76 [ 24.15.. 27.75]  DD  -23.93%  Calmar  1.07  tpy  32.6 (10 seeds)

=== MARKET GATE (NIFTYBEES < SMA200 blocks entries), paired on seed ===
  gate ON                            CAGR  25.74 [ 24.77.. 27.02]  DD  -18.73%  Calmar  1.35  tpy  27.7 
  paired delta (gate ON - OFF): median -5.23pp, gate wins 0/30 seeds

=== FILL MECHANIC ===
  fill at signal-day CLOSE           CAGR  16.98 [ 15.10.. 19.01]  DD  -32.67%  Calmar  0.52  tpy  31.9 
  paired delta (close-fill - pivot-fill): median -14.08pp, close-fill wins 0/30

=== OUTLIER DEPENDENCE (re-priced trade returns; NAV effect approximated by re-running with winners capped) ===
  sum of trade returns: total median 36.40, top-10 trades median 3.90 (11% of the summed return)
  mean per-trade return with winners capped at +50%: 5.39% (uncapped 5.39%)
  mean per-trade return with winners capped at +100%: 5.39% (uncapped 5.39%)
  mean per-trade return excluding each seed's 10 best trades: 4.89%  (net of 50bps round trip: 4.39%)

=== NULL CONTROLS (all fills at the CLOSE on both arms, for a fair pairing) ===
  REAL signal (close fill)           CAGR  16.98 [ 15.10.. 19.01]  DD  -32.67%  Calmar  0.52  tpy  31.9 
  NULL random young+liquid, date-matched CAGR  15.25 [ 13.82.. 16.30]  DD  -36.30%  Calmar  0.42  tpy  42.6 
  paired delta (real - null): median +1.75pp CAGR, real wins 29/30 seeds
  per-trade: real 3.25% vs null 2.29%  -> edge +0.96pp/trade

=== COHORT DRIFT NULL (equal-weight hold of every young+liquid name, monthly) ===
  cohort equal-weight drift: CAGR 17.76%  DD -82.62%  (gross, no costs/tax)

=== CAPACITY (position notional vs the name's 20d median traded value) ===
  book Rs 10,00,000: median 3.456% of daily traded value, p90 20.511%, p99 48.424%
  scaled to Rs 1 cr: median 34.56%, p90 205.11%, p99 484.24% of daily traded value
  scaled to Rs 10 cr: median 345.61%, p90 2051.08%, p99 4842.45% of daily traded value
  scaled to Rs 50 cr: median 1728.03%, p90 10255.38%, p99 24212.24% of daily traded value

=== SURVIVORSHIP inside the traded cohort ===
  traded universe: 334 distinct names; 41 of them have a series that ends >90d early
  5.1% of trades were in such names; their mean return 2.70% vs 5.52% for the rest
  (dead-name series ARE retained in the DB and DO get traded and stopped out; the unmeasurable residual is names never onboarded to Kite at all)

G3 DONE
