==============================================================================
PHASE 0 RECON — research/153 IPO Base
DB: /home/arun/quantifyd/backtest_data/market_data.db
==============================================================================

[1] COVERAGE: 2671 symbols, dates 2000-01-03 -> 2026-09-04
    rows total: 6,678,438
    distinct trading dates: 6636

[2] FIRST-ROW-DATE COHORTS (the listing-date proxy)
    year  n_syms  median_rows   (a spike at the coverage floor = NOT real listings)
    2000      2      6502   
    2003     31      5839   #######
    2004      4      5447   #
    2005    490      5358   ############################################################
    2006     71      4962   #################
    2007    100      4777   #########################
    2008     38      4541   #########
    2009     20      4161   #####
    2010     81      3965   ####################
    2011     66      3711   ################
    2012     27      3476   ######
    2013     19      3245   ####
    2014     19      2958   ####
    2015    182      2799   #############################################
    2016     94      2472   #######################
    2017    140      2232   ###################################
    2018    104      2013   ##########################
    2019     58      1744   ##############
    2020     66      1470   ################
    2021    137      1245   ##################################
    2022    137      1008   ##################################
    2023    150       743   #####################################
    2024    193       512   ################################################
    2025    280       212   ############################################################
    2026    162        94   ########################################
    symbols with first row >= 2005-01-01: 2634
    symbols with first row >= 2010-01-01: 1915
    symbols with first row >= 2015-01-01: 1703
    symbols with first row >= 2018-01-01: 1287
    symbols with first row >= 2020-01-01: 1125

[3] SURVIVORSHIP PROBE — symbols whose series ENDS >90d before DB max
    240 / 2671 (9.0%) end early
    by listing cohort (proxy):
      2005:  490 listed-proxy,   2 end early (  0.4%)
      2006:   71 listed-proxy,   1 end early (  1.4%)
      2007:  100 listed-proxy,   0 end early (  0.0%)
      2008:   38 listed-proxy,   1 end early (  2.6%)
      2009:   20 listed-proxy,   0 end early (  0.0%)
      2010:   81 listed-proxy,   6 end early (  7.4%)
      2011:   66 listed-proxy,   6 end early (  9.1%)
      2012:   27 listed-proxy,   2 end early (  7.4%)
      2013:   19 listed-proxy,   2 end early ( 10.5%)
      2014:   19 listed-proxy,   2 end early ( 10.5%)
      2015:  182 listed-proxy,  11 end early (  6.0%)
      2016:   94 listed-proxy,   9 end early (  9.6%)
      2017:  140 listed-proxy,  15 end early ( 10.7%)
      2018:  104 listed-proxy,   9 end early (  8.7%)
      2019:   58 listed-proxy,   5 end early (  8.6%)
      2020:   66 listed-proxy,   6 end early (  9.1%)
      2021:  137 listed-proxy,   6 end early (  4.4%)
      2022:  137 listed-proxy,   6 end early (  4.4%)
      2023:  150 listed-proxy,   9 end early (  6.0%)
      2024:  193 listed-proxy,   5 end early (  2.6%)
      2025:  280 listed-proxy, 136 end early ( 48.6%)
      2026:  162 listed-proxy,   0 end early (  0.0%)

    inspecting 235 early-ending post-2010-listing symbols for terminal price behaviour (sample <=60) ...
      median terminal drawdown from peak: -42.9%
      median total return listing->last:  -13.2%
      share ending >50% below peak: 45%

[4] PHANTOM HOLIDAY ROWS (sparse day, >90% zero volume)
    none found since 2024-01-01 — purge intact

[5] SPLIT-SCALE SANITY — single-day close gaps >3x or <1/3 (post-2010 listings)
    scanning 1753 post-2010-listing symbols ...
    42 suspects (listed in results/recon_split_suspects.csv)
    symbol       date    prev     now       ratio
ABSLLIQUID 2023-03-16    3.85 1000.01  259.742857
   ARIHANT 2026-04-20   39.65  907.55   22.889029
  CCAVENUE 2018-09-28   44.05   12.86    0.291941
      CCCL 2024-09-03    1.50   11.44    7.626667
   COHANCE 2020-03-09    0.30  337.05 1123.500000
  DCMSRIND 2025-12-26  172.16   54.52    0.316682
 DELHIVERY 2022-05-24    5.75  536.35   93.278261
   DIACABS 2023-09-18   19.50    2.33    0.119487
    FUSION 2022-11-15    3.24  314.50   97.067901
GILT5YBEES 2021-04-08   10.00   47.70    4.770000
     GLOBE 2021-08-20    2.76    8.64    3.130435
   GOLDETF 2015-12-31    3.05   36.90   12.098361
 GOYALALUM 2022-11-04    1.50  143.05   95.366667
   GVPTECH 2022-09-22    6.67   36.55    5.479760
   HARDWYN 2022-06-21   80.84    5.99    0.074097
 HEALTHADD 2026-05-18  158.41   15.90    0.100372
  INFIBEAM 2018-09-28   41.45   12.09    0.291677
IRISDOREME 2018-11-16    8.72    2.32    0.266055
      JLHL 2026-05-18 1326.50  267.60    0.201734
    KINGFA 2016-11-15  268.78  877.94    3.266389
  KRISHANA 2026-05-18  669.65  133.10    0.198761
     KRITI 2021-11-01    7.67  118.29   15.422425
LATENTVIEW 2021-11-23   65.06  488.75    7.512296
   LATTEYS 2018-06-20   25.00    5.30    0.212000
  LEMERITE 2026-05-18  470.05   92.25    0.196256

[6] CANDIDATE DENSITY — young + liquid symbol-days
/home/arun/quantifyd/research/153_ipo_base/scripts/ipo_recon.py:155: UserWarning: This pattern is interpreted as a regular expression, and has match groups. To actually get the groups, use str.extract.
  elig_syms = cov[(cov.n >= 40) & (~cov.symbol.str.contains(ETF_RE, regex=True))].copy()
    2480 non-ETF symbols with >=40 daily rows

    months  symbols_with_any_young_liquid_day   total_young_liquid_symbol_days
         3                                 842                          25,938
         6                                 929                          56,268
        12                                1028                         112,207
        24                                1147                         210,091
        36                                1236                         306,756

    new-listing cohort (proxy) that becomes liquid within 24m of listing:
      2010:   81 proxy-listings,   35 become liquid-young
      2011:   66 proxy-listings,   11 become liquid-young
      2012:   27 proxy-listings,    7 become liquid-young
      2013:   19 proxy-listings,    4 become liquid-young
      2014:   19 proxy-listings,    8 become liquid-young
      2015:  182 proxy-listings,   25 become liquid-young
      2016:   94 proxy-listings,   34 become liquid-young
      2017:  140 proxy-listings,   41 become liquid-young
      2018:  104 proxy-listings,   26 become liquid-young
      2019:   58 proxy-listings,   30 become liquid-young
      2020:   66 proxy-listings,   31 become liquid-young
      2021:  137 proxy-listings,   86 become liquid-young
      2022:  137 proxy-listings,   68 become liquid-young
      2023:  150 proxy-listings,   95 become liquid-young
      2024:  193 proxy-listings,  134 become liquid-young
      2025:  280 proxy-listings,  167 become liquid-young
      2026:  162 proxy-listings,   31 become liquid-young

DONE — recon artefacts in results/recon_*.csv|json
