SENSEX candidate days: 89 (2026-04-20 .. 2026-08-26)
  SKIP 2026-04-20: thin (78 mins)
  2026-04-27 dte=3 -> no leg SL all day (both held to EOD)
  2026-04-28 dte=2 wd=Tue -> 1 episode(s) ATM@12:24
  2026-04-29 dte=1 wd=Wed -> 2 episode(s) ATM@09:52,ATM4@10:01
  2026-04-30 dte=0 -> DTE0 - no per-leg stop, no survivor route
  SKIP 2026-05-01: frozen chain (holiday guard)
  2026-05-04 dte=3 wd=Mon -> 1 episode(s) ATM@12:14
  2026-05-05 dte=2 wd=Tue -> 2 episode(s) ATM@10:26,ATM4@13:07
  2026-05-06 dte=1 wd=Wed -> 2 episode(s) ATM@09:36,ATM4@12:23
  2026-05-07 dte=0 -> DTE0 - no per-leg stop, no survivor route
  2026-05-08 dte=4 -> no leg SL all day (both held to EOD)
  2026-05-11 dte=3 -> no leg SL all day (both held to EOD)
  2026-05-12 dte=2 wd=Tue -> 2 episode(s) ATM@09:33,ATM4@12:31
  2026-05-13 dte=1 wd=Wed -> 2 episode(s) ATM@09:36,ATM4@09:57
  2026-05-14 dte=0 -> DTE0 - no per-leg stop, no survivor route
  2026-05-15 dte=4 -> no leg SL all day (both held to EOD)
  2026-05-18 dte=3 wd=Mon -> 2 episode(s) ATM@11:25,ATM4@12:37
  2026-05-19 dte=2 wd=Tue -> 2 episode(s) ATM@09:36,ATM4@09:44
  2026-05-20 dte=1 wd=Wed -> 2 episode(s) ATM@09:35,ATM4@11:50
  2026-05-21 dte=0 -> DTE0 - no per-leg stop, no survivor route
  2026-05-22 dte=3 wd=Fri -> 2 episode(s) ATM@11:46,ATM4@14:38
  2026-05-25 dte=2 wd=Mon -> 0 episode(s) 
  2026-05-26 dte=1 wd=Tue -> 2 episode(s) ATM@12:51,ATM4@14:04
  2026-05-27 dte=0 -> DTE0 - no per-leg stop, no survivor route
  SKIP 2026-05-28: frozen chain (holiday guard)
  2026-05-29 dte=4 wd=Fri -> 2 episode(s) ATM@09:29,ATM4@13:24
  2026-06-01 dte=3 wd=Mon -> 2 episode(s) ATM@10:04,ATM4@14:02
  2026-06-02 dte=2 wd=Tue -> 2 episode(s) ATM@10:27,ATM4@10:55
  2026-06-03 dte=1 wd=Wed -> 2 episode(s) ATM@09:19,ATM4@12:00
  2026-06-04 dte=0 -> DTE0 - no per-leg stop, no survivor route
  2026-06-05 dte=4 wd=Fri -> 2 episode(s) ATM@10:40,ATM4@11:06
  2026-06-08 dte=3 wd=Mon -> 2 episode(s) ATM@12:44,ATM4@13:47
  2026-06-09 dte=2 wd=Tue -> 2 episode(s) ATM@10:50,ATM4@14:40
  2026-06-10 dte=1 wd=Wed -> 2 episode(s) ATM@09:47,ATM4@14:45
  2026-06-11 dte=0 -> DTE0 - no per-leg stop, no survivor route
  2026-06-12 dte=4 wd=Fri -> 2 episode(s) ATM@12:45,ATM4@13:32
  2026-06-15 dte=3 wd=Mon -> 1 episode(s) ATM@13:52
  2026-06-16 dte=2 wd=Tue -> 1 episode(s) ATM@14:11
  2026-06-17 dte=1 wd=Wed -> 1 episode(s) ATM@09:59
  2026-06-18 dte=0 -> DTE0 - no per-leg stop, no survivor route
  2026-06-19 dte=4 -> no leg SL all day (both held to EOD)
  2026-06-22 dte=3 -> no leg SL all day (both held to EOD)
  2026-06-23 dte=2 wd=Tue -> 2 episode(s) ATM@09:40,ATM4@11:46
  2026-06-24 dte=1 wd=Wed -> 2 episode(s) ATM@10:08,ATM4@10:22
  2026-06-25 dte=0 -> DTE0 - no per-leg stop, no survivor route
  SKIP 2026-06-26: frozen chain (holiday guard)
  2026-06-29 dte=3 wd=Mon -> 2 episode(s) ATM@09:32,ATM4@10:28
  2026-06-30 dte=2 wd=Tue -> 2 episode(s) ATM@09:22,ATM4@11:25
  2026-07-01 dte=1 wd=Wed -> 2 episode(s) ATM@09:59,ATM4@10:22
  2026-07-02 dte=0 -> DTE0 - no per-leg stop, no survivor route
  2026-07-03 dte=4 -> no leg SL all day (both held to EOD)
  2026-07-06 dte=3 wd=Mon -> 1 episode(s) ATM@10:51
  2026-07-07 dte=2 wd=Tue -> 2 episode(s) ATM@11:13,ATM4@12:39
  2026-07-08 dte=1 wd=Wed -> 2 episode(s) ATM@09:30,ATM4@10:42
  2026-07-09 dte=0 -> DTE0 - no per-leg stop, no survivor route
  2026-07-10 dte=4 -> no leg SL all day (both held to EOD)
  2026-07-13 dte=3 wd=Mon -> 2 episode(s) ATM@09:43,ATM4@10:29
  2026-07-14 dte=2 wd=Tue -> 1 episode(s) ATM@09:21
  2026-07-15 dte=1 wd=Wed -> 2 episode(s) ATM@09:20,ATM4@09:26
  2026-07-16 dte=0 -> DTE0 - no per-leg stop, no survivor route
  2026-07-17 dte=4 wd=Fri -> 2 episode(s) ATM@09:47,ATM4@14:16
  2026-07-20 dte=3 -> no leg SL all day (both held to EOD)
  2026-07-21 dte=2 wd=Tue -> 1 episode(s) ATM@10:40
  2026-07-22 dte=1 wd=Wed -> 2 episode(s) ATM@10:24,ATM4@12:20
  2026-07-23 dte=0 -> DTE0 - no per-leg stop, no survivor route
  2026-07-24 dte=4 wd=Fri -> 1 episode(s) ATM@12:29
  2026-07-27 dte=3 -> no leg SL all day (both held to EOD)
  2026-07-28 dte=2 wd=Tue -> 2 episode(s) ATM@10:08,ATM4@10:45
  2026-07-29 dte=1 wd=Wed -> 1 episode(s) ATM@13:11
  2026-07-30 dte=0 -> DTE0 - no per-leg stop, no survivor route
  2026-07-31 dte=4 -> no leg SL all day (both held to EOD)
  2026-08-03 dte=3 -> no leg SL all day (both held to EOD)
  2026-08-04 dte=2 wd=Tue -> 2 episode(s) ATM@11:47,ATM4@12:01
  2026-08-05 dte=1 wd=Wed -> 2 episode(s) ATM@09:27,ATM4@11:56
  2026-08-06 dte=0 -> DTE0 - no per-leg stop, no survivor route
  2026-08-07 dte=4 -> no leg SL all day (both held to EOD)
  2026-08-10 dte=3 -> no leg SL all day (both held to EOD)
  2026-08-11 dte=2 wd=Tue -> 1 episode(s) ATM@11:10
  2026-08-12 dte=1 wd=Wed -> 2 episode(s) ATM@10:08,ATM4@11:02
  2026-08-13 dte=0 -> DTE0 - no per-leg stop, no survivor route
  2026-08-14 dte=4 -> no leg SL all day (both held to EOD)
  2026-08-17 dte=3 wd=Mon -> 2 episode(s) ATM@10:44,ATM4@12:33
  2026-08-18 dte=2 wd=Tue -> 1 episode(s) ATM@10:53
  2026-08-19 dte=1 wd=Wed -> 1 episode(s) ATM@10:30
  2026-08-20 dte=0 -> DTE0 - no per-leg stop, no survivor route
  2026-08-21 dte=4 -> no leg SL all day (both held to EOD)
  2026-08-24 dte=3 wd=Mon -> 1 episode(s) ATM@11:00
  2026-08-25 dte=2 wd=Tue -> 2 episode(s) ATM@09:20,ATM4@10:24
  SKIP 2026-08-26: partial session (last 12:14)
DONE: usable days=84 episodes=86
